Microchip MPLAB XC8 Compiler V2.32

Linker command line:

-W-3 --edf=C:\Program Files\Microchip\xc8\v2.32\pic\dat\en_msgs.txt \
  -pivt0x8=08h -cn -h+dist/default/debug\CrazyCar.X.debug.sym \
  --cmf=dist/default/debug\CrazyCar.X.debug.cmf -z -Q18F46K42 \
  -oC:\Users\Simon\AppData\Local\Temp\xcAsm50.4 --defsym=__MPLAB_BUILD=1 \
  -Mdist/default/debug/CrazyCar.X.debug.map -E1 -ver=XC8 Compiler \
  --acfsm=1493 -ASTACK=0120h-0FFFh -pstack=STACK -ACODE=00h-0FFFFh \
  -ACONST=00h-0FFFFh -ASMALLCONST=01000h-010FFhx240 \
  -AMEDIUMCONST=01000h-0FFFFh -ACOMRAM=01h-05Fh -AABS1=00h-0FFFh \
  -ABIGRAM=01h-0FFFh -ARAM=060h-0FFh,0100h-01FFhx15 -ABANK0=060h-0FFh \
  -ABANK1=0100h-01FFh -ABANK2=0200h-02FFh -ABANK3=0300h-03FFh \
  -ABANK4=0400h-04FFh -ABANK5=0500h-05FFh -ABANK6=0600h-06FFh \
  -ABANK7=0700h-07FFh -ABANK8=0800h-08FFh -ABANK9=0900h-09FFh \
  -ABANK10=0A00h-0AFFh -ABANK11=0B00h-0BFFh -ABANK12=0C00h-0CFFh \
  -ABANK13=0D00h-0DFFh -ABANK14=0E00h-0EFFh -ABANK15=0F00h-0FFFh \
  -ASFR=03800h-038FFhx7,03F00h-03F5Fh,03F60h-03FFFh \
  -ACONFIG=0300000h-0300009h -AIDLOC=0200000h-020000Fh \
  -AEEDATA=0310000h-03103FFh -peeprom_data=EEDATA -preset_vec=00h \
  -ppowerup=CODE,init -pramtop=01000h -psmallconst=SMALLCONST \
  -pmediumconst=MEDIUMCONST -pconst=CONST -AFARRAM=00h-00h \
  -prdata=COMRAM,nvrram=COMRAM,nvbit=COMRAM,rbss=COMRAM,rbit=COMRAM \
  -pfarbss=FARRAM,fardata=FARRAM,nvFARRAM=FARRAM \
  -pintsave_regs=BIGRAM,bigbss=BIGRAM,bigdata=BIGRAM -pbss=RAM \
  -pidata=CODE,irdata=CODE,ibigdata=CODE,ifardata=CODE -prparam=COMRAM \
  C:\Users\Simon\AppData\Local\Temp\xcAsm50.o \
  dist/default/debug\CrazyCar.X.debug.o 

Object code version is 3.11

Machine type is 18F46K42



                Name                               Link     Load   Length Selector   Space Scale
C:\Users\Simon\AppData\Local\Temp\xcAsm50.o
                idloc                            200000   200000       10        0       5
                config                           300000   300000        A        0       4
                init                                 AE       AE        4        4       0
                reset_vec                             0        0        4        0       0
dist/default/debug\CrazyCar.X.debug.o
                idloc                            200000   200000       10        0       5
                config                           300000   300000        A        0       4
                smallconst                         1000     1000       42      800       0
                ivt0x8                                8        8       A6        4       0
                text90                             4184     4184       28      FD8       0
                text89                             3AD8     3AD8       54      821       0
                text88                             3A84     3A84       54      821       0
                text87                             41F6     41F6       24      FD8       0
                text86                             4130     4130       2C      FD8       0
                text85                             42EA     42EA        E      FD8       0
                text84                             4256     4256       1C      FD8       0
                text83                             3F60     3F60       32      FD8       0
                text82                             3FF2     3FF2       30      FD8       0
                text81                             3EF8     3EF8       34      F53       0
                text80                             3FC2     3FC2       30      FD8       0
                text79                             3EC4     3EC4       34      F53       0
                text78                             436C     436C        2      FD8       0
                text77                             436A     436A        2      FD8       0
                text76                             4362     4362        4      FD8       0
                text75                             407E     407E       2E      FD8       0
                text74                             3C98     3C98       3C      821       0
                text73                             4104     4104       2C      FD8       0
                text72                             435C     435C        6      FD8       0
                text71                             4368     4368        2      FD8       0
                text70                             4366     4366        2      FD8       0
                text69                             35BE     35BE       C0      821       0
                text68                             3D4C     3D4C       3A      F53       0
                text67                             3C0C     3C0C       48      821       0
                text66                             3D10     3D10       3A      F44       0
                text65                             3A28     3A28       5C      821       0
                text64                             4352     4352        A      FD8       0
                text63                             4050     4050       2E      FD8       0
                text62                             4348     4348        A      FD8       0
                text61                             4022     4022       2E      FD8       0
                text60                             40D8     40D8       2C      FD8       0
                text59                             3B2C     3B2C       4C      821       0
                text58                             42D2     42D2       18      FD8       0
                text57                             336A     336A       CA      821       0
                text56                             41D2     41D2       24      FD8       0
                text55                             42BA     42BA       18      FD8       0
                text54                             42A2     42A2       18      FD8       0
                text53                             428A     428A       18      FD8       0
                text52                             4272     4272       18      FD8       0
                text51                             3F92     3F92       30      FD8       0
                text50                             423A     423A       1C      FD8       0
                text49                             3D86     3D86       38      F53       0
                text48                             433E     433E        A      FD8       0
                text47                             40AC     40AC       2C      FD8       0
                text46                             4334     4334        A      FD8       0
                text45                             3BC2     3BC2       4A      821       0
                text44                             432A     432A        A      FD8       0
                text43                             4320     4320        A      FD8       0
                text42                             4316     4316        A      FD8       0
                text41                             430C     430C        A      FD8       0
                text40                             4302     4302        A      FD8       0
                text39                             367E     367E       A6      821       0
                text38                             3B78     3B78       4A      821       0
                text37                             34FA     34FA       C4      821       0
                text36                             1504     1504      450      821       0
                text35                             2EBC     2EBC      108      821       0
                text34                             26A8     26A8      1B4      821       0
                text33                             2DB0     2DB0      10C      821       0
                text32                             37BA     37BA       96      821       0
                text31                             3E90     3E90       34      F53       0
                text30                             3E5C     3E5C       34      F53       0
                text29                             31B8     31B8       E2      821       0
                text28                             2B4E     2B4E      148      821       0
                text27                             1042     1042      4C2      821       0
                text26                             1CF0     1CF0      23E      821       0
                text25                             1954     1954      39C      821       0
                text24                             3E28     3E28       34      F53       0
                text23                             3DF4     3DF4       34      F53       0
                text22                             285C     285C      1A4      821       0
                text21                             2314     2314      1CE      821       0
                text20                             2FC4     2FC4      104      821       0
                text19                             3F2C     3F2C       32      F53       0
                text18                             30C8     30C8       F0      821       0
                text17                             329A     329A       D0      821       0
                text16                             39C6     39C6       62      821       0
                text15                             42F8     42F8        A      FD8       0
                text14                             3724     3724       96      821       0
                text13                             3C54     3C54       44      821       0
                text12                             3CD4     3CD4       3A      821       0
                text11                             3434     3434       C6      821       0
                text10                             1F2E     1F2E      206      821       0
                text9                              2134     2134      1E0      821       0
                text8                              395E     395E       68      821       0
                text7                              415C     415C       28      FD8       0
                text6                              41AC     41AC       26      FD8       0
                text5                              3850     3850       90      821       0
                text4                              24E2     24E2      1C6      821       0
                text3                              2C96     2C96      11A      821       0
                text2                              38E0     38E0       7E      821       0
                text1                              2A00     2A00      14E      821       0
                text0                              421A     421A       20      FD8       0
                cstackCOMRAM                          1        1       39        1       1
                cstackBANK0                          A7       A7       38       60       1
                bssBANK1                            100      100       20      100       1
                bssBANK0                             60       60       47       60       1
                bssCOMRAM                            3A       3A       13        1       1
                cinit                              3DBE     3DBE       36      F53       0
                nvBANK0                              DF       DF       17       60       1

TOTAL           Name                               Link     Load   Length     Space
        CLASS   STACK          

        CLASS   CODE           
                init                                 AE       AE        4         0
                reset_vec                             0        0        4         0
                ivt0x8                                8        8       A6         0
                text90                             4184     4184       28         0
                text89                             3AD8     3AD8       54         0
                text88                             3A84     3A84       54         0
                text87                             41F6     41F6       24         0
                text86                             4130     4130       2C         0
                text85                             42EA     42EA        E         0
                text84                             4256     4256       1C         0
                text83                             3F60     3F60       32         0
                text82                             3FF2     3FF2       30         0
                text81                             3EF8     3EF8       34         0
                text80                             3FC2     3FC2       30         0
                text79                             3EC4     3EC4       34         0
                text78                             436C     436C        2         0
                text77                             436A     436A        2         0
                text76                             4362     4362        4         0
                text75                             407E     407E       2E         0
                text74                             3C98     3C98       3C         0
                text73                             4104     4104       2C         0
                text72                             435C     435C        6         0
                text71                             4368     4368        2         0
                text70                             4366     4366        2         0
                text69                             35BE     35BE       C0         0
                text68                             3D4C     3D4C       3A         0
                text67                             3C0C     3C0C       48         0
                text66                             3D10     3D10       3A         0
                text65                             3A28     3A28       5C         0
                text64                             4352     4352        A         0
                text63                             4050     4050       2E         0
                text62                             4348     4348        A         0
                text61                             4022     4022       2E         0
                text60                             40D8     40D8       2C         0
                text59                             3B2C     3B2C       4C         0
                text58                             42D2     42D2       18         0
                text57                             336A     336A       CA         0
                text56                             41D2     41D2       24         0
                text55                             42BA     42BA       18         0
                text54                             42A2     42A2       18         0
                text53                             428A     428A       18         0
                text52                             4272     4272       18         0
                text51                             3F92     3F92       30         0
                text50                             423A     423A       1C         0
                text49                             3D86     3D86       38         0
                text48                             433E     433E        A         0
                text47                             40AC     40AC       2C         0
                text46                             4334     4334        A         0
                text45                             3BC2     3BC2       4A         0
                text44                             432A     432A        A         0
                text43                             4320     4320        A         0
                text42                             4316     4316        A         0
                text41                             430C     430C        A         0
                text40                             4302     4302        A         0
                text39                             367E     367E       A6         0
                text38                             3B78     3B78       4A         0
                text37                             34FA     34FA       C4         0
                text36                             1504     1504      450         0
                text35                             2EBC     2EBC      108         0
                text34                             26A8     26A8      1B4         0
                text33                             2DB0     2DB0      10C         0
                text32                             37BA     37BA       96         0
                text31                             3E90     3E90       34         0
                text30                             3E5C     3E5C       34         0
                text29                             31B8     31B8       E2         0
                text28                             2B4E     2B4E      148         0
                text27                             1042     1042      4C2         0
                text26                             1CF0     1CF0      23E         0
                text25                             1954     1954      39C         0
                text24                             3E28     3E28       34         0
                text23                             3DF4     3DF4       34         0
                text22                             285C     285C      1A4         0
                text21                             2314     2314      1CE         0
                text20                             2FC4     2FC4      104         0
                text19                             3F2C     3F2C       32         0
                text18                             30C8     30C8       F0         0
                text17                             329A     329A       D0         0
                text16                             39C6     39C6       62         0
                text15                             42F8     42F8        A         0
                text14                             3724     3724       96         0
                text13                             3C54     3C54       44         0
                text12                             3CD4     3CD4       3A         0
                text11                             3434     3434       C6         0
                text10                             1F2E     1F2E      206         0
                text9                              2134     2134      1E0         0
                text8                              395E     395E       68         0
                text7                              415C     415C       28         0
                text6                              41AC     41AC       26         0
                text5                              3850     3850       90         0
                text4                              24E2     24E2      1C6         0
                text3                              2C96     2C96      11A         0
                text2                              38E0     38E0       7E         0
                text1                              2A00     2A00      14E         0
                text0                              421A     421A       20         0
                cinit                              3DBE     3DBE       36         0

        CLASS   CONST          

        CLASS   SMALLCONST     
                smallconst                         1000     1000       42         0

        CLASS   MEDIUMCONST    

        CLASS   COMRAM         
                cstackCOMRAM                          1        1       39         1
                bssCOMRAM                            3A       3A       13         1

        CLASS   ABS1           

        CLASS   BIGRAM         

        CLASS   RAM            

        CLASS   BANK0          
                cstackBANK0                          A7       A7       38         1
                bssBANK0                             60       60       47         1
                nvBANK0                              DF       DF       17         1

        CLASS   BANK1          
                bssBANK1                            100      100       20         1

        CLASS   BANK2          

        CLASS   BANK3          

        CLASS   BANK4          

        CLASS   BANK5          

        CLASS   BANK6          

        CLASS   BANK7          

        CLASS   BANK8          

        CLASS   BANK9          

        CLASS   BANK10         

        CLASS   BANK11         

        CLASS   BANK12         

        CLASS   BANK13         

        CLASS   BANK14         

        CLASS   BANK15         

        CLASS   SFR            

        CLASS   CONFIG         
                config                           300000   300000        A         4

        CLASS   IDLOC          
                idloc                            200000   200000       10         5

        CLASS   EEDATA         

        CLASS   FARRAM         



SEGMENTS        Name                           Load    Length   Top    Selector   Space  Class

                reset_vec                      000000  000004  000004         0       0  CODE    
                cstackCOMRAM                   000001  00004C  00004D         1       1  COMRAM  
                ivt0x8                         000008  0000AA  0000B2         4       0  CODE    
                bssBANK0                       000060  000096  0000F6        60       1  BANK0   
                bssBANK1                       000100  000020  000120       100       1  BANK1   
                smallconst                     001000  000042  001042       800       0  SMALLCON
                text27                         001042  002CCC  003D0E       821       0  CODE    
                text66                         003D10  00003A  003D4A       F44       0  CODE    
                text68                         003D4C  000212  003F5E       F53       0  CODE    
                text83                         003F60  00040E  00436E       FD8       0  CODE    


UNUSED ADDRESS RANGES

        Name                Unused          Largest block    Delta
        BANK0            0000F6-0000FF                A
        BANK1            000120-0001FF               E0
        BANK10           000A00-000AFF              100
        BANK11           000B00-000BFF              100
        BANK12           000C00-000CFF              100
        BANK13           000D00-000DFF              100
        BANK14           000E00-000EFF              100
        BANK15           000F00-000FFF              100
        BANK2            000200-0002FF              100
        BANK3            000300-0003FF              100
        BANK4            000400-0004FF              100
        BANK5            000500-0005FF              100
        BANK6            000600-0006FF              100
        BANK7            000700-0007FF              100
        BANK8            000800-0008FF              100
        BANK9            000900-0009FF              100
        BIGRAM           00004D-00005F               13
                         0000F6-0000FF                A
                         000120-000FFF              EE0
        CODE             000004-000007                4
                         0000B2-000FFF              F4E
                         003D0E-003D0F                2
                         003D4A-003D4B                2
                         003F5E-003F5F                2
                         00436E-00FFFF             BC92
        COMRAM           00004D-00005F               13
        CONST            000004-000007                4
                         0000B2-000FFF              F4E
                         003D0E-003D0F                2
                         003D4A-003D4B                2
                         003F5E-003F5F                2
                         00436E-00FFFF             BC92
        EEDATA           310000-3103FF              400
        MEDIUMCONST      003D0E-003D0F                2
                         003D4A-003D4B                2
                         003F5E-003F5F                2
                         00436E-00FFFF             BC92
        RAM              0000F6-0000FF                A
                         000120-000FFF              100
        SFR              003800-003FFF              100
        SMALLCONST       003D0E-003D0F                2
                         003D4A-003D4B                2
                         003F5E-003F5F                2
                         00436E-00FFFF              100
        STACK            000120-000FFF              EE0

                                  Symbol Table

?_ADCC_GetSingleConversion                    cstackCOMRAM 000014
?_TMR5_ReadTimer                              cstackCOMRAM 000009
?___aldiv                                     cstackCOMRAM 000014
?___awdiv                                     cstackCOMRAM 000014
?___fladd                                     cstackBANK0  0000B4
?___fldiv                                     cstackCOMRAM 00002A
?___flmul                                     cstackCOMRAM 00002A
?___fltol                                     cstackBANK0  0000C0
?___lodiv                                     cstackCOMRAM 000014
?___lomod                                     cstackCOMRAM 000014
?___xxtofl                                    cstackCOMRAM 00001C
?_actSpeed                                    cstackCOMRAM 000022
?_pad                                         cstackCOMRAM 000026
?_printf                                      cstackBANK0  0000D9
?_strlen                                      cstackCOMRAM 000014
?_utoa                                        cstackBANK0  0000A7
?_vfpfcnvrt                                   cstackBANK0  0000BF
?_vfprintf                                    cstackBANK0  0000D1
ADCC_GetSingleConversion@channel              cstackCOMRAM 000018
CCP3_CaptureISR@module                        cstackCOMRAM 000003
CCP3_DefaultCallBack@capturedValue            cstackCOMRAM 000001
CCP3_SetCallBack@customCallBack               cstackCOMRAM 000014
CCP4_CaptureISR@module                        cstackCOMRAM 000007
CCP4_DefaultCallBack@capturedValue            cstackCOMRAM 000005
CCP4_SetCallBack@customCallBack               cstackCOMRAM 000014
INTERRUPT_Initialize@state                    cstackCOMRAM 000014
IVTBASEH                                      (abs)        003FD6
IVTBASEL                                      (abs)        003FD5
IVTBASEU                                      (abs)        003FD7
PWM5_LoadDutyValue@dutyValue                  cstackCOMRAM 000014
PWM6_LoadDutyValue@dutyValue                  cstackCOMRAM 000014
PWM7_LoadDutyValue@dutyValue                  cstackCOMRAM 000014
PWM8_LoadDutyValue@dutyValue                  cstackCOMRAM 000014
TMR4_ISR@CountCallBack                        bssBANK0     00009C
TMR4_SetInterruptHandler@InterruptHandler     cstackCOMRAM 000014
TMR5_ReadTimer@readVal                        cstackCOMRAM 00000D
TMR5_ReadTimer@readValHigh                    cstackCOMRAM 00000F
TMR5_ReadTimer@readValLow                     cstackCOMRAM 000010
TMR5_SetGateInterruptHandler@InterruptHandler cstackCOMRAM 000014
TMR5_WriteTimer@timerVal                      cstackCOMRAM 000009
UART1_SetErrorHandler@interruptHandler        cstackCOMRAM 000014
UART1_SetFramingErrorHandler@interruptHandler cstackCOMRAM 000014
UART1_SetOverrunErrorHandler@interruptHandler cstackCOMRAM 000014
UART1_SetRxInterruptHandler@InterruptHandler  cstackCOMRAM 000014
UART1_SetTxInterruptHandler@InterruptHandler  cstackCOMRAM 000014
UART1_Write@txData                            cstackCOMRAM 000014
_ADACCH                                       (abs)        003EE9
_ADACCL                                       (abs)        003EE8
_ADACCU                                       (abs)        003EEA
_ADACQH                                       (abs)        003EF4
_ADACQL                                       (abs)        003EF3
_ADACT                                        (abs)        003EFE
_ADCAP                                        (abs)        003EF5
_ADCC_GetSingleConversion                     text19       003F2C
_ADCC_Initialize                              text65       003A28
_ADCLK                                        (abs)        003EFF
_ADCNT                                        (abs)        003EEB
_ADCON0                                       (abs)        003EF8
_ADCON0bits                                   (abs)        003EF8
_ADCON1                                       (abs)        003EF9
_ADCON1bits                                   (abs)        003EF9
_ADCON2                                       (abs)        003EFA
_ADCON2bits                                   (abs)        003EFA
_ADCON3                                       (abs)        003EFB
_ADCON3bits                                   (abs)        003EFB
_ADERRH                                       (abs)        003EE3
_ADERRL                                       (abs)        003EE2
_ADFLTRH                                      (abs)        003EE7
_ADFLTRL                                      (abs)        003EE6
_ADLTHH                                       (abs)        003EDF
_ADLTHL                                       (abs)        003EDE
_ADPCH                                        (abs)        003EF1
_ADPREH                                       (abs)        003EF7
_ADPREL                                       (abs)        003EF6
_ADPREVH                                      (abs)        003EEE
_ADPREVL                                      (abs)        003EED
_ADREF                                        (abs)        003EFD
_ADRESH                                       (abs)        003EF0
_ADRESL                                       (abs)        003EEF
_ADRPT                                        (abs)        003EEC
_ADSTAT                                       (abs)        003EFC
_ADSTATbits                                   (abs)        003EFC
_ADSTPTH                                      (abs)        003EE5
_ADSTPTL                                      (abs)        003EE4
_ADUTHH                                       (abs)        003EE1
_ADUTHL                                       (abs)        003EE0
_ANSELA                                       (abs)        003A40
_ANSELB                                       (abs)        003A50
_ANSELC                                       (abs)        003A60
_ANSELD                                       (abs)        003A70
_ANSELE                                       (abs)        003A80
_BatteryVolt                                  bssCOMRAM    00003A
_CCP3CAP                                      (abs)        003F77
_CCP3CON                                      (abs)        003F76
_CCP3PPS                                      (abs)        003ACF
_CCP3_CallBack                                nvBANK0      0000E9
_CCP3_CaptureISR                              text79       003EC4
_CCP3_DefaultCallBack                         text80       003FC2
_CCP3_Initialize                              text63       004050
_CCP3_SetCallBack                             text64       004352
_CCP4CAP                                      (abs)        003F73
_CCP4CON                                      (abs)        003F72
_CCP4PPS                                      (abs)        003AD0
_CCP4_CallBack                                nvBANK0      0000E7
_CCP4_CaptureISR                              text81       003EF8
_CCP4_DefaultCallBack                         text82       003FF2
_CCP4_Initialize                              text61       004022
_CCP4_SetCallBack                             text62       004348
_CCPR3H                                       (abs)        003F75
_CCPR3L                                       (abs)        003F74
_CCPR4H                                       (abs)        003F71
_CCPR4L                                       (abs)        003F70
_CCPTMRS0bits                                 (abs)        003F5E
_CCPTMRS1bits                                 (abs)        003F5F
_CLC3CON                                      (abs)        003C60
_CLC3CONbits                                  (abs)        003C60
_CLC3GLS0                                     (abs)        003C66
_CLC3GLS1                                     (abs)        003C67
_CLC3GLS2                                     (abs)        003C68
_CLC3GLS3                                     (abs)        003C69
_CLC3POL                                      (abs)        003C61
_CLC3SEL0                                     (abs)        003C62
_CLC3SEL1                                     (abs)        003C63
_CLC3SEL2                                     (abs)        003C64
_CLC3SEL3                                     (abs)        003C65
_CLC3_Initialize                              text60       0040D8
_CLCIN0PPS                                    (abs)        003AD9
_CLCIN2PPS                                    (abs)        003ADB
_CLCIN3PPS                                    (abs)        003ADC
_Default_ISR                                  text78       00436C
_GIE                                          (abs)        01FE97
_INLVLA                                       (abs)        003A44
_INLVLB                                       (abs)        003A54
_INLVLC                                       (abs)        003A64
_INLVLD                                       (abs)        003A74
_INLVLE                                       (abs)        003A84
_INTCON0bits                                  (abs)        003FD2
_INTERRUPT_Initialize                         text59       003B2C
_IPR10bits                                    (abs)        00398A
_IPR1bits                                     (abs)        003981
_IPR3bits                                     (abs)        003983
_IPR7bits                                     (abs)        003987
_IPR8bits                                     (abs)        003988
_IPR9bits                                     (abs)        003989
_IVTBASEH                                     (abs)        003FD6
_IVTBASEL                                     (abs)        003FD5
_IVTBASEU                                     (abs)        003FD7
_IVTLOCK                                      (abs)        003FD4
_IVTLOCKbits                                  (abs)        003FD4
_LATA                                         (abs)        003FBA
_LATB                                         (abs)        003FBB
_LATC                                         (abs)        003FBC
_LATD                                         (abs)        003FBD
_LATE                                         (abs)        003FBE
_ODCONA                                       (abs)        003A42
_ODCONB                                       (abs)        003A52
_ODCONC                                       (abs)        003A62
_ODCOND                                       (abs)        003A72
_ODCONE                                       (abs)        003A82
_OSCCON1                                      (abs)        0039D9
_OSCCON3                                      (abs)        0039DB
_OSCEN                                        (abs)        0039DD
_OSCFRQ                                       (abs)        0039DF
_OSCILLATOR_Initialize                        text58       0042D2
_OSCTUNE                                      (abs)        0039DE
_PIE10bits                                    (abs)        00399A
_PIE1bits                                     (abs)        003991
_PIE3bits                                     (abs)        003993
_PIE7bits                                     (abs)        003997
_PIE8bits                                     (abs)        003998
_PIE9bits                                     (abs)        003999
_PIN_MANAGER_Initialize                       text57       00336A
_PIR10bits                                    (abs)        0039AA
_PIR1bits                                     (abs)        0039A1
_PIR4bits                                     (abs)        0039A4
_PIR6bits                                     (abs)        0039A6
_PIR7bits                                     (abs)        0039A7
_PIR8bits                                     (abs)        0039A8
_PIR9bits                                     (abs)        0039A9
_PMD0                                         (abs)        0039C0
_PMD1                                         (abs)        0039C1
_PMD2                                         (abs)        0039C2
_PMD3                                         (abs)        0039C3
_PMD4                                         (abs)        0039C4
_PMD5                                         (abs)        0039C5
_PMD6                                         (abs)        0039C6
_PMD7                                         (abs)        0039C7
_PMD_Initialize                               text56       0041D2
_PORTBbits                                    (abs)        003FCB
_PORTDbits                                    (abs)        003FCD
_PR2                                          (abs)        003FAB
_PR4                                          (abs)        003F9F
_PWM5CON                                      (abs)        003F6E
_PWM5DCH                                      (abs)        003F6D
_PWM5DCL                                      (abs)        003F6C
_PWM5_Initialize                              text55       0042BA
_PWM5_LoadDutyValue                           text24       003E28
_PWM6CON                                      (abs)        003F6A
_PWM6DCH                                      (abs)        003F69
_PWM6DCL                                      (abs)        003F68
_PWM6_Initialize                              text54       0042A2
_PWM6_LoadDutyValue                           text23       003DF4
_PWM7CON                                      (abs)        003F66
_PWM7DCH                                      (abs)        003F65
_PWM7DCL                                      (abs)        003F64
_PWM7_Initialize                              text53       00428A
_PWM7_LoadDutyValue                           text31       003E90
_PWM8CON                                      (abs)        003F62
_PWM8DCH                                      (abs)        003F61
_PWM8DCL                                      (abs)        003F60
_PWM8_Initialize                              text52       004272
_PWM8_LoadDutyValue                           text30       003E5C
_RA0PPS                                       (abs)        003A00
_RA1PPS                                       (abs)        003A01
_RA3PPS                                       (abs)        003A03
_RA4PPS                                       (abs)        003A04
_RB1I2C                                       (abs)        003A5A
_RB2I2C                                       (abs)        003A5B
_RB3PPS                                       (abs)        003A0B
_RC3I2C                                       (abs)        003A6A
_RC4I2C                                       (abs)        003A6B
_RD0I2C                                       (abs)        003A7A
_RD1I2C                                       (abs)        003A7B
_SLRCONA                                      (abs)        003A43
_SLRCONB                                      (abs)        003A53
_SLRCONC                                      (abs)        003A63
_SLRCOND                                      (abs)        003A73
_SLRCONE                                      (abs)        003A83
_SMT1CLK                                      (abs)        003F21
_SMT1CON0                                     (abs)        003F1E
_SMT1CON0bits                                 (abs)        003F1E
_SMT1CON1                                     (abs)        003F1F
_SMT1CON1bits                                 (abs)        003F1F
_SMT1CPR                                      (abs)        003F15
_SMT1CPW                                      (abs)        003F18
_SMT1PR                                       (abs)        003F1B
_SMT1PRH                                      (abs)        003F1C
_SMT1PRL                                      (abs)        003F1B
_SMT1PRU                                      (abs)        003F1D
_SMT1SIG                                      (abs)        003F22
_SMT1SIGPPS                                   (abs)        003AD2
_SMT1STAT                                     (abs)        003F20
_SMT1STATbits                                 (abs)        003F20
_SMT1TMR                                      (abs)        003F12
_SMT1WIN                                      (abs)        003F23
_SMT1WINPPS                                   (abs)        003AD1
_SMT1_Initialize                              text51       003F92
_SMT1_Overflow_ISR                            text90       004184
_SMT1_PR_ACQ_ISR                              text88       003A84
_SMT1_PW_ACQ_ISR                              text89       003AD8
_SYSTEM_Initialize                            text38       003B78
_T2CLKCON                                     (abs)        003FAE
_T2CON                                        (abs)        003FAC
_T2CONbits                                    (abs)        003FAC
_T2HLT                                        (abs)        003FAD
_T2HLTbits                                    (abs)        003FAD
_T2PR                                         (abs)        003FAB
_T2RST                                        (abs)        003FAF
_T2RSTbits                                    (abs)        003FAF
_T2TMR                                        (abs)        003FAA
_T3CLK                                        (abs)        003FA9
_T3CON                                        (abs)        003FA6
_T3CONbits                                    (abs)        003FA6
_T3GATE                                       (abs)        003FA8
_T3GCON                                       (abs)        003FA7
_T3GCONbits                                   (abs)        003FA7
_T4CLKCON                                     (abs)        003FA2
_T4CON                                        (abs)        003FA0
_T4CONbits                                    (abs)        003FA0
_T4HLT                                        (abs)        003FA1
_T4HLTbits                                    (abs)        003FA1
_T4PR                                         (abs)        003F9F
_T4RST                                        (abs)        003FA3
_T4RSTbits                                    (abs)        003FA3
_T4TMR                                        (abs)        003F9E
_T5CLK                                        (abs)        003F9D
_T5CON                                        (abs)        003F9A
_T5CONbits                                    (abs)        003F9A
_T5GATE                                       (abs)        003F9C
_T5GCON                                       (abs)        003F9B
_T5GCONbits                                   (abs)        003F9B
_T5GPPS                                       (abs)        003AC9
_TMR2                                         (abs)        003FAA
_TMR2_Initialize                              text50       00423A
_TMR3H                                        (abs)        003FA5
_TMR3L                                        (abs)        003FA4
_TMR3_Initialize                              text49       003D86
_TMR4                                         (abs)        003F9E
_TMR4_10msISR                                 text76       004362
_TMR4_CallBack                                text75       00407E
_TMR4_DefaultInterruptHandler                 text77       00436A
_TMR4_ISR                                     text74       003C98
_TMR4_Initialize                              text47       0040AC
_TMR4_InterruptHandler                        nvBANK0      0000DF
_TMR4_SetInterruptHandler                     text48       00433E
_TMR5H                                        (abs)        003F99
_TMR5L                                        (abs)        003F98
_TMR5_DefaultGateInterruptHandler             text84       004256
_TMR5_GATE_ISR                                text83       003F60
_TMR5_GateInterruptHandler                    nvBANK0      0000E3
_TMR5_Initialize                              text45       003BC2
_TMR5_ReadTimer                               text87       0041F6
_TMR5_Reload                                  text85       0042EA
_TMR5_SetGateInterruptHandler                 text46       004334
_TMR5_WriteTimer                              text86       004130
_TRISA                                        (abs)        003FC2
_TRISB                                        (abs)        003FC3
_TRISC                                        (abs)        003FC4
_TRISD                                        (abs)        003FC5
_TRISE                                        (abs)        003FC6
_U1BRGH                                       (abs)        003DF6
_U1BRGL                                       (abs)        003DF5
_U1CON0                                       (abs)        003DF2
_U1CON1                                       (abs)        003DF3
_U1CON2                                       (abs)        003DF4
_U1ERRIE                                      (abs)        003DFA
_U1ERRIR                                      (abs)        003DF9
_U1ERRIRbits                                  (abs)        003DF9
_U1FIFO                                       (abs)        003DF7
_U1P1H                                        (abs)        003DED
_U1P1L                                        (abs)        003DEC
_U1P2H                                        (abs)        003DEF
_U1P2L                                        (abs)        003DEE
_U1P3H                                        (abs)        003DF1
_U1P3L                                        (abs)        003DF0
_U1RXB                                        (abs)        003DE8
_U1RXPPS                                      (abs)        003AE5
_U1TXB                                        (abs)        003DEA
_U1UIR                                        (abs)        003DF8
_UART1_DefaultErrorHandler                    text72       00435C
_UART1_DefaultFramingErrorHandler             text71       004368
_UART1_DefaultOverrunErrorHandler             text70       004366
_UART1_ErrorHandler                           nvBANK0      0000EB
_UART1_FramingErrorHandler                    nvBANK0      0000EF
_UART1_Initialize                             text39       00367E
_UART1_OverrunErrorHandler                    nvBANK0      0000ED
_UART1_Receive_ISR                            text69       0035BE
_UART1_RxDataHandler                          text73       004104
_UART1_RxInterruptHandler                     nvBANK0      0000F3
_UART1_SetErrorHandler                        text44       00432A
_UART1_SetFramingErrorHandler                 text43       004320
_UART1_SetOverrunErrorHandler                 text42       004316
_UART1_SetRxInterruptHandler                  text41       00430C
_UART1_SetTxInterruptHandler                  text40       004302
_UART1_Transmit_ISR                           text67       003C0C
_UART1_TxInterruptHandler                     nvBANK0      0000F1
_UART1_Write                                  text16       0039C6
_UART1_rx_vect_isr                            text68       003D4C
_UART1_tx_vect_isr                            text66       003D10
_WPUA                                         (abs)        003A41
_WPUB                                         (abs)        003A51
_WPUC                                         (abs)        003A61
_WPUD                                         (abs)        003A71
_WPUE                                         (abs)        003A81
__HRAM                                        (abs)        000000
__Habs1                                       abs1         000000
__Hbank0                                      bank0        000000
__Hbank1                                      bank1        000000
__Hbank10                                     bank10       000000
__Hbank11                                     bank11       000000
__Hbank12                                     bank12       000000
__Hbank13                                     bank13       000000
__Hbank14                                     bank14       000000
__Hbank15                                     bank15       000000
__Hbank2                                      bank2        000000
__Hbank3                                      bank3        000000
__Hbank4                                      bank4        000000
__Hbank5                                      bank5        000000
__Hbank6                                      bank6        000000
__Hbank7                                      bank7        000000
__Hbank8                                      bank8        000000
__Hbank9                                      bank9        000000
__Hbigbss                                     bigbss       000000
__Hbigdata                                    bigdata      000000
__Hbigram                                     bigram       000000
__Hbss                                        bss          000000
__HbssBANK0                                   bssBANK0     000000
__HbssBANK1                                   bssBANK1     000000
__HbssCOMRAM                                  bssCOMRAM    000000
__Hcinit                                      cinit        000000
__Hclrtext                                    clrtext      000000
__Hcomram                                     comram       000000
__Hconfig                                     config       30000A
__Hconst                                      const        000000
__HcstackBANK0                                cstackBANK0  000000
__HcstackCOMRAM                               cstackCOMRAM 000000
__Hdata                                       data         000000
__Heeprom_data                                eeprom_data  000000
__Hfarbss                                     farbss       000000
__Hfardata                                    fardata      000000
__Hibigdata                                   ibigdata     000000
__Hidata                                      idata        000000
__Hidloc                                      idloc        200010
__Hifardata                                   ifardata     000000
__Hinit                                       init         0000B2
__Hintsave_regs                               intsave_regs 000000
__Hirdata                                     irdata       000000
__Hivt0x8                                     ivt0x8       0000AE
__Hmediumconst                                mediumconst  000000
__HnvBANK0                                    nvBANK0      000000
__HnvFARRAM                                   nvFARRAM     000000
__Hnvbit                                      nvbit        000000
__Hnvrram                                     nvrram       000000
__Hparam                                      rparam       000000
__Hpowerup                                    powerup      000000
__Hram                                        ram          000000
__Hramtop                                     ramtop       001000
__Hrbit                                       rbit         000000
__Hrbss                                       rbss         000000
__Hrdata                                      rdata        000000
__Hreset_vec                                  reset_vec    000004
__Hrparam                                     rparam       000000
__Hsfr                                        sfr          000000
__Hsmallconst                                 smallconst   001042
__Hspace_0                                    (abs)        00436E
__Hspace_1                                    (abs)        000120
__Hspace_2                                    (abs)        000000
__Hspace_4                                    (abs)        60000A
__Hstack                                      stack        000000
__Hstruct                                     struct       000000
__Htemp                                       temp         000000
__Htext                                       text         000000
__Htext0                                      text0        000000
__Htext1                                      text1        000000
__Htext10                                     text10       000000
__Htext11                                     text11       000000
__Htext12                                     text12       000000
__Htext13                                     text13       000000
__Htext14                                     text14       000000
__Htext15                                     text15       000000
__Htext16                                     text16       000000
__Htext17                                     text17       000000
__Htext18                                     text18       000000
__Htext19                                     text19       000000
__Htext2                                      text2        000000
__Htext20                                     text20       000000
__Htext21                                     text21       000000
__Htext22                                     text22       000000
__Htext23                                     text23       000000
__Htext24                                     text24       000000
__Htext25                                     text25       000000
__Htext26                                     text26       000000
__Htext27                                     text27       000000
__Htext28                                     text28       000000
__Htext29                                     text29       000000
__Htext3                                      text3        000000
__Htext30                                     text30       000000
__Htext31                                     text31       000000
__Htext32                                     text32       000000
__Htext33                                     text33       000000
__Htext34                                     text34       000000
__Htext35                                     text35       000000
__Htext36                                     text36       000000
__Htext37                                     text37       000000
__Htext38                                     text38       000000
__Htext39                                     text39       000000
__Htext4                                      text4        000000
__Htext40                                     text40       000000
__Htext41                                     text41       000000
__Htext42                                     text42       000000
__Htext43                                     text43       000000
__Htext44                                     text44       000000
__Htext45                                     text45       000000
__Htext46                                     text46       000000
__Htext47                                     text47       000000
__Htext48                                     text48       000000
__Htext49                                     text49       000000
__Htext5                                      text5        000000
__Htext50                                     text50       000000
__Htext51                                     text51       000000
__Htext52                                     text52       000000
__Htext53                                     text53       000000
__Htext54                                     text54       000000
__Htext55                                     text55       000000
__Htext56                                     text56       000000
__Htext57                                     text57       000000
__Htext58                                     text58       000000
__Htext59                                     text59       000000
__Htext6                                      text6        000000
__Htext60                                     text60       000000
__Htext61                                     text61       000000
__Htext62                                     text62       000000
__Htext63                                     text63       000000
__Htext64                                     text64       000000
__Htext65                                     text65       000000
__Htext66                                     text66       000000
__Htext67                                     text67       000000
__Htext68                                     text68       000000
__Htext69                                     text69       000000
__Htext7                                      text7        000000
__Htext70                                     text70       000000
__Htext71                                     text71       000000
__Htext72                                     text72       000000
__Htext73                                     text73       000000
__Htext74                                     text74       000000
__Htext75                                     text75       000000
__Htext76                                     text76       000000
__Htext77                                     text77       000000
__Htext78                                     text78       000000
__Htext79                                     text79       000000
__Htext8                                      text8        000000
__Htext80                                     text80       000000
__Htext81                                     text81       000000
__Htext82                                     text82       000000
__Htext83                                     text83       000000
__Htext84                                     text84       000000
__Htext85                                     text85       000000
__Htext86                                     text86       000000
__Htext87                                     text87       000000
__Htext88                                     text88       000000
__Htext89                                     text89       000000
__Htext9                                      text9        000000
__Htext90                                     text90       000000
__Htext91                                     text91       000000
__LRAM                                        (abs)        000001
__Labs1                                       abs1         000000
__Lbank0                                      bank0        000000
__Lbank1                                      bank1        000000
__Lbank10                                     bank10       000000
__Lbank11                                     bank11       000000
__Lbank12                                     bank12       000000
__Lbank13                                     bank13       000000
__Lbank14                                     bank14       000000
__Lbank15                                     bank15       000000
__Lbank2                                      bank2        000000
__Lbank3                                      bank3        000000
__Lbank4                                      bank4        000000
__Lbank5                                      bank5        000000
__Lbank6                                      bank6        000000
__Lbank7                                      bank7        000000
__Lbank8                                      bank8        000000
__Lbank9                                      bank9        000000
__Lbigbss                                     bigbss       000000
__Lbigdata                                    bigdata      000000
__Lbigram                                     bigram       000000
__Lbss                                        bss          000000
__LbssBANK0                                   bssBANK0     000000
__LbssBANK1                                   bssBANK1     000000
__LbssCOMRAM                                  bssCOMRAM    000000
__Lcinit                                      cinit        000000
__Lclrtext                                    clrtext      000000
__Lcomram                                     comram       000000
__Lconfig                                     config       000000
__Lconst                                      const        000000
__LcstackBANK0                                cstackBANK0  000000
__LcstackCOMRAM                               cstackCOMRAM 000000
__Ldata                                       data         000000
__Leeprom_data                                eeprom_data  000000
__Lfarbss                                     farbss       000000
__Lfardata                                    fardata      000000
__Libigdata                                   ibigdata     000000
__Lidata                                      idata        000000
__Lidloc                                      idloc        000000
__Lifardata                                   ifardata     000000
__Linit                                       init         0000AE
__Lintsave_regs                               intsave_regs 000000
__Lirdata                                     irdata       000000
__Livt0x8                                     ivt0x8       000008
__Lmediumconst                                mediumconst  000000
__LnvBANK0                                    nvBANK0      000000
__LnvFARRAM                                   nvFARRAM     000000
__Lnvbit                                      nvbit        000000
__Lnvrram                                     nvrram       000000
__Lparam                                      rparam       000000
__Lpowerup                                    powerup      000000
__Lram                                        ram          000000
__Lramtop                                     ramtop       001000
__Lrbit                                       rbit         000000
__Lrbss                                       rbss         000000
__Lrdata                                      rdata        000000
__Lreset_vec                                  reset_vec    000000
__Lrparam                                     rparam       000000
__Lsfr                                        sfr          000000
__Lsmallconst                                 smallconst   001000
__Lspace_0                                    (abs)        000000
__Lspace_1                                    (abs)        000000
__Lspace_2                                    (abs)        000000
__Lspace_4                                    (abs)        000000
__Lstack                                      stack        000000
__Lstruct                                     struct       000000
__Ltemp                                       temp         000000
__Ltext                                       text         000000
__Ltext0                                      text0        000000
__Ltext1                                      text1        000000
__Ltext10                                     text10       000000
__Ltext11                                     text11       000000
__Ltext12                                     text12       000000
__Ltext13                                     text13       000000
__Ltext14                                     text14       000000
__Ltext15                                     text15       000000
__Ltext16                                     text16       000000
__Ltext17                                     text17       000000
__Ltext18                                     text18       000000
__Ltext19                                     text19       000000
__Ltext2                                      text2        000000
__Ltext20                                     text20       000000
__Ltext21                                     text21       000000
__Ltext22                                     text22       000000
__Ltext23                                     text23       000000
__Ltext24                                     text24       000000
__Ltext25                                     text25       000000
__Ltext26                                     text26       000000
__Ltext27                                     text27       000000
__Ltext28                                     text28       000000
__Ltext29                                     text29       000000
__Ltext3                                      text3        000000
__Ltext30                                     text30       000000
__Ltext31                                     text31       000000
__Ltext32                                     text32       000000
__Ltext33                                     text33       000000
__Ltext34                                     text34       000000
__Ltext35                                     text35       000000
__Ltext36                                     text36       000000
__Ltext37                                     text37       000000
__Ltext38                                     text38       000000
__Ltext39                                     text39       000000
__Ltext4                                      text4        000000
__Ltext40                                     text40       000000
__Ltext41                                     text41       000000
__Ltext42                                     text42       000000
__Ltext43                                     text43       000000
__Ltext44                                     text44       000000
__Ltext45                                     text45       000000
__Ltext46                                     text46       000000
__Ltext47                                     text47       000000
__Ltext48                                     text48       000000
__Ltext49                                     text49       000000
__Ltext5                                      text5        000000
__Ltext50                                     text50       000000
__Ltext51                                     text51       000000
__Ltext52                                     text52       000000
__Ltext53                                     text53       000000
__Ltext54                                     text54       000000
__Ltext55                                     text55       000000
__Ltext56                                     text56       000000
__Ltext57                                     text57       000000
__Ltext58                                     text58       000000
__Ltext59                                     text59       000000
__Ltext6                                      text6        000000
__Ltext60                                     text60       000000
__Ltext61                                     text61       000000
__Ltext62                                     text62       000000
__Ltext63                                     text63       000000
__Ltext64                                     text64       000000
__Ltext65                                     text65       000000
__Ltext66                                     text66       000000
__Ltext67                                     text67       000000
__Ltext68                                     text68       000000
__Ltext69                                     text69       000000
__Ltext7                                      text7        000000
__Ltext70                                     text70       000000
__Ltext71                                     text71       000000
__Ltext72                                     text72       000000
__Ltext73                                     text73       000000
__Ltext74                                     text74       000000
__Ltext75                                     text75       000000
__Ltext76                                     text76       000000
__Ltext77                                     text77       000000
__Ltext78                                     text78       000000
__Ltext79                                     text79       000000
__Ltext8                                      text8        000000
__Ltext80                                     text80       000000
__Ltext81                                     text81       000000
__Ltext82                                     text82       000000
__Ltext83                                     text83       000000
__Ltext84                                     text84       000000
__Ltext85                                     text85       000000
__Ltext86                                     text86       000000
__Ltext87                                     text87       000000
__Ltext88                                     text88       000000
__Ltext89                                     text89       000000
__Ltext9                                      text9        000000
__Ltext90                                     text90       000000
__Ltext91                                     text91       000000
__S0                                          (abs)        00436E
__S1                                          (abs)        000120
__S2                                          (abs)        000000
__S4                                          (abs)        000000
__S5                                          (abs)        000000
___aldiv                                      text33       002DB0
___aldiv@counter                              cstackCOMRAM 00001C
___aldiv@dividend                             cstackCOMRAM 000014
___aldiv@divisor                              cstackCOMRAM 000018
___aldiv@quotient                             cstackCOMRAM 00001E
___aldiv@sign                                 cstackCOMRAM 00001D
___awdiv                                      text37       0034FA
___awdiv@counter                              cstackCOMRAM 000018
___awdiv@dividend                             cstackCOMRAM 000014
___awdiv@divisor                              cstackCOMRAM 000016
___awdiv@quotient                             cstackCOMRAM 00001A
___awdiv@sign                                 cstackCOMRAM 000019
___fladd                                      text27       001042
___fladd@a                                    cstackBANK0  0000B8
___fladd@aexp                                 cstackBANK0  0000BD
___fladd@b                                    cstackBANK0  0000B4
___fladd@bexp                                 cstackBANK0  0000BE
___fladd@grs                                  cstackBANK0  0000BF
___fladd@signs                                cstackBANK0  0000BC
___fldiv                                      text25       001954
___fldiv@a                                    cstackCOMRAM 00002E
___fldiv@aexp                                 cstackBANK0  0000B3
___fldiv@b                                    cstackCOMRAM 00002A
___fldiv@bexp                                 cstackBANK0  0000B2
___fldiv@grs                                  cstackBANK0  0000AE
___fldiv@new_exp                              cstackBANK0  0000AC
___fldiv@rem                                  cstackBANK0  0000A7
___fldiv@sign                                 cstackBANK0  0000AB
___flge                                       text20       002FC4
___flge@ff1                                   cstackCOMRAM 00002A
___flge@ff2                                   cstackCOMRAM 00002E
___flmul                                      text36       001504
___flmul@a                                    cstackCOMRAM 00002E
___flmul@aexp                                 cstackBANK0  0000A8
___flmul@b                                    cstackCOMRAM 00002A
___flmul@bexp                                 cstackBANK0  0000AD
___flmul@grs                                  cstackBANK0  0000A9
___flmul@prod                                 cstackBANK0  0000AE
___flmul@sign                                 cstackBANK0  0000A7
___flmul@temp                                 cstackBANK0  0000B2
___fltol                                      text35       002EBC
___fltol@exp1                                 cstackBANK0  0000C9
___fltol@f1                                   cstackBANK0  0000C0
___fltol@sign1                                cstackBANK0  0000C8
___inthi_sp                                   stack        000000
___intlo_sp                                   stack        000000
___lodiv                                      text18       0030C8
___lodiv@counter                              cstackCOMRAM 00002C
___lodiv@dividend                             cstackCOMRAM 000014
___lodiv@divisor                              cstackCOMRAM 00001C
___lodiv@quotient                             cstackCOMRAM 000024
___lomod                                      text17       00329A
___lomod@counter                              cstackCOMRAM 000024
___lomod@dividend                             cstackCOMRAM 000014
___lomod@divisor                              cstackCOMRAM 00001C
___param_bank                                 (abs)        000000
___rparam_used                                (abs)        000001
___sp                                         stack        000000
___xxtofl                                     text34       0026A8
___xxtofl@arg                                 cstackCOMRAM 000026
___xxtofl@exp                                 cstackCOMRAM 000025
___xxtofl@sign                                cstackCOMRAM 000024
___xxtofl@val                                 cstackCOMRAM 00001C
__accesstop                                   (abs)        000060
__activetblptr                                (abs)        000003
__end_of_ADCC_GetSingleConversion             text19       003F5E
__end_of_ADCC_Initialize                      text65       003A84
__end_of_CCP3_CaptureISR                      text79       003EF8
__end_of_CCP3_DefaultCallBack                 text80       003FF2
__end_of_CCP3_Initialize                      text63       00407E
__end_of_CCP3_SetCallBack                     text64       00435C
__end_of_CCP4_CaptureISR                      text81       003F2C
__end_of_CCP4_DefaultCallBack                 text82       004022
__end_of_CCP4_Initialize                      text61       004050
__end_of_CCP4_SetCallBack                     text62       004352
__end_of_CLC3_Initialize                      text60       004104
__end_of_Default_ISR                          text78       00436E
__end_of_INTERRUPT_Initialize                 text59       003B78
__end_of_OSCILLATOR_Initialize                text58       0042EA
__end_of_PIN_MANAGER_Initialize               text57       003434
__end_of_PMD_Initialize                       text56       0041F6
__end_of_PWM5_Initialize                      text55       0042D2
__end_of_PWM5_LoadDutyValue                   text24       003E5C
__end_of_PWM6_Initialize                      text54       0042BA
__end_of_PWM6_LoadDutyValue                   text23       003E28
__end_of_PWM7_Initialize                      text53       0042A2
__end_of_PWM7_LoadDutyValue                   text31       003EC4
__end_of_PWM8_Initialize                      text52       00428A
__end_of_PWM8_LoadDutyValue                   text30       003E90
__end_of_SMT1_Initialize                      text51       003FC2
__end_of_SMT1_Overflow_ISR                    text90       0041AC
__end_of_SMT1_PR_ACQ_ISR                      text88       003AD8
__end_of_SMT1_PW_ACQ_ISR                      text89       003B2C
__end_of_SYSTEM_Initialize                    text38       003BC2
__end_of_TMR2_Initialize                      text50       004256
__end_of_TMR3_Initialize                      text49       003DBE
__end_of_TMR4_10msISR                         text76       004366
__end_of_TMR4_CallBack                        text75       0040AC
__end_of_TMR4_DefaultInterruptHandler         text77       00436C
__end_of_TMR4_ISR                             text74       003CD4
__end_of_TMR4_Initialize                      text47       0040D8
__end_of_TMR4_SetInterruptHandler             text48       004348
__end_of_TMR5_DefaultGateInterruptHandler     text84       004272
__end_of_TMR5_GATE_ISR                        text83       003F92
__end_of_TMR5_Initialize                      text45       003C0C
__end_of_TMR5_ReadTimer                       text87       00421A
__end_of_TMR5_Reload                          text85       0042F8
__end_of_TMR5_SetGateInterruptHandler         text46       00433E
__end_of_TMR5_WriteTimer                      text86       00415C
__end_of_UART1_DefaultErrorHandler            text72       004362
__end_of_UART1_DefaultFramingErrorHandler     text71       00436A
__end_of_UART1_DefaultOverrunErrorHandler     text70       004368
__end_of_UART1_Initialize                     text39       003724
__end_of_UART1_Receive_ISR                    text69       00367E
__end_of_UART1_RxDataHandler                  text73       004130
__end_of_UART1_SetErrorHandler                text44       004334
__end_of_UART1_SetFramingErrorHandler         text43       00432A
__end_of_UART1_SetOverrunErrorHandler         text42       004320
__end_of_UART1_SetRxInterruptHandler          text41       004316
__end_of_UART1_SetTxInterruptHandler          text40       00430C
__end_of_UART1_Transmit_ISR                   text67       003C54
__end_of_UART1_Write                          text16       003A28
__end_of_UART1_rx_vect_isr                    text68       003D86
__end_of_UART1_tx_vect_isr                    text66       003D4A
__end_of___aldiv                              text33       002EBC
__end_of___awdiv                              text37       0035BE
__end_of___fladd                              text27       001504
__end_of___fldiv                              text25       001CF0
__end_of___flge                               text20       0030C8
__end_of___flmul                              text36       001954
__end_of___fltol                              text35       002FC4
__end_of___lodiv                              text18       0031B8
__end_of___lomod                              text17       00336A
__end_of___xxtofl                             text34       00285C
__end_of__initialization                      cinit        003DEE
__end_of_actSpeed                             text32       003850
__end_of_calcMotorPow                         text28       002C96
__end_of_calcSpeed                            text26       001F2E
__end_of_calcSteering                         text21       0024E2
__end_of_checkBatt                            text5        0038E0
__end_of_fputc                                text14       0037BA
__end_of_fputs                                text13       003C98
__end_of_getBatteryVoltage                    text6        0041D2
__end_of_getCurve                             text4        0026A8
__end_of_getReverse                           text3        002DB0
__end_of_loop                                 text1        002B4E
__end_of_main                                 text0        00423A
__end_of_pad                                  text11       0034FA
__end_of_printf                               text7        004184
__end_of_putch                                text15       004302
__end_of_setMotor                             text29       00329A
__end_of_setSteering                          text22       002A00
__end_of_startAccell                          text2        00395E
[...]
__size_of_TMR5_GATE_ISR                       (abs)        000000
__size_of_TMR5_Initialize                     (abs)        000000
__size_of_TMR5_ReadTimer                      (abs)        000000
__size_of_TMR5_Reload                         (abs)        000000
__size_of_TMR5_SetGateInterruptHandler        (abs)        000000
__size_of_TMR5_WriteTimer                     (abs)        000000
__size_of_UART1_DefaultErrorHandler           (abs)        000000
__size_of_UART1_DefaultFramingErrorHandler    (abs)        000000
__size_of_UART1_DefaultOverrunErrorHandler    (abs)        000000
__size_of_UART1_Initialize                    (abs)        000000
__size_of_UART1_Receive_ISR                   (abs)        000000
__size_of_UART1_RxDataHandler                 (abs)        000000
__size_of_UART1_SetErrorHandler               (abs)        000000
__size_of_UART1_SetFramingErrorHandler        (abs)        000000
__size_of_UART1_SetOverrunErrorHandler        (abs)        000000
__size_of_UART1_SetRxInterruptHandler         (abs)        000000
__size_of_UART1_SetTxInterruptHandler         (abs)        000000
__size_of_UART1_Transmit_ISR                  (abs)        000000
__size_of_UART1_Write                         (abs)        000000
__size_of_UART1_rx_vect_isr                   (abs)        000000
__size_of_UART1_tx_vect_isr                   (abs)        000000
__size_of___aldiv                             (abs)        000000
__size_of___awdiv                             (abs)        000000
__size_of___fladd                             (abs)        000000
__size_of___fldiv                             (abs)        000000
__size_of___flge                              (abs)        000000
__size_of___flmul                             (abs)        000000
__size_of___fltol                             (abs)        000000
__size_of___lodiv                             (abs)        000000
__size_of___lomod                             (abs)        000000
__size_of___xxtofl                            (abs)        000000
__size_of_actSpeed                            (abs)        000000
__size_of_calcMotorPow                        (abs)        000000
__size_of_calcSpeed                           (abs)        000000
__size_of_calcSteering                        (abs)        000000
__size_of_checkBatt                           (abs)        000000
__size_of_fputc                               (abs)        000000
__size_of_fputs                               (abs)        000000
__size_of_getBatteryVoltage                   (abs)        000000
__size_of_getCurve                            (abs)        000000
__size_of_getReverse                          (abs)        000000
__size_of_loop                                (abs)        000000
__size_of_main                                (abs)        000000
__size_of_pad                                 (abs)        000000
__size_of_printf                              (abs)        000000
__size_of_putch                               (abs)        000000
__size_of_setMotor                            (abs)        000000
__size_of_setSteering                         (abs)        000000
__size_of_startAccell                         (abs)        000000
__size_of_strlen                              (abs)        000000
__size_of_utoa                                (abs)        000000
__size_of_vfpfcnvrt                           (abs)        000000
__size_of_vfprintf                            (abs)        000000
__smallconst                                  smallconst   001000
_actMotorPow                                  bssCOMRAM    00003C
_actSpeed                                     text32       0037BA
_battCheckCount                               bssBANK0     000094
_calcMotorPow                                 text28       002B4E
_calcSpeed                                    text26       001CF0
_calcSteering                                 text21       002314
_checkBatt                                    text5        003850
_currentSpeed                                 bssBANK0     00008E
_curveMode                                    bssCOMRAM    000044
_cycle10ms                                    bssCOMRAM    000043
_dbuf                                         bssBANK1     000100
_delay                                        bssCOMRAM    000042
_distFront                                    bssCOMRAM    00004B
_distLeft                                     bssCOMRAM    000040
_distLeftM                                    bssBANK0     0000A0
_distRight                                    bssCOMRAM    00003E
_distRightM                                   bssBANK0     00009E
_driveMode                                    bssCOMRAM    000045
_flags                                        bssBANK0     000086
_fputc                                        text14       003724
_fputs                                        text13       003C54
_getBatteryVoltage                            text6        0041AC
_getCurve                                     text4        0024E2
_getReverse                                   text3        002C96
_loop                                         text1        002A00
_main                                         text0        00421A
_motPow                                       bssBANK0     000092
_nout                                         bssBANK0     000080
_oldDistLeft                                  bssBANK0     000098
_oldDistRight                                 bssBANK0     000096
_oldSpeed                                     bssBANK0     00008C
_pad                                          text11       003434
_prec                                         bssBANK0     000084
_printf                                       text7        00415C
_putch                                        text15       0042F8
_reverseCount                                 bssBANK0     00009A
_reverseTime                                  bssBANK0     00008A
_setMotor                                     text29       0031B8
_setSpeed                                     bssBANK0     000090
_setSteering                                  text22       00285C
_smtDuty                                      bssBANK0     00007C
_smtPeriod                                    bssBANK0     0000A3
_smtWay                                       bssBANK0     000078
_startAccell                                  text2        0038E0
_strlen                                       text12       003CD4
_tempCNT                                      bssBANK0     000088
_timer3ReloadVal                              nvBANK0      0000E1
_timer5ReloadVal                              nvBANK0      0000E5
_uart1RxBuffer                                bssBANK0     000068
_uart1RxCount                                 bssCOMRAM    000046
_uart1RxHead                                  bssCOMRAM    000048
_uart1RxLastError                             bssBANK0     0000A2
_uart1RxStatusBuffer                          bssBANK0     000060
_uart1RxTail                                  bssCOMRAM    000047
_uart1TxBuffer                                bssBANK0     000070
_uart1TxBufferRemaining                       nvBANK0      0000F5
_uart1TxHead                                  bssCOMRAM    00004A
_uart1TxTail                                  bssCOMRAM    000049
_utoa                                         text10       001F2E
_vfpfcnvrt                                    text9        002134
_vfprintf                                     text8        00395E
_width                                        bssBANK0     000082
actSpeed@speed                                cstackCOMRAM 000024
calcMotorPow@addMPow                          cstackBANK0  0000D0
calcMotorPow@oldSpeedDelta                    cstackBANK0  0000CE
calcMotorPow@setSpeedDelta                    cstackBANK0  0000CC
calcSpeed@speed                               cstackBANK0  0000CE
calcSteering@delta                            cstackBANK0  0000CC
end_of_initialization                         cinit        003DEE
fputc@c                                       cstackCOMRAM 000016
fputc@fp                                      cstackCOMRAM 000018
fputs@c                                       cstackCOMRAM 000023
fputs@fp                                      cstackCOMRAM 000021
fputs@i                                       cstackCOMRAM 000024
fputs@s                                       cstackCOMRAM 00001F
getCurve@deltaLeft                            cstackCOMRAM 000016
getCurve@deltaRight                           cstackCOMRAM 000018
intlevel0                                     text         000000
intlevel1                                     text         000000
intlevel2                                     text         000000
intlevel3                                     text         000000
isa$std                                       (abs)        000001
isa$xinst                                     (abs)        000000
ivt0x8_base                                   ivt0x8       000008
ivt0x8_undefint                               ivt0x8       0000AC
pad@buf                                       cstackCOMRAM 000028
pad@fp                                        cstackCOMRAM 000026
pad@i                                         cstackCOMRAM 00002D
pad@p                                         cstackCOMRAM 00002A
pad@w                                         cstackCOMRAM 00002F
printf@ap                                     cstackBANK0  0000DD
printf@fmt                                    cstackBANK0  0000D9
putch@txData                                  cstackCOMRAM 000015
setMotor@motorPower                           cstackCOMRAM 000018
setSteering@steering                          cstackCOMRAM 00001C
setSteering@steeringB                         cstackCOMRAM 000023
setSteering@steeringF                         cstackCOMRAM 000021
setSteering@steeringMode                      cstackCOMRAM 00001E
stackhi                                       (abs)        000FFF
stacklo                                       (abs)        000120
start                                         init         0000AE
startAccell@i                                 cstackCOMRAM 000025
start_initialization                          cinit        003DBE
strlen@a                                      cstackCOMRAM 000016
strlen@s                                      cstackCOMRAM 000014
utoa@d                                        cstackBANK0  0000A9
utoa@fp                                       cstackBANK0  0000A7
utoa@i                                        cstackBANK0  0000BD
utoa@n                                        cstackBANK0  0000B5
utoa@p                                        cstackBANK0  0000B1
utoa@w                                        cstackBANK0  0000B3
vfpfcnvrt@ap                                  cstackBANK0  0000C3
vfpfcnvrt@fmt                                 cstackBANK0  0000C1
vfpfcnvrt@fp                                  cstackBANK0  0000BF
vfpfcnvrt@llu                                 cstackBANK0  0000C9
vfprintf@ap                                   cstackBANK0  0000D5
vfprintf@cfmt                                 cstackBANK0  0000D7
vfprintf@fmt                                  cstackBANK0  0000D3
vfprintf@fp                                   cstackBANK0  0000D1


MODULE INFORMATION

Module		Function		Class		Link	Load	Size
C:\Program Files\Microchip\xc8\v2.32\pic\sources\c99\common\awdiv.c
		___awdiv       		CODE           	34FA	0000	196

C:\Program Files\Microchip\xc8\v2.32\pic\sources\c99\common\awdiv.c estimated size: 196

C:\Program Files\Microchip\xc8\v2.32\pic\sources\c99\common\sprcadd.c
		___fladd       		CODE           	1042	0000	1218

C:\Program Files\Microchip\xc8\v2.32\pic\sources\c99\common\sprcadd.c estimated size: 1218

mcc_generated_files/pwm8.c
		_PWM8_LoadDutyValue		CODE           	3E5C	0000	52
		_PWM8_Initialize		CODE           	4272	0000	24

mcc_generated_files/pwm8.c estimated size: 76

C:\Program Files\Microchip\xc8\v2.32\pic\sources\c99\common\aldiv.c
		___aldiv       		CODE           	2DB0	0000	268

C:\Program Files\Microchip\xc8\v2.32\pic\sources\c99\common\aldiv.c estimated size: 268

mcc_generated_files/pwm6.c
		_PWM6_LoadDutyValue		CODE           	3DF4	0000	52
		_PWM6_Initialize		CODE           	42A2	0000	24

mcc_generated_files/pwm6.c estimated size: 76

C:\Program Files\Microchip\xc8\v2.32\pic\sources\c99\common\doprnt.c
		_vfpfcnvrt     		CODE           	2134	0000	480
		_pad           		CODE           	3434	0000	198
		_vfprintf      		CODE           	395E	0000	104
		_utoa          		CODE           	1F2E	0000	518

C:\Program Files\Microchip\xc8\v2.32\pic\sources\c99\common\doprnt.c estimated size: 1300

mcc_generated_files/tmr4.c
		_TMR4_ISR      		CODE           	3C98	0000	60
		_TMR4_Initialize		CODE           	40AC	0000	44
		_TMR4_SetInterruptHandler		CODE           	433E	0000	10
		_TMR4_DefaultInterruptHandler		CODE           	436A	0000	2
		_TMR4_CallBack 		CODE           	407E	0000	46

mcc_generated_files/tmr4.c estimated size: 162

mcc_generated_files/tmr2.c
		_TMR2_Initialize		CODE           	423A	0000	28

mcc_generated_files/tmr2.c estimated size: 28

mcc_generated_files/interrupt_manager.c
		_INTERRUPT_Initialize		CODE           	3B2C	0000	76
		_Default_ISR   		CODE           	436C	0000	2

mcc_generated_files/interrupt_manager.c estimated size: 78

C:\Program Files\Microchip\xc8\v2.32\pic\sources\c99\common\lomod.c
		___lomod       		CODE           	329A	0000	208

C:\Program Files\Microchip\xc8\v2.32\pic\sources\c99\common\lomod.c estimated size: 208

mcc_generated_files/pin_manager.c
		_PIN_MANAGER_Initialize		CODE           	336A	0000	202

mcc_generated_files/pin_manager.c estimated size: 202

C:\Program Files\Microchip\xc8\v2.32\pic\sources\c99\common\nf_fputs.c
		_fputs         		CODE           	3C54	0000	68

C:\Program Files\Microchip\xc8\v2.32\pic\sources\c99\common\nf_fputs.c estimated size: 68

mcc_generated_files/ccp4.c
		_CCP4_SetCallBack		CODE           	4348	0000	10
		_CCP4_CaptureISR		CODE           	3EF8	0000	52
		_CCP4_DefaultCallBack		CODE           	3FF2	0000	48
		_CCP4_Initialize		CODE           	4022	0000	46

mcc_generated_files/ccp4.c estimated size: 156

mcc_generated_files/uart1.c
		_UART1_rx_vect_isr		CODE           	3D4C	0000	58
		_UART1_Write   		CODE           	39C6	0000	98
		_putch         		CODE           	42F8	0000	10
		_UART1_SetFramingErrorHandler		CODE           	4320	0000	10
		_UART1_SetOverrunErrorHandler		CODE           	4316	0000	10
		_UART1_tx_vect_isr		CODE           	3D10	0000	58
		_UART1_Receive_ISR		CODE           	35BE	0000	192
		_UART1_SetRxInterruptHandler		CODE           	430C	0000	10
		_UART1_SetTxInterruptHandler		CODE           	4302	0000	10
		_UART1_Initialize		CODE           	367E	0000	166
		_UART1_SetErrorHandler		CODE           	432A	0000	10
		_UART1_Transmit_ISR		CODE           	3C0C	0000	72
		_UART1_DefaultFramingErrorHandler		CODE           	4368	0000	2
		_UART1_DefaultErrorHandler		CODE           	435C	0000	6
		_UART1_RxDataHandler		CODE           	4104	0000	44
		_UART1_DefaultOverrunErrorHandler		CODE           	4366	0000	2

mcc_generated_files/uart1.c estimated size: 758

mcc_generated_files/pwm7.c
		_PWM7_LoadDutyValue		CODE           	3E90	0000	52
		_PWM7_Initialize		CODE           	428A	0000	24

mcc_generated_files/pwm7.c estimated size: 76

C:\Program Files\Microchip\xc8\v2.32\pic\sources\c99\common\lodiv.c
		___lodiv       		CODE           	30C8	0000	240

C:\Program Files\Microchip\xc8\v2.32\pic\sources\c99\common\lodiv.c estimated size: 240

mcc_generated_files/tmr5.c
		_TMR5_ReadTimer		CODE           	41F6	0000	36
		_TMR5_SetGateInterruptHandler		CODE           	4334	0000	10
		_TMR5_GATE_ISR 		CODE           	3F60	0000	50
		_TMR5_DefaultGateInterruptHandler		CODE           	4256	0000	28
		_TMR5_Initialize		CODE           	3BC2	0000	74
		_TMR5_Reload   		CODE           	42EA	0000	14
		_TMR5_WriteTimer		CODE           	4130	0000	44

mcc_generated_files/tmr5.c estimated size: 256

shared
		__initialization		CODE           	3DBE	0000	48

shared estimated size: 48

C:\Program Files\Microchip\xc8\v2.32\pic\sources\c99\common\sprcmul.c
		___flmul       		CODE           	1504	0000	1104

C:\Program Files\Microchip\xc8\v2.32\pic\sources\c99\common\sprcmul.c estimated size: 1104

mcc_generated_files/pwm5.c
		_PWM5_LoadDutyValue		CODE           	3E28	0000	52
		_PWM5_Initialize		CODE           	42BA	0000	24

mcc_generated_files/pwm5.c estimated size: 76

mcc_generated_files/smt1.c
		_SMT1_Initialize		CODE           	3F92	0000	48
		_SMT1_PR_ACQ_ISR		CODE           	3A84	0000	84
		_SMT1_PW_ACQ_ISR		CODE           	3AD8	0000	84
		_SMT1_Overflow_ISR		CODE           	4184	0000	40

mcc_generated_files/smt1.c estimated size: 256

mcc_generated_files/mcc.c
		_PMD_Initialize		CODE           	41D2	0000	36
		_OSCILLATOR_Initialize		CODE           	42D2	0000	24
		_SYSTEM_Initialize		CODE           	3B78	0000	74

mcc_generated_files/mcc.c estimated size: 134

mcc_generated_files/tmr3.c
		_TMR3_Initialize		CODE           	3D86	0000	56

mcc_generated_files/tmr3.c estimated size: 56

C:\Program Files\Microchip\xc8\v2.32\pic\sources\c99\common\sprcdiv.c
		___fldiv       		CODE           	1954	0000	924

C:\Program Files\Microchip\xc8\v2.32\pic\sources\c99\common\sprcdiv.c estimated size: 924

C:\Program Files\Microchip\xc8\v2.32\pic\sources\c99\common\fltol.c
		___fltol       		CODE           	2EBC	0000	264

C:\Program Files\Microchip\xc8\v2.32\pic\sources\c99\common\fltol.c estimated size: 264

C:\Program Files\Microchip\xc8\v2.32\pic\sources\c99\common\xxtofl.c
		___xxtofl      		CODE           	26A8	0000	436

C:\Program Files\Microchip\xc8\v2.32\pic\sources\c99\common\xxtofl.c estimated size: 436

C:\Program Files\Microchip\xc8\v2.32\pic\sources\c99\common\printf.c
		_printf        		CODE           	415C	0000	40

C:\Program Files\Microchip\xc8\v2.32\pic\sources\c99\common\printf.c estimated size: 40

C:\Program Files\Microchip\xc8\v2.32\pic\sources\c99\common\nf_fputc.c
		_fputc         		CODE           	3724	0000	150

C:\Program Files\Microchip\xc8\v2.32\pic\sources\c99\common\nf_fputc.c estimated size: 150

mcc_generated_files/adcc.c
		_ADCC_GetSingleConversion		CODE           	3F2C	0000	50
		_ADCC_Initialize		CODE           	3A28	0000	92

mcc_generated_files/adcc.c estimated size: 142

main.c
		_loop          		CODE           	2A00	0000	334
		_checkBatt     		CODE           	3850	0000	144
		_calcSteering  		CODE           	2314	0000	462
		_startAccell   		CODE           	38E0	0000	126
		_main          		CODE           	421A	0000	32
		_setMotor      		CODE           	31B8	0000	226
		_getBatteryVoltage		CODE           	41AC	0000	38
		_getCurve      		CODE           	24E2	0000	454
		_calcSpeed     		CODE           	1CF0	0000	574
		_calcMotorPow  		CODE           	2B4E	0000	328
		_setSteering   		CODE           	285C	0000	420
		_getReverse    		CODE           	2C96	0000	282
		_actSpeed      		CODE           	37BA	0000	150
		_TMR4_10msISR  		CODE           	4362	0000	4

main.c estimated size: 3574

C:\Program Files\Microchip\xc8\v2.32\pic\sources\c99\common\strlen.c
		_strlen        		CODE           	3CD4	0000	58

C:\Program Files\Microchip\xc8\v2.32\pic\sources\c99\common\strlen.c estimated size: 58

C:\Program Files\Microchip\xc8\v2.32\pic\sources\c99\common\flge.c
		___flge        		CODE           	2FC4	0000	260

C:\Program Files\Microchip\xc8\v2.32\pic\sources\c99\common\flge.c estimated size: 260

mcc_generated_files/clc3.c
		_CLC3_Initialize		CODE           	40D8	0000	44

mcc_generated_files/clc3.c estimated size: 44

mcc_generated_files/ccp3.c
		_CCP3_SetCallBack		CODE           	4352	0000	10
		_CCP3_CaptureISR		CODE           	3EC4	0000	52
		_CCP3_DefaultCallBack		CODE           	3FC2	0000	48
		_CCP3_Initialize		CODE           	4050	0000	46

mcc_generated_files/ccp3.c estimated size: 156

