Microchip MPLAB XC8 Compiler V2.36

Linker command line:

-W-3 --edf=C:\Program Files\Microchip\xc8\v2.36\pic\dat\en_msgs.txt \
  -pivt0x8=08h -cn -h+dist/default/production\CrazyCar.X.production.sym \
  --cmf=dist/default/production\CrazyCar.X.production.cmf -z -Q18F46K42 \
  -oC:\Users\STARTK~1\AppData\Local\Temp\xcAsdgs.4 --defsym=__MPLAB_BUILD=1 \
  -Mdist/default/production/CrazyCar.X.production.map \
  --md=C:\Users\STARTK~1\AppData\Local\Temp\xcAsdgs.dat -E1 \
  -ver=XC8 Compiler --acfsm=1493 -ACODE=00h-0FFFFh -ACONST=00h-0FFFFh \
  -ASMALLCONST=01000h-010FFhx240 -AMEDIUMCONST=01000h-0FFFFh \
  -ACOMRAM=01h-05Fh -AABS1=00h-0FFFh -ABIGRAM=01h-0FFFh \
  -ARAM=060h-0FFh,0100h-01FFhx15 -ABANK0=060h-0FFh -ABANK1=0100h-01FFh \
  -ABANK2=0200h-02FFh -ABANK3=0300h-03FFh -ABANK4=0400h-04FFh \
  -ABANK5=0500h-05FFh -ABANK6=0600h-06FFh -ABANK7=0700h-07FFh \
  -ABANK8=0800h-08FFh -ABANK9=0900h-09FFh -ABANK10=0A00h-0AFFh \
  -ABANK11=0B00h-0BFFh -ABANK12=0C00h-0CFFh -ABANK13=0D00h-0DFFh \
  -ABANK14=0E00h-0EFFh -ABANK15=0F00h-0FFFh \
  -ASFR=03800h-038FFhx7,03F00h-03F5Fh,03F60h-03FFFh -ABIGSFR=03800h-03FFFh \
  -ACONFIG=0300000h-0300009h -AIDLOC=0200000h-020000Fh \
  -AEEDATA=0310000h-03103FFh -peeprom_data=EEDATA -preset_vec=00h \
  -ppowerup=CODE,init -pramtop=01000h -psmallconst=SMALLCONST \
  -pmediumconst=MEDIUMCONST -pconst=CONST -AFARRAM=00h-00h \
  -prdata=COMRAM,nvrram=COMRAM,nvbit=COMRAM,rbss=COMRAM,rbit=COMRAM \
  -pfarbss=FARRAM,fardata=FARRAM,nvFARRAM=FARRAM \
  -pintsave_regs=BIGRAM,bigbss=BIGRAM,bigdata=BIGRAM -pbss=RAM \
  -pidata=CODE,irdata=CODE,ibigdata=CODE,ifardata=CODE -prparam=COMRAM \
  dist/default/production\startup.o \
  dist/default/production\CrazyCar.X.production.o 

Object code version is 3.11

Machine type is 18F46K42



                Name                               Link     Load   Length Selector   Space Scale
dist/default/production\startup.o
                config                           300000   300000        A        0       4
                init                                 AE       AE        4        4       0
                reset_vec                             0        0        4        0       0
dist/default/production\CrazyCar.X.production.o
                config                           300000   300000        A        0       4
                smallconst                         1000     1000       74      800       0
                ivt0x8                                8        8       A6        4       0
                text88                             3F24     3F24       28      EA9       0
                text87                             3754     3754       54      83A       0
                text86                             3A10     3A10       4A      83A       0
                text85                             3F96     3F96       24      EA9       0
                text84                             3ECE     3ECE       2C      EA9       0
                text83                             408C     408C        E      EA9       0
                text82                             3FDA     3FDA       1E      EA9       0
                text81                             3AA4     3AA4       48      EA9       0
                text80                             3D90     3D90       30      EA9       0
                text79                             3930     3930       4C      83A       0
                text78                             3D60     3D60       30      EA9       0
                text77                             38E4     38E4       4C      83A       0
                text76                             4110     4110        2      EA9       0
                text75                             410E     410E        2      EA9       0
                text74                             4104     4104        6      EA9       0
                text73                             3E1C     3E1C       2E      EA9       0
                text72                             3848     3848       50      83A       0
                text71                             3EA2     3EA2       2C      EA9       0
                text70                             40FE     40FE        6      EA9       0
                text69                             410C     410C        2      EA9       0
                text68                             410A     410A        2      EA9       0
                text67                             3286     3286       C0      83A       0
                text66                             37F8     37F8       50      83A       0
                text65                             3AEC     3AEC       44      EA9       0
                text64                             37A8     37A8       50      83A       0
                text63                             36F8     36F8       5C      83A       0
                text62                             40F4     40F4        A      EA9       0
                text61                             3DEE     3DEE       2E      EA9       0
                text60                             40EA     40EA        A      EA9       0
                text59                             3DC0     3DC0       2E      EA9       0
                text58                             3E76     3E76       2C      EA9       0
                text57                             3898     3898       4C      83A       0
                text56                             4074     4074       18      EA9       0
                text55                             302E     302E       CA      83A       0
                text54                             3F72     3F72       24      EA9       0
                text53                             405C     405C       18      EA9       0
                text52                             4044     4044       18      EA9       0
                text51                             402C     402C       18      EA9       0
                text50                             4014     4014       18      EA9       0
                text49                             3D30     3D30       30      EA9       0
                text48                             3FF8     3FF8       1C      EA9       0
                text47                             3BEA     3BEA       38      EA9       0
                text46                             40E0     40E0        A      EA9       0
                text45                             3E4A     3E4A       2C      EA9       0
                text44                             40D6     40D6        A      EA9       0
                text43                             39C6     39C6       4A      83A       0
                text42                             40CC     40CC        A      EA9       0
                text41                             40C2     40C2        A      EA9       0
                text40                             40B8     40B8        A      EA9       0
                text39                             40AE     40AE        A      EA9       0
                text38                             40A4     40A4        A      EA9       0
                text37                             3346     3346       A4      83A       0
                text36                             397C     397C       4A      83A       0
                text35                             2E42     2E42      106      83A       0
                text34                             31C0     31C0       C6      83A       0
                text33                             1536     1536      450      83A       0
                text32                             2D3A     2D3A      108      83A       0
                text31                             2306     2306      1B8      83A       0
                text30                             2C2C     2C2C      10E      83A       0
                text29                             33EA     33EA       9A      83A       0
                text28                             3CFA     3CFA       36      EA9       0
                text27                             3CC4     3CC4       36      EA9       0
                text26                             2F48     2F48       E6      83A       0
                text25                             2AE2     2AE2      14A      83A       0
                text24                             1074     1074      4C2      83A       0
                text23                             1EDA     1EDA      21E      83A       0
                text22                             3C8E     3C8E       36      EA9       0
                text21                             3C58     3C58       36      EA9       0
                text20                             24BE     24BE      1A2      83A       0
                text19                             2660     2660      192      83A       0
                text18                             3BAE     3BAE       3C      EA9       0
                text17                             27F2     27F2      18A      83A       0
                text16                             297C     297C      166      83A       0
                text15                             3B30     3B30       42      EA9       0
                text14                             369C     369C       5C      83A       0
                text13                             409A     409A        A      EA9       0
                text12                             3484     3484       98      83A       0
                text11                             3A5A     3A5A       48      83A       0
                text10                             3B72     3B72       3C      EA9       0
                text9                              30F8     30F8       C8      83A       0
                text8                              1986     1986      2E6      83A       0
                text7                              20F8     20F8      20E      83A       0
                text6                              3634     3634       68      83A       0
                text5                              3EFA     3EFA       2A      EA9       0
                text4                              3F4C     3F4C       26      EA9       0
                text3                              1C6C     1C6C      26E      83A       0
                text2                              35AE     35AE       86      83A       0
                text1                              351C     351C       92      83A       0
                text0                              3FBA     3FBA       20      EA9       0
                cstackCOMRAM                          1        1       22        1       1
                cstackBANK0                          60       60       54       60       1
                cstackBANK1                         120      120       10      100       1
                bssBANK1                            100      100       20      100       1
                bssBANK0                             B4       B4       3C       60       1
                bssCOMRAM                            23       23       15        1       1
                cinit                              3C22     3C22       36      EA9       0
                nvBANK0                              F0       F0       10       60       1
                nvCOMRAM                             38       38        9        1       1

TOTAL           Name                               Link     Load   Length     Space
        CLASS   CODE           
                init                                 AE       AE        4         0
                reset_vec                             0        0        4         0
                ivt0x8                                8        8       A6         0
                text88                             3F24     3F24       28         0
                text87                             3754     3754       54         0
                text86                             3A10     3A10       4A         0
                text85                             3F96     3F96       24         0
                text84                             3ECE     3ECE       2C         0
                text83                             408C     408C        E         0
                text82                             3FDA     3FDA       1E         0
                text81                             3AA4     3AA4       48         0
                text80                             3D90     3D90       30         0
                text79                             3930     3930       4C         0
                text78                             3D60     3D60       30         0
                text77                             38E4     38E4       4C         0
                text76                             4110     4110        2         0
                text75                             410E     410E        2         0
                text74                             4104     4104        6         0
                text73                             3E1C     3E1C       2E         0
                text72                             3848     3848       50         0
                text71                             3EA2     3EA2       2C         0
                text70                             40FE     40FE        6         0
                text69                             410C     410C        2         0
                text68                             410A     410A        2         0
                text67                             3286     3286       C0         0
                text66                             37F8     37F8       50         0
                text65                             3AEC     3AEC       44         0
                text64                             37A8     37A8       50         0
                text63                             36F8     36F8       5C         0
                text62                             40F4     40F4        A         0
                text61                             3DEE     3DEE       2E         0
                text60                             40EA     40EA        A         0
                text59                             3DC0     3DC0       2E         0
                text58                             3E76     3E76       2C         0
                text57                             3898     3898       4C         0
                text56                             4074     4074       18         0
                text55                             302E     302E       CA         0
                text54                             3F72     3F72       24         0
                text53                             405C     405C       18         0
                text52                             4044     4044       18         0
                text51                             402C     402C       18         0
                text50                             4014     4014       18         0
                text49                             3D30     3D30       30         0
                text48                             3FF8     3FF8       1C         0
                text47                             3BEA     3BEA       38         0
                text46                             40E0     40E0        A         0
                text45                             3E4A     3E4A       2C         0
                text44                             40D6     40D6        A         0
                text43                             39C6     39C6       4A         0
                text42                             40CC     40CC        A         0
                text41                             40C2     40C2        A         0
                text40                             40B8     40B8        A         0
                text39                             40AE     40AE        A         0
                text38                             40A4     40A4        A         0
                text37                             3346     3346       A4         0
                text36                             397C     397C       4A         0
                text35                             2E42     2E42      106         0
                text34                             31C0     31C0       C6         0
                text33                             1536     1536      450         0
                text32                             2D3A     2D3A      108         0
                text31                             2306     2306      1B8         0
                text30                             2C2C     2C2C      10E         0
                text29                             33EA     33EA       9A         0
                text28                             3CFA     3CFA       36         0
                text27                             3CC4     3CC4       36         0
                text26                             2F48     2F48       E6         0
                text25                             2AE2     2AE2      14A         0
                text24                             1074     1074      4C2         0
                text23                             1EDA     1EDA      21E         0
                text22                             3C8E     3C8E       36         0
                text21                             3C58     3C58       36         0
                text20                             24BE     24BE      1A2         0
                text19                             2660     2660      192         0
                text18                             3BAE     3BAE       3C         0
                text17                             27F2     27F2      18A         0
                text16                             297C     297C      166         0
                text15                             3B30     3B30       42         0
                text14                             369C     369C       5C         0
                text13                             409A     409A        A         0
                text12                             3484     3484       98         0
                text11                             3A5A     3A5A       48         0
                text10                             3B72     3B72       3C         0
                text9                              30F8     30F8       C8         0
                text8                              1986     1986      2E6         0
                text7                              20F8     20F8      20E         0
                text6                              3634     3634       68         0
                text5                              3EFA     3EFA       2A         0
                text4                              3F4C     3F4C       26         0
                text3                              1C6C     1C6C      26E         0
                text2                              35AE     35AE       86         0
                text1                              351C     351C       92         0
                text0                              3FBA     3FBA       20         0
                cinit                              3C22     3C22       36         0

        CLASS   CONST          

        CLASS   SMALLCONST     
                smallconst                         1000     1000       74         0

        CLASS   MEDIUMCONST    

        CLASS   COMRAM         
                cstackCOMRAM                          1        1       22         1
                bssCOMRAM                            23       23       15         1
                nvCOMRAM                             38       38        9         1

        CLASS   ABS1           

        CLASS   BIGRAM         

        CLASS   RAM            

        CLASS   BANK0          
                cstackBANK0                          60       60       54         1
                bssBANK0                             B4       B4       3C         1
                nvBANK0                              F0       F0       10         1

        CLASS   BANK1          
                cstackBANK1                         120      120       10         1
                bssBANK1                            100      100       20         1

        CLASS   BANK2          

        CLASS   BANK3          

        CLASS   BANK4          

        CLASS   BANK5          

        CLASS   BANK6          

        CLASS   BANK7          

        CLASS   BANK8          

        CLASS   BANK9          

        CLASS   BANK10         

        CLASS   BANK11         

        CLASS   BANK12         

        CLASS   BANK13         

        CLASS   BANK14         

        CLASS   BANK15         

        CLASS   SFR            

        CLASS   BIGSFR         

        CLASS   CONFIG         
                config                           300000   300000        A         4

        CLASS   IDLOC          

        CLASS   EEDATA         

        CLASS   FARRAM         

        CLASS   HEAP           

        CLASS   STACK          



SEGMENTS        Name                           Load    Length   Top    Selector   Space  Class

                reset_vec                      000000  000004  000004         0       0  CODE    
                cstackCOMRAM                   000001  000040  000041         1       1  COMRAM  
                ivt0x8                         000008  0000AA  0000B2         4       0  CODE    
                cstackBANK0                    000060  0000A0  000100        60       1  BANK0   
                bssBANK1                       000100  000030  000130       100       1  BANK1   
                smallconst                     001000  000074  001074       800       0  SMALLCON
                text24                         001074  002A2E  003AA2       83A       0  CODE    
                text81                         003AA4  00066E  004112       EA9       0  CODE    


UNUSED ADDRESS RANGES

        Name                Unused          Largest block    Delta
        BANK1            000130-0001FF               D0
        BANK10           000A00-000AFF              100
        BANK11           000B00-000BFF              100
        BANK12           000C00-000CFF              100
        BANK13           000D00-000DFF              100
        BANK14           000E00-000EFF              100
        BANK15           000F00-000FFF              100
        BANK2            000200-0002FF              100
        BANK3            000300-0003FF              100
        BANK4            000400-0004FF              100
        BANK5            000500-0005FF              100
        BANK6            000600-0006FF              100
        BANK7            000700-0007FF              100
        BANK8            000800-0008FF              100
        BANK9            000900-0009FF              100
        BIGRAM           000041-00005F               1F
                         000130-000FFF              ED0
        BIGSFR           003800-003FFF              800
        CODE             000004-000007                4
                         0000B2-000FFF              F4E
                         003AA2-003AA3                2
                         004112-00FFFF             BEEE
        COMRAM           000041-00005F               1F
        CONST            000004-000007                4
                         0000B2-000FFF              F4E
                         003AA2-003AA3                2
                         004112-00FFFF             BEEE
        EEDATA           310000-3103FF              400
        IDLOC            200000-20000F               10
        MEDIUMCONST      003AA2-003AA3                2
                         004112-00FFFF             BEEE
        RAM              000130-000FFF              100
        SFR              003800-003FFF              100
        SMALLCONST       003AA2-003AA3                2
                         004112-00FFFF              100

                                  Symbol Table

?_ADCC_GetSingleConversion                    cstackCOMRAM 000020
?_TMR5_ReadTimer                              cstackCOMRAM 00000D
?___aldiv                                     cstackBANK0  000060
?___aodiv                                     cstackBANK0  000060
?___aomod                                     cstackBANK0  000060
?___awdiv                                     cstackBANK0  000060
?___fladd                                     cstackBANK0  00008F
?___flmul                                     cstackBANK0  000076
?___fltol                                     cstackBANK0  00009F
?___xxtofl                                    cstackBANK0  000068
?_abs                                         cstackBANK0  000070
?_actSpeed                                    cstackCOMRAM 000020
?_dtoa                                        cstackBANK0  00007A
?_pad                                         cstackBANK0  000070
?_printf                                      cstackBANK1  000122
?_strlen                                      cstackCOMRAM 000020
?_vfpfcnvrt                                   cstackBANK0  00009E
?_vfprintf                                    cstackBANK0  0000AE
ADCC_GetSingleConversion@channel              cstackCOMRAM 000022
CCP3_CaptureISR@module                        cstackCOMRAM 000005
CCP3_DefaultCallBack@capturedValue            cstackCOMRAM 000001
CCP3_SetCallBack@customCallBack               cstackCOMRAM 000020
CCP4_CaptureISR@module                        cstackCOMRAM 00000B
CCP4_DefaultCallBack@capturedValue            cstackCOMRAM 000007
CCP4_SetCallBack@customCallBack               cstackCOMRAM 000020
INTERRUPT_Initialize@state                    cstackCOMRAM 000020
IVTBASEH                                      (abs)        003FD6
IVTBASEL                                      (abs)        003FD5
IVTBASEU                                      (abs)        003FD7
PWM5_LoadDutyValue@dutyValue                  cstackCOMRAM 000020
PWM6_LoadDutyValue@dutyValue                  cstackCOMRAM 000020
PWM7_LoadDutyValue@dutyValue                  cstackCOMRAM 000020
PWM8_LoadDutyValue@dutyValue                  cstackCOMRAM 000020
TMR4_ISR@CountCallBack                        bssCOMRAM    000027
TMR4_SetInterruptHandler@InterruptHandler     cstackCOMRAM 000020
TMR5_ReadTimer@readVal                        cstackCOMRAM 000011
TMR5_ReadTimer@readValHigh                    cstackCOMRAM 000013
TMR5_ReadTimer@readValLow                     cstackCOMRAM 000014
TMR5_SetGateInterruptHandler@InterruptHandler cstackCOMRAM 000020
TMR5_WriteTimer@timerVal                      cstackCOMRAM 00000D
UART1_SetErrorHandler@interruptHandler        cstackCOMRAM 000020
UART1_SetFramingErrorHandler@interruptHandler cstackCOMRAM 000020
UART1_SetOverrunErrorHandler@interruptHandler cstackCOMRAM 000020
UART1_SetRxInterruptHandler@InterruptHandler  cstackCOMRAM 000020
UART1_SetTxInterruptHandler@InterruptHandler  cstackCOMRAM 000020
UART1_Write@txData                            cstackCOMRAM 000020
_ADACCH                                       (abs)        003EE9
_ADACCL                                       (abs)        003EE8
_ADACCU                                       (abs)        003EEA
_ADACQH                                       (abs)        003EF4
_ADACQL                                       (abs)        003EF3
_ADACT                                        (abs)        003EFE
_ADCAP                                        (abs)        003EF5
_ADCC_GetSingleConversion                     text18       003BAE
_ADCC_Initialize                              text63       0036F8
_ADCLK                                        (abs)        003EFF
_ADCNT                                        (abs)        003EEB
_ADCON0                                       (abs)        003EF8
_ADCON0bits                                   (abs)        003EF8
_ADCON1                                       (abs)        003EF9
_ADCON1bits                                   (abs)        003EF9
_ADCON2                                       (abs)        003EFA
_ADCON2bits                                   (abs)        003EFA
_ADCON3                                       (abs)        003EFB
_ADCON3bits                                   (abs)        003EFB
_ADERRH                                       (abs)        003EE3
_ADERRL                                       (abs)        003EE2
_ADFLTRH                                      (abs)        003EE7
_ADFLTRL                                      (abs)        003EE6
_ADLTHH                                       (abs)        003EDF
_ADLTHL                                       (abs)        003EDE
_ADPCH                                        (abs)        003EF1
_ADPREH                                       (abs)        003EF7
_ADPREL                                       (abs)        003EF6
_ADPREVH                                      (abs)        003EEE
_ADPREVL                                      (abs)        003EED
_ADREF                                        (abs)        003EFD
_ADRESH                                       (abs)        003EF0
_ADRESL                                       (abs)        003EEF
_ADRPT                                        (abs)        003EEC
_ADSTAT                                       (abs)        003EFC
_ADSTATbits                                   (abs)        003EFC
_ADSTPTH                                      (abs)        003EE5
_ADSTPTL                                      (abs)        003EE4
_ADUTHH                                       (abs)        003EE1
_ADUTHL                                       (abs)        003EE0
_ANSELA                                       (abs)        003A40
_ANSELB                                       (abs)        003A50
_ANSELC                                       (abs)        003A60
_ANSELD                                       (abs)        003A70
_ANSELE                                       (abs)        003A80
_BatteryVolt                                  nvBANK0      0000F0
_CCP3CAP                                      (abs)        003F77
_CCP3CON                                      (abs)        003F76
_CCP3PPS                                      (abs)        003ACF
_CCP3_CallBack                                nvBANK0      0000F8
_CCP3_CaptureISR                              text77       0038E4
_CCP3_DefaultCallBack                         text78       003D60
_CCP3_Initialize                              text61       003DEE
_CCP3_SetCallBack                             text62       0040F4
_CCP4CAP                                      (abs)        003F73
_CCP4CON                                      (abs)        003F72
_CCP4PPS                                      (abs)        003AD0
_CCP4_CallBack                                nvBANK0      0000F6
_CCP4_CaptureISR                              text79       003930
_CCP4_DefaultCallBack                         text80       003D90
_CCP4_Initialize                              text59       003DC0
_CCP4_SetCallBack                             text60       0040EA
_CCPR3H                                       (abs)        003F75
_CCPR3L                                       (abs)        003F74
_CCPR4H                                       (abs)        003F71
_CCPR4L                                       (abs)        003F70
_CCPTMRS0bits                                 (abs)        003F5E
_CCPTMRS1bits                                 (abs)        003F5F
_CLC3CON                                      (abs)        003C60
_CLC3CONbits                                  (abs)        003C60
_CLC3GLS0                                     (abs)        003C66
_CLC3GLS1                                     (abs)        003C67
_CLC3GLS2                                     (abs)        003C68
_CLC3GLS3                                     (abs)        003C69
_CLC3POL                                      (abs)        003C61
_CLC3SEL0                                     (abs)        003C62
_CLC3SEL1                                     (abs)        003C63
_CLC3SEL2                                     (abs)        003C64
_CLC3SEL3                                     (abs)        003C65
_CLC3_Initialize                              text58       003E76
_CLCIN0PPS                                    (abs)        003AD9
_CLCIN2PPS                                    (abs)        003ADB
_CLCIN3PPS                                    (abs)        003ADC
_Default_ISR                                  text76       004110
_GIE                                          (abs)        01FE97
_INLVLA                                       (abs)        003A44
_INLVLB                                       (abs)        003A54
_INLVLC                                       (abs)        003A64
_INLVLD                                       (abs)        003A74
_INLVLE                                       (abs)        003A84
_INTCON0bits                                  (abs)        003FD2
_INTERRUPT_Initialize                         text57       003898
_IPR10bits                                    (abs)        00398A
_IPR1bits                                     (abs)        003981
_IPR3bits                                     (abs)        003983
_IPR7bits                                     (abs)        003987
_IPR8bits                                     (abs)        003988
_IPR9bits                                     (abs)        003989
_IVTBASEH                                     (abs)        003FD6
_IVTBASEL                                     (abs)        003FD5
_IVTBASEU                                     (abs)        003FD7
_IVTLOCK                                      (abs)        003FD4
_IVTLOCKbits                                  (abs)        003FD4
_LATA                                         (abs)        003FBA
_LATB                                         (abs)        003FBB
_LATC                                         (abs)        003FBC
_LATD                                         (abs)        003FBD
_LATE                                         (abs)        003FBE
_ODCONA                                       (abs)        003A42
_ODCONB                                       (abs)        003A52
_ODCONC                                       (abs)        003A62
_ODCOND                                       (abs)        003A72
_ODCONE                                       (abs)        003A82
_OSCCON1                                      (abs)        0039D9
_OSCCON3                                      (abs)        0039DB
_OSCEN                                        (abs)        0039DD
_OSCFRQ                                       (abs)        0039DF
_OSCILLATOR_Initialize                        text56       004074
_OSCTUNE                                      (abs)        0039DE
_PIE10bits                                    (abs)        00399A
_PIE1bits                                     (abs)        003991
_PIE3bits                                     (abs)        003993
_PIE7bits                                     (abs)        003997
_PIE8bits                                     (abs)        003998
_PIE9bits                                     (abs)        003999
_PIN_MANAGER_Initialize                       text55       00302E
_PIR10bits                                    (abs)        0039AA
_PIR1bits                                     (abs)        0039A1
_PIR4bits                                     (abs)        0039A4
_PIR6bits                                     (abs)        0039A6
_PIR7bits                                     (abs)        0039A7
_PIR8bits                                     (abs)        0039A8
_PIR9bits                                     (abs)        0039A9
_PMD0                                         (abs)        0039C0
_PMD1                                         (abs)        0039C1
_PMD2                                         (abs)        0039C2
_PMD3                                         (abs)        0039C3
_PMD4                                         (abs)        0039C4
_PMD5                                         (abs)        0039C5
_PMD6                                         (abs)        0039C6
_PMD7                                         (abs)        0039C7
_PMD_Initialize                               text54       003F72
_PORTDbits                                    (abs)        003FCD
_PR2                                          (abs)        003FAB
_PR4                                          (abs)        003F9F
_PWM5CON                                      (abs)        003F6E
_PWM5DCH                                      (abs)        003F6D
_PWM5DCL                                      (abs)        003F6C
_PWM5_Initialize                              text53       00405C
_PWM5_LoadDutyValue                           text22       003C8E
_PWM6CON                                      (abs)        003F6A
_PWM6DCH                                      (abs)        003F69
_PWM6DCL                                      (abs)        003F68
_PWM6_Initialize                              text52       004044
_PWM6_LoadDutyValue                           text21       003C58
_PWM7CON                                      (abs)        003F66
_PWM7DCH                                      (abs)        003F65
_PWM7DCL                                      (abs)        003F64
_PWM7_Initialize                              text51       00402C
_PWM7_LoadDutyValue                           text28       003CFA
_PWM8CON                                      (abs)        003F62
_PWM8DCH                                      (abs)        003F61
_PWM8DCL                                      (abs)        003F60
_PWM8_Initialize                              text50       004014
_PWM8_LoadDutyValue                           text27       003CC4
_RA0PPS                                       (abs)        003A00
_RA1PPS                                       (abs)        003A01
_RA3PPS                                       (abs)        003A03
_RA4PPS                                       (abs)        003A04
_RB1I2C                                       (abs)        003A5A
_RB2I2C                                       (abs)        003A5B
_RB3PPS                                       (abs)        003A0B
_RC3I2C                                       (abs)        003A6A
_RC4I2C                                       (abs)        003A6B
_RD0I2C                                       (abs)        003A7A
_RD1I2C                                       (abs)        003A7B
_SLRCONA                                      (abs)        003A43
_SLRCONB                                      (abs)        003A53
_SLRCONC                                      (abs)        003A63
_SLRCOND                                      (abs)        003A73
_SLRCONE                                      (abs)        003A83
_SMT1CLK                                      (abs)        003F21
_SMT1CON0                                     (abs)        003F1E
_SMT1CON0bits                                 (abs)        003F1E
_SMT1CON1                                     (abs)        003F1F
_SMT1CON1bits                                 (abs)        003F1F
_SMT1CPR                                      (abs)        003F15
_SMT1CPW                                      (abs)        003F18
_SMT1PR                                       (abs)        003F1B
_SMT1PRH                                      (abs)        003F1C
_SMT1PRL                                      (abs)        003F1B
_SMT1PRU                                      (abs)        003F1D
_SMT1SIG                                      (abs)        003F22
_SMT1SIGPPS                                   (abs)        003AD2
_SMT1STAT                                     (abs)        003F20
_SMT1STATbits                                 (abs)        003F20
_SMT1TMR                                      (abs)        003F12
_SMT1WIN                                      (abs)        003F23
_SMT1WINPPS                                   (abs)        003AD1
_SMT1_Initialize                              text49       003D30
_SMT1_Overflow_ISR                            text88       003F24
_SMT1_PR_ACQ_ISR                              text86       003A10
_SMT1_PW_ACQ_ISR                              text87       003754
_SYSTEM_Initialize                            text36       00397C
_T2CLKCON                                     (abs)        003FAE
_T2CON                                        (abs)        003FAC
_T2CONbits                                    (abs)        003FAC
_T2HLT                                        (abs)        003FAD
_T2HLTbits                                    (abs)        003FAD
_T2PR                                         (abs)        003FAB
_T2RST                                        (abs)        003FAF
_T2RSTbits                                    (abs)        003FAF
_T2TMR                                        (abs)        003FAA
_T3CLK                                        (abs)        003FA9
_T3CON                                        (abs)        003FA6
_T3CONbits                                    (abs)        003FA6
_T3GATE                                       (abs)        003FA8
_T3GCON                                       (abs)        003FA7
_T3GCONbits                                   (abs)        003FA7
_T4CLKCON                                     (abs)        003FA2
_T4CON                                        (abs)        003FA0
_T4CONbits                                    (abs)        003FA0
_T4HLT                                        (abs)        003FA1
_T4HLTbits                                    (abs)        003FA1
_T4PR                                         (abs)        003F9F
_T4RST                                        (abs)        003FA3
_T4RSTbits                                    (abs)        003FA3
_T4TMR                                        (abs)        003F9E
_T5CLK                                        (abs)        003F9D
_T5CON                                        (abs)        003F9A
_T5CONbits                                    (abs)        003F9A
_T5GATE                                       (abs)        003F9C
_T5GCON                                       (abs)        003F9B
_T5GCONbits                                   (abs)        003F9B
_T5GPPS                                       (abs)        003AC9
_TMR2                                         (abs)        003FAA
_TMR2_Initialize                              text48       003FF8
_TMR3H                                        (abs)        003FA5
_TMR3L                                        (abs)        003FA4
_TMR3_Initialize                              text47       003BEA
_TMR4                                         (abs)        003F9E
_TMR4_10msISR                                 text74       004104
_TMR4_CallBack                                text73       003E1C
_TMR4_DefaultInterruptHandler                 text75       00410E
_TMR4_ISR                                     text72       003848
_TMR4_Initialize                              text45       003E4A
_TMR4_InterruptHandler                        nvBANK0      0000F2
_TMR4_SetInterruptHandler                     text46       0040E0
_TMR5H                                        (abs)        003F99
_TMR5L                                        (abs)        003F98
_TMR5_DefaultGateInterruptHandler             text82       003FDA
_TMR5_GATE_ISR                                text81       003AA4
_TMR5_GateInterruptHandler                    nvCOMRAM     000038
_TMR5_Initialize                              text43       0039C6
_TMR5_ReadTimer                               text85       003F96
_TMR5_Reload                                  text83       00408C
_TMR5_SetGateInterruptHandler                 text44       0040D6
_TMR5_WriteTimer                              text84       003ECE
_TRISA                                        (abs)        003FC2
_TRISB                                        (abs)        003FC3
_TRISC                                        (abs)        003FC4
_TRISD                                        (abs)        003FC5
_TRISE                                        (abs)        003FC6
_U1BRGH                                       (abs)        003DF6
_U1BRGL                                       (abs)        003DF5
_U1CON0                                       (abs)        003DF2
_U1CON1                                       (abs)        003DF3
_U1CON2                                       (abs)        003DF4
_U1ERRIE                                      (abs)        003DFA
_U1ERRIR                                      (abs)        003DF9
_U1ERRIRbits                                  (abs)        003DF9
_U1FIFO                                       (abs)        003DF7
_U1P1H                                        (abs)        003DED
_U1P1L                                        (abs)        003DEC
_U1P2H                                        (abs)        003DEF
_U1P2L                                        (abs)        003DEE
_U1P3H                                        (abs)        003DF1
_U1P3L                                        (abs)        003DF0
_U1RXB                                        (abs)        003DE8
_U1RXPPS                                      (abs)        003AE5
_U1TXB                                        (abs)        003DEA
_U1UIR                                        (abs)        003DF8
_UART1_DefaultErrorHandler                    text70       0040FE
_UART1_DefaultFramingErrorHandler             text69       00410C
_UART1_DefaultOverrunErrorHandler             text68       00410A
_UART1_ErrorHandler                           nvBANK0      0000FA
_UART1_FramingErrorHandler                    nvBANK0      0000FE
_UART1_Initialize                             text37       003346
_UART1_OverrunErrorHandler                    nvBANK0      0000FC
_UART1_Receive_ISR                            text67       003286
_UART1_RxDataHandler                          text71       003EA2
_UART1_RxInterruptHandler                     nvCOMRAM     00003E
_UART1_SetErrorHandler                        text42       0040CC
_UART1_SetFramingErrorHandler                 text41       0040C2
_UART1_SetOverrunErrorHandler                 text40       0040B8
_UART1_SetRxInterruptHandler                  text39       0040AE
_UART1_SetTxInterruptHandler                  text38       0040A4
_UART1_Transmit_ISR                           text65       003AEC
_UART1_TxInterruptHandler                     nvCOMRAM     00003C
_UART1_Write                                  text14       00369C
_UART1_rx_vect_isr                            text66       0037F8
_UART1_tx_vect_isr                            text64       0037A8
_WPUA                                         (abs)        003A41
_WPUB                                         (abs)        003A51
_WPUC                                         (abs)        003A61
_WPUD                                         (abs)        003A71
_WPUE                                         (abs)        003A81
__HRAM                                        (abs)        000000
__Habs1                                       abs1         000000
__Hbank0                                      bank0        000000
__Hbank1                                      bank1        000000
__Hbank10                                     bank10       000000
__Hbank11                                     bank11       000000
__Hbank12                                     bank12       000000
__Hbank13                                     bank13       000000
__Hbank14                                     bank14       000000
__Hbank15                                     bank15       000000
__Hbank2                                      bank2        000000
__Hbank3                                      bank3        000000
__Hbank4                                      bank4        000000
__Hbank5                                      bank5        000000
__Hbank6                                      bank6        000000
__Hbank7                                      bank7        000000
__Hbank8                                      bank8        000000
__Hbank9                                      bank9        000000
__Hbigbss                                     bigbss       000000
__Hbigdata                                    bigdata      000000
__Hbigram                                     bigram       000000
__Hbigsfr                                     bigsfr       000000
__Hbss                                        bss          000000
__HbssBANK0                                   bssBANK0     000000
__HbssBANK1                                   bssBANK1     000000
__HbssCOMRAM                                  bssCOMRAM    000000
__Hcinit                                      cinit        000000
__Hclrtext                                    clrtext      000000
__Hcomram                                     comram       000000
__Hconfig                                     config       30000A
__Hconst                                      const        000000
__HcstackBANK0                                cstackBANK0  000000
__HcstackBANK1                                cstackBANK1  000000
__HcstackCOMRAM                               cstackCOMRAM 000000
__Hdata                                       data         000000
__Heeprom_data                                eeprom_data  000000
__Hfarbss                                     farbss       000000
__Hfardata                                    fardata      000000
__Hheap                                       heap         000000
__Hibigdata                                   ibigdata     000000
__Hidata                                      idata        000000
__Hidloc                                      idloc        000000
__Hifardata                                   ifardata     000000
__Hinit                                       init         0000B2
__Hintsave_regs                               intsave_regs 000000
__Hirdata                                     irdata       000000
__Hivt0x8                                     ivt0x8       0000AE
__Hmediumconst                                mediumconst  000000
__HnvBANK0                                    nvBANK0      000000
__HnvCOMRAM                                   nvCOMRAM     000000
__HnvFARRAM                                   nvFARRAM     000000
__Hnvbit                                      nvbit        000000
__Hnvrram                                     nvrram       000000
__Hparam                                      rparam       000000
__Hpowerup                                    powerup      000000
__Hram                                        ram          000000
__Hramtop                                     ramtop       001000
__Hrbit                                       rbit         000000
__Hrbss                                       rbss         000000
__Hrdata                                      rdata        000000
__Hreset_vec                                  reset_vec    000004
__Hrparam                                     rparam       000000
__Hsfr                                        sfr          000000
__Hsmallconst                                 smallconst   001074
__Hspace_0                                    (abs)        004112
__Hspace_1                                    (abs)        000130
__Hspace_2                                    (abs)        000000
__Hspace_4                                    (abs)        60000A
__Hstack                                      stack        000000
__Hstruct                                     struct       000000
__Htemp                                       temp         000000
__Htext                                       text         000000
__Htext0                                      text0        000000
__Htext1                                      text1        000000
__Htext10                                     text10       000000
__Htext11                                     text11       000000
__Htext12                                     text12       000000
__Htext13                                     text13       000000
__Htext14                                     text14       000000
__Htext15                                     text15       000000
__Htext16                                     text16       000000
__Htext17                                     text17       000000
__Htext18                                     text18       000000
__Htext19                                     text19       000000
__Htext2                                      text2        000000
__Htext20                                     text20       000000
__Htext21                                     text21       000000
__Htext22                                     text22       000000
__Htext23                                     text23       000000
__Htext24                                     text24       000000
__Htext25                                     text25       000000
__Htext26                                     text26       000000
__Htext27                                     text27       000000
__Htext28                                     text28       000000
__Htext29                                     text29       000000
__Htext3                                      text3        000000
__Htext30                                     text30       000000
__Htext31                                     text31       000000
__Htext32                                     text32       000000
__Htext33                                     text33       000000
__Htext34                                     text34       000000
__Htext35                                     text35       000000
__Htext36                                     text36       000000
__Htext37                                     text37       000000
__Htext38                                     text38       000000
__Htext39                                     text39       000000
__Htext4                                      text4        000000
__Htext40                                     text40       000000
__Htext41                                     text41       000000
__Htext42                                     text42       000000
__Htext43                                     text43       000000
__Htext44                                     text44       000000
__Htext45                                     text45       000000
__Htext46                                     text46       000000
__Htext47                                     text47       000000
__Htext48                                     text48       000000
__Htext49                                     text49       000000
__Htext5                                      text5        000000
__Htext50                                     text50       000000
__Htext51                                     text51       000000
__Htext52                                     text52       000000
__Htext53                                     text53       000000
__Htext54                                     text54       000000
__Htext55                                     text55       000000
__Htext56                                     text56       000000
__Htext57                                     text57       000000
__Htext58                                     text58       000000
__Htext59                                     text59       000000
__Htext6                                      text6        000000
__Htext60                                     text60       000000
__Htext61                                     text61       000000
__Htext62                                     text62       000000
__Htext63                                     text63       000000
__Htext64                                     text64       000000
__Htext65                                     text65       000000
__Htext66                                     text66       000000
__Htext67                                     text67       000000
__Htext68                                     text68       000000
__Htext69                                     text69       000000
__Htext7                                      text7        000000
__Htext70                                     text70       000000
__Htext71                                     text71       000000
__Htext72                                     text72       000000
__Htext73                                     text73       000000
__Htext74                                     text74       000000
__Htext75                                     text75       000000
__Htext76                                     text76       000000
__Htext77                                     text77       000000
__Htext78                                     text78       000000
__Htext79                                     text79       000000
__Htext8                                      text8        000000
__Htext80                                     text80       000000
__Htext81                                     text81       000000
__Htext82                                     text82       000000
__Htext83                                     text83       000000
__Htext84                                     text84       000000
__Htext85                                     text85       000000
__Htext86                                     text86       000000
__Htext87                                     text87       000000
__Htext88                                     text88       000000
__Htext89                                     text89       000000
__Htext9                                      text9        000000
__LRAM                                        (abs)        000001
__Labs1                                       abs1         000000
__Lbank0                                      bank0        000000
__Lbank1                                      bank1        000000
__Lbank10                                     bank10       000000
__Lbank11                                     bank11       000000
__Lbank12                                     bank12       000000
__Lbank13                                     bank13       000000
__Lbank14                                     bank14       000000
__Lbank15                                     bank15       000000
__Lbank2                                      bank2        000000
__Lbank3                                      bank3        000000
__Lbank4                                      bank4        000000
__Lbank5                                      bank5        000000
__Lbank6                                      bank6        000000
__Lbank7                                      bank7        000000
__Lbank8                                      bank8        000000
__Lbank9                                      bank9        000000
__Lbigbss                                     bigbss       000000
__Lbigdata                                    bigdata      000000
__Lbigram                                     bigram       000000
__Lbigsfr                                     bigsfr       000000
__Lbss                                        bss          000000
__LbssBANK0                                   bssBANK0     000000
__LbssBANK1                                   bssBANK1     000000
__LbssCOMRAM                                  bssCOMRAM    000000
__Lcinit                                      cinit        000000
__Lclrtext                                    clrtext      000000
__Lcomram                                     comram       000000
__Lconfig                                     config       000000
__Lconst                                      const        000000
__LcstackBANK0                                cstackBANK0  000000
__LcstackBANK1                                cstackBANK1  000000
__LcstackCOMRAM                               cstackCOMRAM 000000
__Ldata                                       data         000000
__Leeprom_data                                eeprom_data  000000
__Lfarbss                                     farbss       000000
__Lfardata                                    fardata      000000
__Lheap                                       heap         000000
__Libigdata                                   ibigdata     000000
__Lidata                                      idata        000000
__Lidloc                                      idloc        000000
__Lifardata                                   ifardata     000000
__Linit                                       init         0000AE
__Lintsave_regs                               intsave_regs 000000
__Lirdata                                     irdata       000000
__Livt0x8                                     ivt0x8       000008
__Lmediumconst                                mediumconst  000000
__LnvBANK0                                    nvBANK0      000000
__LnvCOMRAM                                   nvCOMRAM     000000
__LnvFARRAM                                   nvFARRAM     000000
__Lnvbit                                      nvbit        000000
__Lnvrram                                     nvrram       000000
__Lparam                                      rparam       000000
__Lpowerup                                    powerup      000000
__Lram                                        ram          000000
__Lramtop                                     ramtop       001000
__Lrbit                                       rbit         000000
__Lrbss                                       rbss         000000
__Lrdata                                      rdata        000000
__Lreset_vec                                  reset_vec    000000
__Lrparam                                     rparam       000000
__Lsfr                                        sfr          000000
__Lsmallconst                                 smallconst   001000
__Lspace_0                                    (abs)        000000
__Lspace_1                                    (abs)        000000
__Lspace_2                                    (abs)        000000
__Lspace_4                                    (abs)        000000
__Lstack                                      stack        000000
__Lstruct                                     struct       000000
__Ltemp                                       temp         000000
__Ltext                                       text         000000
__Ltext0                                      text0        000000
__Ltext1                                      text1        000000
__Ltext10                                     text10       000000
__Ltext11                                     text11       000000
__Ltext12                                     text12       000000
__Ltext13                                     text13       000000
__Ltext14                                     text14       000000
__Ltext15                                     text15       000000
__Ltext16                                     text16       000000
__Ltext17                                     text17       000000
__Ltext18                                     text18       000000
__Ltext19                                     text19       000000
__Ltext2                                      text2        000000
__Ltext20                                     text20       000000
__Ltext21                                     text21       000000
__Ltext22                                     text22       000000
__Ltext23                                     text23       000000
__Ltext24                                     text24       000000
__Ltext25                                     text25       000000
__Ltext26                                     text26       000000
__Ltext27                                     text27       000000
__Ltext28                                     text28       000000
__Ltext29                                     text29       000000
__Ltext3                                      text3        000000
__Ltext30                                     text30       000000
__Ltext31                                     text31       000000
__Ltext32                                     text32       000000
__Ltext33                                     text33       000000
__Ltext34                                     text34       000000
__Ltext35                                     text35       000000
__Ltext36                                     text36       000000
__Ltext37                                     text37       000000
__Ltext38                                     text38       000000
__Ltext39                                     text39       000000
__Ltext4                                      text4        000000
__Ltext40                                     text40       000000
__Ltext41                                     text41       000000
__Ltext42                                     text42       000000
__Ltext43                                     text43       000000
__Ltext44                                     text44       000000
__Ltext45                                     text45       000000
__Ltext46                                     text46       000000
__Ltext47                                     text47       000000
__Ltext48                                     text48       000000
__Ltext49                                     text49       000000
__Ltext5                                      text5        000000
__Ltext50                                     text50       000000
__Ltext51                                     text51       000000
__Ltext52                                     text52       000000
__Ltext53                                     text53       000000
__Ltext54                                     text54       000000
__Ltext55                                     text55       000000
__Ltext56                                     text56       000000
__Ltext57                                     text57       000000
__Ltext58                                     text58       000000
__Ltext59                                     text59       000000
__Ltext6                                      text6        000000
__Ltext60                                     text60       000000
__Ltext61                                     text61       000000
__Ltext62                                     text62       000000
__Ltext63                                     text63       000000
__Ltext64                                     text64       000000
__Ltext65                                     text65       000000
__Ltext66                                     text66       000000
__Ltext67                                     text67       000000
__Ltext68                                     text68       000000
__Ltext69                                     text69       000000
__Ltext7                                      text7        000000
__Ltext70                                     text70       000000
__Ltext71                                     text71       000000
__Ltext72                                     text72       000000
__Ltext73                                     text73       000000
__Ltext74                                     text74       000000
__Ltext75                                     text75       000000
__Ltext76                                     text76       000000
__Ltext77                                     text77       000000
__Ltext78                                     text78       000000
__Ltext79                                     text79       000000
__Ltext8                                      text8        000000
__Ltext80                                     text80       000000
__Ltext81                                     text81       000000
__Ltext82                                     text82       000000
__Ltext83                                     text83       000000
__Ltext84                                     text84       000000
__Ltext85                                     text85       000000
__Ltext86                                     text86       000000
__Ltext87                                     text87       000000
__Ltext88                                     text88       000000
__Ltext89                                     text89       000000
__Ltext9                                      text9        000000
__S0                                          (abs)        004112
__S1                                          (abs)        000130
__S4                                          (abs)        000000
__S5                                          (abs)        000000
___aldiv                                      text30       002C2C
___aldiv@counter                              cstackBANK0  000068
___aldiv@dividend                             cstackBANK0  000060
___aldiv@divisor                              cstackBANK0  000064
___aldiv@quotient                             cstackBANK0  00006A
___aldiv@sign                                 cstackBANK0  000069
___aodiv                                      text17       0027F2
___aodiv@counter                              cstackBANK0  000070
___aodiv@dividend                             cstackBANK0  000060
___aodiv@divisor                              cstackBANK0  000068
___aodiv@quotient                             cstackBANK0  000072
___aodiv@sign                                 cstackBANK0  000071
___aomod                                      text16       00297C
___aomod@counter                              cstackCOMRAM 000020
___aomod@dividend                             cstackBANK0  000060
___aomod@divisor                              cstackBANK0  000068
___aomod@sign                                 cstackCOMRAM 000021
___awdiv                                      text34       0031C0
___awdiv@counter                              cstackBANK0  000064
___awdiv@dividend                             cstackBANK0  000060
___awdiv@divisor                              cstackBANK0  000062
___awdiv@quotient                             cstackBANK0  000066
___awdiv@sign                                 cstackBANK0  000065
___fladd                                      text24       001074
___fladd@a                                    cstackBANK0  000093
___fladd@aexp                                 cstackBANK0  00009C
___fladd@b                                    cstackBANK0  00008F
___fladd@bexp                                 cstackBANK0  00009D
___fladd@grs                                  cstackBANK0  00009E
___fladd@signs                                cstackBANK0  00009B
___flge                                       text35       002E42
___flge@ff1                                   cstackBANK0  000076
___flge@ff2                                   cstackBANK0  00007A
___flmul                                      text33       001536
___flmul@a                                    cstackBANK0  00007A
___flmul@aexp                                 cstackBANK0  000083
___flmul@b                                    cstackBANK0  000076
___flmul@bexp                                 cstackBANK0  000088
___flmul@grs                                  cstackBANK0  000084
___flmul@prod                                 cstackBANK0  000089
___flmul@sign                                 cstackBANK0  000082
___flmul@temp                                 cstackBANK0  00008D
___fltol                                      text32       002D3A
___fltol@exp1                                 cstackCOMRAM 000021
___fltol@f1                                   cstackBANK0  00009F
___fltol@sign1                                cstackCOMRAM 000020
___heap_hi                                    (abs)        000000
___heap_lo                                    (abs)        000000
___inthi_sp                                   stack        000000
___intlo_sp                                   stack        000000
___param_bank                                 (abs)        000000
___rparam_used                                (abs)        000001
___sp                                         stack        000000
___xxtofl                                     text31       002306
___xxtofl@arg                                 cstackBANK0  000072
___xxtofl@exp                                 cstackBANK0  000071
___xxtofl@sign                                cstackBANK0  000070
___xxtofl@val                                 cstackBANK0  000068
__accesstop                                   (abs)        000060
__activetblptr                                (abs)        000003
__end_of_ADCC_GetSingleConversion             text18       003BEA
__end_of_ADCC_Initialize                      text63       003754
__end_of_CCP3_CaptureISR                      text77       003930
__end_of_CCP3_DefaultCallBack                 text78       003D90
__end_of_CCP3_Initialize                      text61       003E1C
__end_of_CCP3_SetCallBack                     text62       0040FE
__end_of_CCP4_CaptureISR                      text79       00397C
__end_of_CCP4_DefaultCallBack                 text80       003DC0
__end_of_CCP4_Initialize                      text59       003DEE
__end_of_CCP4_SetCallBack                     text60       0040F4
__end_of_CLC3_Initialize                      text58       003EA2
__end_of_Default_ISR                          text76       004112
__end_of_INTERRUPT_Initialize                 text57       0038E4
__end_of_OSCILLATOR_Initialize                text56       00408C
__end_of_PIN_MANAGER_Initialize               text55       0030F8
__end_of_PMD_Initialize                       text54       003F96
__end_of_PWM5_Initialize                      text53       004074
__end_of_PWM5_LoadDutyValue                   text22       003CC4
__end_of_PWM6_Initialize                      text52       00405C
__end_of_PWM6_LoadDutyValue                   text21       003C8E
__end_of_PWM7_Initialize                      text51       004044
__end_of_PWM7_LoadDutyValue                   text28       003D30
__end_of_PWM8_Initialize                      text50       00402C
__end_of_PWM8_LoadDutyValue                   text27       003CFA
__end_of_SMT1_Initialize                      text49       003D60
__end_of_SMT1_Overflow_ISR                    text88       003F4C
__end_of_SMT1_PR_ACQ_ISR                      text86       003A5A
__end_of_SMT1_PW_ACQ_ISR                      text87       0037A8
__end_of_SYSTEM_Initialize                    text36       0039C6
__end_of_TMR2_Initialize                      text48       004014
__end_of_TMR3_Initialize                      text47       003C22
__end_of_TMR4_10msISR                         text74       00410A
__end_of_TMR4_CallBack                        text73       003E4A
__end_of_TMR4_DefaultInterruptHandler         text75       004110
__end_of_TMR4_ISR                             text72       003898
__end_of_TMR4_Initialize                      text45       003E76
__end_of_TMR4_SetInterruptHandler             text46       0040EA
__end_of_TMR5_DefaultGateInterruptHandler     text82       003FF8
__end_of_TMR5_GATE_ISR                        text81       003AEC
__end_of_TMR5_Initialize                      text43       003A10
__end_of_TMR5_ReadTimer                       text85       003FBA
__end_of_TMR5_Reload                          text83       00409A
__end_of_TMR5_SetGateInterruptHandler         text44       0040E0
__end_of_TMR5_WriteTimer                      text84       003EFA
__end_of_UART1_DefaultErrorHandler            text70       004104
__end_of_UART1_DefaultFramingErrorHandler     text69       00410E
__end_of_UART1_DefaultOverrunErrorHandler     text68       00410C
__end_of_UART1_Initialize                     text37       0033EA
__end_of_UART1_Receive_ISR                    text67       003346
__end_of_UART1_RxDataHandler                  text71       003ECE
__end_of_UART1_SetErrorHandler                text42       0040D6
__end_of_UART1_SetFramingErrorHandler         text41       0040CC
__end_of_UART1_SetOverrunErrorHandler         text40       0040C2
__end_of_UART1_SetRxInterruptHandler          text39       0040B8
__end_of_UART1_SetTxInterruptHandler          text38       0040AE
__end_of_UART1_Transmit_ISR                   text65       003B30
__end_of_UART1_Write                          text14       0036F8
__end_of_UART1_rx_vect_isr                    text66       003848
__end_of_UART1_tx_vect_isr                    text64       0037F8
__end_of___aldiv                              text30       002D3A
__end_of___aodiv                              text17       00297C
__end_of___aomod                              text16       002AE2
__end_of___awdiv                              text34       003286
__end_of___fladd                              text24       001536
__end_of___flge                               text35       002F48
__end_of___flmul                              text33       001986
__end_of___fltol                              text32       002E42
__end_of___xxtofl                             text31       0024BE
__end_of__initialization                      cinit        003C52
__end_of_abs                                  text15       003B72
__end_of_actSpeed                             text29       003484
__end_of_calcMotorPow                         text25       002C2C
__end_of_calcSpeed                            text23       0020F8
__end_of_calcSteering                         text19       0027F2
__end_of_dtoa                                 text8        001C6C
__end_of_fputc                                text12       00351C
__end_of_fputs                                text11       003AA2
__end_of_getBatteryVoltage                    text4        003F72
__end_of_getCurve                             text3        001EDA
__end_of_getReverse                           text2        003634
__end_of_loop                                 text1        0035AE
__end_of_main                                 text0        003FDA
__end_of_pad                                  text9        0031C0
__end_of_printf                               text5        003F24
__end_of_putch                                text13       0040A4
__end_of_setMotor                             text26       00302E
__end_of_setSteering                          text20       002660
__end_of_strlen                               text10       003BAE
__end_of_vfpfcnvrt                            text7        002306
__end_of_vfprintf                             text6        00369C
__initialization                              cinit        003C22
__mediumconst                                 mediumconst  000000
__pbssBANK0                                   bssBANK0     0000B4
__pbssBANK1                                   bssBANK1     000100
__pbssCOMRAM                                  bssCOMRAM    000023
__pcinit                                      cinit        003C22
__pcstackBANK0                                cstackBANK0  000060
__pcstackBANK1                                cstackBANK1  000120
__pcstackCOMRAM                               cstackCOMRAM 000001
__pivt0x8                                     ivt0x8       000008
__pnvBANK0                                    nvBANK0      0000F0
__pnvCOMRAM                                   nvCOMRAM     000038
__psmallconst                                 smallconst   001000
__ptext0                                      text0        003FBA
[...]
__ptext40                                     text40       0040B8
__ptext41                                     text41       0040C2
__ptext42                                     text42       0040CC
__ptext43                                     text43       0039C6
__ptext44                                     text44       0040D6
__ptext45                                     text45       003E4A
__ptext46                                     text46       0040E0
__ptext47                                     text47       003BEA
__ptext48                                     text48       003FF8
__ptext49                                     text49       003D30
__ptext5                                      text5        003EFA
__ptext50                                     text50       004014
__ptext51                                     text51       00402C
__ptext52                                     text52       004044
__ptext53                                     text53       00405C
__ptext54                                     text54       003F72
__ptext55                                     text55       00302E
__ptext56                                     text56       004074
__ptext57                                     text57       003898
__ptext58                                     text58       003E76
__ptext59                                     text59       003DC0
__ptext6                                      text6        003634
__ptext60                                     text60       0040EA
__ptext61                                     text61       003DEE
__ptext62                                     text62       0040F4
__ptext63                                     text63       0036F8
__ptext64                                     text64       0037A8
__ptext65                                     text65       003AEC
__ptext66                                     text66       0037F8
__ptext67                                     text67       003286
__ptext68                                     text68       00410A
__ptext69                                     text69       00410C
__ptext7                                      text7        0020F8
__ptext70                                     text70       0040FE
__ptext71                                     text71       003EA2
__ptext72                                     text72       003848
__ptext73                                     text73       003E1C
__ptext74                                     text74       004104
__ptext75                                     text75       00410E
__ptext76                                     text76       004110
__ptext77                                     text77       0038E4
__ptext78                                     text78       003D60
__ptext79                                     text79       003930
__ptext8                                      text8        001986
__ptext80                                     text80       003D90
__ptext81                                     text81       003AA4
__ptext82                                     text82       003FDA
__ptext83                                     text83       00408C
__ptext84                                     text84       003ECE
__ptext85                                     text85       003F96
__ptext86                                     text86       003A10
__ptext87                                     text87       003754
__ptext88                                     text88       003F24
__ptext89                                     text89       000000
__ptext9                                      text9        0030F8
__ramtop                                      ramtop       001000
__smallconst                                  smallconst   001000
_abs                                          text15       003B30
_actMotorPow                                  bssBANK0     0000DA
_actSpeed                                     text29       0033EA
_calcMotorPow                                 text25       002AE2
_calcSpeed                                    text23       001EDA
_calcSteering                                 text19       002660
_currentSpeed                                 bssBANK0     0000DE
_curveMode                                    bssBANK0     0000EC
_cycle10ms                                    bssBANK0     0000EB
_dbuf                                         bssBANK1     000100
_delay                                        bssBANK0     0000EA
_distFront                                    bssBANK0     0000EE
_distLeft                                     bssBANK0     0000E8
_distLeftM                                    bssCOMRAM    00002B
_distRight                                    bssBANK0     0000E6
_distRightM                                   bssCOMRAM    000029
_driveMode                                    bssBANK0     0000ED
_dtoa                                         text8        001986
_dtoa$3454                                    cstackBANK0  00008C
_flags                                        bssCOMRAM    000023
_fputc                                        text12       003484
_fputs                                        text11       003A5A
_getBatteryVoltage                            text4        003F4C
_getCurve                                     text3        001C6C
_getReverse                                   text2        0035AE
_loop                                         text1        00351C
_main                                         text0        003FBA
_motPow                                       bssCOMRAM    000025
_nout                                         bssBANK0     0000D4
_oldDistLeft                                  bssBANK0     0000E4
_oldDistRight                                 bssBANK0     0000E2
_oldSpeed                                     bssBANK0     0000DC
_pad                                          text9        0030F8
_prec                                         bssBANK0     0000D8
_printf                                       text5        003EFA
_putch                                        text13       00409A
_reverseCount                                 bssCOMRAM    00002D
_setMotor                                     text26       002F48
_setSpeed                                     bssBANK0     0000E0
_setSteering                                  text20       0024BE
_smtDuty                                      bssBANK0     0000D0
_smtPeriod                                    bssCOMRAM    000034
_smtWay                                       bssBANK0     0000CC
_strlen                                       text10       003B72
_timer3ReloadVal                              nvBANK0      0000F4
_timer5ReloadVal                              nvCOMRAM     00003A
_uart1RxBuffer                                bssBANK0     0000BC
_uart1RxCount                                 bssCOMRAM    00002F
_uart1RxHead                                  bssCOMRAM    000031
_uart1RxLastError                             bssCOMRAM    00002E
_uart1RxStatusBuffer                          bssBANK0     0000B4
_uart1RxTail                                  bssCOMRAM    000030
_uart1TxBuffer                                bssBANK0     0000C4
_uart1TxBufferRemaining                       nvCOMRAM     000040
_uart1TxHead                                  bssCOMRAM    000033
_uart1TxTail                                  bssCOMRAM    000032
_vfpfcnvrt                                    text7        0020F8
_vfprintf                                     text6        003634
_width                                        bssBANK0     0000D6
abs@a                                         cstackBANK0  000070
actSpeed@speed                                cstackBANK0  00006E
calcMotorPow@addMPow                          cstackBANK0  0000AD
calcMotorPow@oldSpeedDelta                    cstackBANK0  0000AB
calcMotorPow@setSpeedDelta                    cstackBANK0  0000A9
calcSpeed@speed                               cstackBANK0  0000AB
calcSteering@delta                            cstackBANK0  000073
dtoa@d                                        cstackBANK0  00007C
dtoa@fp                                       cstackBANK0  00007A
dtoa@i                                        cstackBANK0  00009C
dtoa@n                                        cstackBANK0  000094
dtoa@p                                        cstackBANK0  00008E
dtoa@s                                        cstackBANK0  000092
dtoa@w                                        cstackBANK0  000090
end_of_initialization                         cinit        003C52
fputc@c                                       cstackBANK0  000060
fputc@fp                                      cstackBANK0  000062
fputs@c                                       cstackBANK0  00006D
fputs@fp                                      cstackBANK0  00006B
fputs@i                                       cstackBANK0  00006E
fputs@s                                       cstackBANK0  000069
getCurve@deltaLeft                            cstackBANK1  00012C
getCurve@deltaRight                           cstackBANK1  00012E
intlevel0                                     text         000000
intlevel1                                     text         000000
intlevel2                                     text         000000
intlevel3                                     text         000000
isa$std                                       (abs)        000001
isa$xinst                                     (abs)        000000
ivt0x8_base                                   ivt0x8       000008
ivt0x8_undefint                               ivt0x8       0000AC
pad@buf                                       cstackBANK0  000072
pad@fp                                        cstackBANK0  000070
pad@i                                         cstackBANK0  000076
pad@p                                         cstackBANK0  000074
pad@w                                         cstackBANK0  000078
printf@ap                                     cstackBANK1  000128
printf@fmt                                    cstackBANK1  000122
putch@txData                                  cstackCOMRAM 000021
setMotor@motorPower                           cstackBANK0  000062
setSteering@steering                          cstackBANK0  000068
setSteering@steeringB                         cstackBANK0  00006F
setSteering@steeringF                         cstackBANK0  00006D
setSteering@steeringMode                      cstackBANK0  00006A
stackhi                                       (abs)        000000
stacklo                                       (abs)        000000
start                                         init         0000AE
start_initialization                          cinit        003C22
strlen@a                                      cstackBANK0  000060
strlen@s                                      cstackCOMRAM 000020
vfpfcnvrt@ap                                  cstackBANK0  0000A2
vfpfcnvrt@fmt                                 cstackBANK0  0000A0
vfpfcnvrt@fp                                  cstackBANK0  00009E
vfpfcnvrt@ll                                  cstackBANK0  0000A6
vfprintf@ap                                   cstackBANK0  0000B2
vfprintf@cfmt                                 cstackBANK1  000120
vfprintf@fmt                                  cstackBANK0  0000B0
vfprintf@fp                                   cstackBANK0  0000AE


MODULE INFORMATION

Module		Function		Class		Link	Load	Size
mcc_generated_files/pwm8.c
		_PWM8_LoadDutyValue		CODE           	3CC4	0000	54
		_PWM8_Initialize		CODE           	4014	0000	24

mcc_generated_files/pwm8.c estimated size: 78

C:\Program Files\Microchip\xc8\v2.36\pic\sources\c99\common\nf_fputs.c
		_fputs         		CODE           	3A5A	0000	72

C:\Program Files\Microchip\xc8\v2.36\pic\sources\c99\common\nf_fputs.c estimated size: 72

C:\Program Files\Microchip\xc8\v2.36\pic\sources\c99\common\printf.c
		_printf        		CODE           	3EFA	0000	42

C:\Program Files\Microchip\xc8\v2.36\pic\sources\c99\common\printf.c estimated size: 42

C:\Program Files\Microchip\xc8\v2.36\pic\sources\c99\common\aomod.c
		___aomod       		CODE           	297C	0000	358

C:\Program Files\Microchip\xc8\v2.36\pic\sources\c99\common\aomod.c estimated size: 358

mcc_generated_files/pwm6.c
		_PWM6_LoadDutyValue		CODE           	3C58	0000	54
		_PWM6_Initialize		CODE           	4044	0000	24

mcc_generated_files/pwm6.c estimated size: 78

C:\Program Files\Microchip\xc8\v2.36\pic\sources\c99\common\sprcmul.c
		___flmul       		CODE           	1536	0000	1104

C:\Program Files\Microchip\xc8\v2.36\pic\sources\c99\common\sprcmul.c estimated size: 1104

mcc_generated_files/tmr4.c
		_TMR4_ISR      		CODE           	3848	0000	80
		_TMR4_Initialize		CODE           	3E4A	0000	44
		_TMR4_SetInterruptHandler		CODE           	40E0	0000	10
		_TMR4_DefaultInterruptHandler		CODE           	410E	0000	2
		_TMR4_CallBack 		CODE           	3E1C	0000	46

mcc_generated_files/tmr4.c estimated size: 182

mcc_generated_files/tmr2.c
		_TMR2_Initialize		CODE           	3FF8	0000	28

mcc_generated_files/tmr2.c estimated size: 28

mcc_generated_files/interrupt_manager.c
		_INTERRUPT_Initialize		CODE           	3898	0000	76
		_Default_ISR   		CODE           	4110	0000	2

mcc_generated_files/interrupt_manager.c estimated size: 78

C:\Program Files\Microchip\xc8\v2.36\pic\sources\c99\common\xxtofl.c
		___xxtofl      		CODE           	2306	0000	440

C:\Program Files\Microchip\xc8\v2.36\pic\sources\c99\common\xxtofl.c estimated size: 440

mcc_generated_files/pin_manager.c
		_PIN_MANAGER_Initialize		CODE           	302E	0000	202

mcc_generated_files/pin_manager.c estimated size: 202

C:\Program Files\Microchip\xc8\v2.36\pic\sources\c99\common\strlen.c
		_strlen        		CODE           	3B72	0000	60

C:\Program Files\Microchip\xc8\v2.36\pic\sources\c99\common\strlen.c estimated size: 60

mcc_generated_files/ccp4.c
		_CCP4_SetCallBack		CODE           	40EA	0000	10
		_CCP4_CaptureISR		CODE           	3930	0000	76
		_CCP4_DefaultCallBack		CODE           	3D90	0000	48
		_CCP4_Initialize		CODE           	3DC0	0000	46

mcc_generated_files/ccp4.c estimated size: 180

C:\Program Files\Microchip\xc8\v2.36\pic\sources\c99\common\aodiv.c
		___aodiv       		CODE           	27F2	0000	394

C:\Program Files\Microchip\xc8\v2.36\pic\sources\c99\common\aodiv.c estimated size: 394

C:\Program Files\Microchip\xc8\v2.36\pic\sources\c99\common\nf_fputc.c
		_fputc         		CODE           	3484	0000	152

C:\Program Files\Microchip\xc8\v2.36\pic\sources\c99\common\nf_fputc.c estimated size: 152

C:\Program Files\Microchip\xc8\v2.36\pic\sources\c99\common\sprcadd.c
		___fladd       		CODE           	1074	0000	1218

C:\Program Files\Microchip\xc8\v2.36\pic\sources\c99\common\sprcadd.c estimated size: 1218

mcc_generated_files/uart1.c
		_UART1_rx_vect_isr		CODE           	37F8	0000	80
		_UART1_Write   		CODE           	369C	0000	92
		_putch         		CODE           	409A	0000	10
		_UART1_SetFramingErrorHandler		CODE           	40C2	0000	10
		_UART1_SetOverrunErrorHandler		CODE           	40B8	0000	10
		_UART1_tx_vect_isr		CODE           	37A8	0000	80
		_UART1_Receive_ISR		CODE           	3286	0000	192
		_UART1_SetRxInterruptHandler		CODE           	40AE	0000	10
		_UART1_SetTxInterruptHandler		CODE           	40A4	0000	10
		_UART1_Initialize		CODE           	3346	0000	164
		_UART1_SetErrorHandler		CODE           	40CC	0000	10
		_UART1_Transmit_ISR		CODE           	3AEC	0000	68
		_UART1_DefaultFramingErrorHandler		CODE           	410C	0000	2
		_UART1_DefaultErrorHandler		CODE           	40FE	0000	6
		_UART1_RxDataHandler		CODE           	3EA2	0000	44
		_UART1_DefaultOverrunErrorHandler		CODE           	410A	0000	2

mcc_generated_files/uart1.c estimated size: 790

mcc_generated_files/pwm7.c
		_PWM7_LoadDutyValue		CODE           	3CFA	0000	54
		_PWM7_Initialize		CODE           	402C	0000	24

mcc_generated_files/pwm7.c estimated size: 78

C:\Program Files\Microchip\xc8\v2.36\pic\sources\c99\common\awdiv.c
		___awdiv       		CODE           	31C0	0000	198

C:\Program Files\Microchip\xc8\v2.36\pic\sources\c99\common\awdiv.c estimated size: 198

C:\Program Files\Microchip\xc8\v2.36\pic\sources\c99\common\doprnt.c
		_vfpfcnvrt     		CODE           	20F8	0000	526
		_pad           		CODE           	30F8	0000	200
		_dtoa          		CODE           	1986	0000	742
		_vfprintf      		CODE           	3634	0000	104

C:\Program Files\Microchip\xc8\v2.36\pic\sources\c99\common\doprnt.c estimated size: 1572

C:\Program Files\Microchip\xc8\v2.36\pic\sources\c99\common\fltol.c
		___fltol       		CODE           	2D3A	0000	264

C:\Program Files\Microchip\xc8\v2.36\pic\sources\c99\common\fltol.c estimated size: 264

mcc_generated_files/tmr5.c
		_TMR5_ReadTimer		CODE           	3F96	0000	36
		_TMR5_SetGateInterruptHandler		CODE           	40D6	0000	10
		_TMR5_GATE_ISR 		CODE           	3AA4	0000	72
		_TMR5_DefaultGateInterruptHandler		CODE           	3FDA	0000	30
		_TMR5_Initialize		CODE           	39C6	0000	74
		_TMR5_Reload   		CODE           	408C	0000	14
		_TMR5_WriteTimer		CODE           	3ECE	0000	44

mcc_generated_files/tmr5.c estimated size: 280

shared
		__initialization		CODE           	3C22	0000	48

shared estimated size: 48

mcc_generated_files/pwm5.c
		_PWM5_LoadDutyValue		CODE           	3C8E	0000	54
		_PWM5_Initialize		CODE           	405C	0000	24

mcc_generated_files/pwm5.c estimated size: 78

mcc_generated_files/smt1.c
		_SMT1_Initialize		CODE           	3D30	0000	48
		_SMT1_PR_ACQ_ISR		CODE           	3A10	0000	74
		_SMT1_PW_ACQ_ISR		CODE           	3754	0000	84
		_SMT1_Overflow_ISR		CODE           	3F24	0000	40

mcc_generated_files/smt1.c estimated size: 246

C:\Program Files\Microchip\xc8\v2.36\pic\sources\c99\common\aldiv.c
		___aldiv       		CODE           	2C2C	0000	270

C:\Program Files\Microchip\xc8\v2.36\pic\sources\c99\common\aldiv.c estimated size: 270

mcc_generated_files/mcc.c
		_PMD_Initialize		CODE           	3F72	0000	36
		_OSCILLATOR_Initialize		CODE           	4074	0000	24
		_SYSTEM_Initialize		CODE           	397C	0000	74

mcc_generated_files/mcc.c estimated size: 134

mcc_generated_files/tmr3.c
		_TMR3_Initialize		CODE           	3BEA	0000	56

mcc_generated_files/tmr3.c estimated size: 56

C:\Program Files\Microchip\xc8\v2.36\pic\sources\c99\common\abs.c
		_abs           		CODE           	3B30	0000	66

C:\Program Files\Microchip\xc8\v2.36\pic\sources\c99\common\abs.c estimated size: 66

C:\Program Files\Microchip\xc8\v2.36\pic\sources\c99\common\flge.c
		___flge        		CODE           	2E42	0000	262

C:\Program Files\Microchip\xc8\v2.36\pic\sources\c99\common\flge.c estimated size: 262

mcc_generated_files/adcc.c
		_ADCC_GetSingleConversion		CODE           	3BAE	0000	60
		_ADCC_Initialize		CODE           	36F8	0000	92

mcc_generated_files/adcc.c estimated size: 152

main.c
		_loop          		CODE           	351C	0000	146
		_calcSteering  		CODE           	2660	0000	402
		_main          		CODE           	3FBA	0000	32
		_setMotor      		CODE           	2F48	0000	230
		_getBatteryVoltage		CODE           	3F4C	0000	38
		_getCurve      		CODE           	1C6C	0000	622
		_calcSpeed     		CODE           	1EDA	0000	542
		_calcMotorPow  		CODE           	2AE2	0000	330
		_setSteering   		CODE           	24BE	0000	418
		_getReverse    		CODE           	35AE	0000	134
		_actSpeed      		CODE           	33EA	0000	154
		_TMR4_10msISR  		CODE           	4104	0000	6

main.c estimated size: 3054

mcc_generated_files/clc3.c
		_CLC3_Initialize		CODE           	3E76	0000	44

mcc_generated_files/clc3.c estimated size: 44

mcc_generated_files/ccp3.c
		_CCP3_SetCallBack		CODE           	40F4	0000	10
		_CCP3_CaptureISR		CODE           	38E4	0000	76
		_CCP3_DefaultCallBack		CODE           	3D60	0000	48
		_CCP3_Initialize		CODE           	3DEE	0000	46

mcc_generated_files/ccp3.c estimated size: 180

