Microchip MPLAB XC8 Compiler V2.32

Linker command line:

-W-3 --edf=C:\Program Files\Microchip\xc8\v2.32\pic\dat\en_msgs.txt \
  -pivt0x8=08h -cn -h+dist/default/production\CrazyCar.X.production.sym \
  --cmf=dist/default/production\CrazyCar.X.production.cmf -z -Q18F46K42 \
  -oC:\Users\morit\AppData\Local\Temp\xcAse1g.5 --defsym=__MPLAB_BUILD=1 \
  -Mdist/default/production/CrazyCar.X.production.map -E1 -ver=XC8 Compiler \
  --acfsm=1493 -ASTACK=010Ch-0FFFh -pstack=STACK -ACODE=00h-0FFFFh \
  -ACONST=00h-0FFFFh -ASMALLCONST=01000h-010FFhx240 \
  -AMEDIUMCONST=01000h-0FFFFh -ACOMRAM=01h-05Fh -AABS1=00h-0FFFh \
  -ABIGRAM=01h-0FFFh -ARAM=060h-0FFh,0100h-01FFhx15 -ABANK0=060h-0FFh \
  -ABANK1=0100h-01FFh -ABANK2=0200h-02FFh -ABANK3=0300h-03FFh \
  -ABANK4=0400h-04FFh -ABANK5=0500h-05FFh -ABANK6=0600h-06FFh \
  -ABANK7=0700h-07FFh -ABANK8=0800h-08FFh -ABANK9=0900h-09FFh \
  -ABANK10=0A00h-0AFFh -ABANK11=0B00h-0BFFh -ABANK12=0C00h-0CFFh \
  -ABANK13=0D00h-0DFFh -ABANK14=0E00h-0EFFh -ABANK15=0F00h-0FFFh \
  -ASFR=03800h-038FFhx7,03F00h-03F5Fh,03F60h-03FFFh \
  -ACONFIG=0300000h-0300009h -AIDLOC=0200000h-020000Fh \
  -AEEDATA=0310000h-03103FFh -peeprom_data=EEDATA -preset_vec=00h \
  -ppowerup=CODE,init -pramtop=01000h -psmallconst=SMALLCONST \
  -pmediumconst=MEDIUMCONST -pconst=CONST -AFARRAM=00h-00h \
  -prdata=COMRAM,nvrram=COMRAM,nvbit=COMRAM,rbss=COMRAM,rbit=COMRAM \
  -pfarbss=FARRAM,fardata=FARRAM,nvFARRAM=FARRAM \
  -pintsave_regs=BIGRAM,bigbss=BIGRAM,bigdata=BIGRAM -pbss=RAM \
  -pidata=CODE,irdata=CODE,ibigdata=CODE,ifardata=CODE -prparam=COMRAM \
  C:\Users\morit\AppData\Local\Temp\xcAse1g.o \
  dist/default/production\CrazyCar.X.production.o 

Object code version is 3.11

Machine type is 18F46K42



                Name                               Link     Load   Length Selector   Space Scale
C:\Users\morit\AppData\Local\Temp\xcAse1g.o
                idloc                            200000   200000       10        0       5
                config                           300000   300000        A        0       4
                init                                 AE       AE        4        4       0
                reset_vec                             0        0        4        0       0
dist/default/production\CrazyCar.X.production.o
                idloc                            200000   200000       10        0       5
                config                           300000   300000        A        0       4
                smallconst                         1000     1000        E      800       0
                ivt0x8                                8        8       A6        4       0
                text83                             3924     3924       28      DCA       0
                text82                             32D0     32D0       54      807       0
                text81                             3404     3404       4A      807       0
                text80                             3996     3996       24      DCA       0
                text79                             38F8     38F8       2C      DCA       0
                text78                             3A9A     3A9A        E      DCA       0
                text77                             39F6     39F6       1C      DCA       0
                text76                             3728     3728       32      DCA       0
                text75                             37BA     37BA       30      DCA       0
                text74                             36C0     36C0       34      D61       0
                text73                             378A     378A       30      DCA       0
                text72                             368C     368C       34      D61       0
                text71                             3B20     3B20        2      EC8       0
                text70                             3B1C     3B1C        2      DCA       0
                text69                             3B12     3B12        6      DCA       0
                text68                             3846     3846       2E      DCA       0
                text67                             3584     3584       38      D61       0
                text66                             38CC     38CC       2C      DCA       0
                text65                             3B0C     3B0C        6      DCA       0
                text64                             3B1A     3B1A        2      DCA       0
                text63                             3B18     3B18        2      DCA       0
                text62                             2E8A     2E8A       C0      807       0
                text61                             3510     3510       3A      D44       0
                text60                             344E     344E       48      807       0
                text59                             34D4     34D4       3A      807       0
                text58                             3274     3274       5C      807       0
                text57                             3B02     3B02        A      DCA       0
                text56                             3818     3818       2E      DCA       0
                text55                             3AF8     3AF8        A      DCA       0
                text54                             37EA     37EA       2E      DCA       0
                text53                             38A0     38A0       2C      DCA       0
                text52                             3324     3324       4C      807       0
                text51                             3A72     3A72       18      DCA       0
                text50                             2CFC     2CFC       CA      807       0
                text49                             3972     3972       24      DCA       0
                text48                             3A5A     3A5A       18      DCA       0
                text47                             3A42     3A42       18      DCA       0
                text46                             3A2A     3A2A       18      DCA       0
                text45                             3A12     3A12       18      DCA       0
                text44                             375A     375A       30      DCA       0
                text43                             39DA     39DA       1C      DCA       0
                text42                             354A     354A       38      D44       0
                text41                             3AEE     3AEE        A      DCA       0
                text40                             3874     3874       2C      DCA       0
                text39                             3AE4     3AE4        A      DCA       0
                text38                             33BA     33BA       4A      807       0
                text37                             3ADA     3ADA        A      DCA       0
                text36                             3AD0     3AD0        A      DCA       0
                text35                             3AC6     3AC6        A      DCA       0
                text34                             3ABC     3ABC        A      DCA       0
                text33                             3AB2     3AB2        A      DCA       0
                text32                             2F4A     2F4A       A6      807       0
                text31                             3370     3370       4A      807       0
                text30                             2DC6     2DC6       C4      807       0
                text29                             14D0     14D0      450      807       0
                text28                             26D6     26D6      11E      807       0
                text27                             1FC2     1FC2      1B4      807       0
                text26                             290E     290E      10C      807       0
                text25                             3086     3086       94      807       0
                text24                             3658     3658       34      D61       0
                text23                             3624     3624       34      D61       0
                text22                             2C1A     2C1A       E2      807       0
                text21                             231A     231A      15A      807       0
                text20                             100E     100E      4C2      807       0
                text19                             1DAC     1DAC      216      807       0
                text18                             2A1A     2A1A      104      807       0
                text17                             36F4     36F4       32      D61       0
                text16                             3A8A     3A8A       10      DCA       0
                text15                             35F0     35F0       34      D61       0
                text14                             35BC     35BC       34      D61       0
                text13                             2176     2176      1A4      807       0
                text12                             311A     311A       90      807       0
                text11                             1920     1920      24C      807       0
                text10                             2B1E     2B1E       FC      807       0
                text9                              3212     3212       62      807       0
                text8                              3AA8     3AA8        A      DCA       0
                text7                              2FF0     2FF0       96      807       0
                text6                              27F4     27F4      11A      807       0
                text5                              31AA     31AA       68      807       0
                text4                              394C     394C       26      DCA       0
                text3                              1B6C     1B6C      240      807       0
                text2                              2474     2474      132      807       0
                text1                              25A6     25A6      130      807       0
                text0                              39BA     39BA       20      DCA       0
                cstackCOMRAM                          1        1       39        1       1
                cstackBANK0                          C7       C7       21       60       1
                cstackBANK1                         100      100        C      100       1
                bssBANK0                             60       60       67       60       1
                dataCOMRAM                           4C       4C        1        1       1
                bssCOMRAM                            3A       3A       12        1       1
                cinit                              3496     3496       3E      807       0
                nvBANK0                              E8       E8       17       60       1
                idataCOMRAM                        3B22     3B22        1      EC8       0

TOTAL           Name                               Link     Load   Length     Space
        CLASS   STACK          

        CLASS   CODE           
                init                                 AE       AE        4         0
                reset_vec                             0        0        4         0
                ivt0x8                                8        8       A6         0
                text83                             3924     3924       28         0
                text82                             32D0     32D0       54         0
                text81                             3404     3404       4A         0
                text80                             3996     3996       24         0
                text79                             38F8     38F8       2C         0
                text78                             3A9A     3A9A        E         0
                text77                             39F6     39F6       1C         0
                text76                             3728     3728       32         0
                text75                             37BA     37BA       30         0
                text74                             36C0     36C0       34         0
                text73                             378A     378A       30         0
                text72                             368C     368C       34         0
                text71                             3B20     3B20        2         0
                text70                             3B1C     3B1C        2         0
                text69                             3B12     3B12        6         0
                text68                             3846     3846       2E         0
                text67                             3584     3584       38         0
                text66                             38CC     38CC       2C         0
                text65                             3B0C     3B0C        6         0
                text64                             3B1A     3B1A        2         0
                text63                             3B18     3B18        2         0
                text62                             2E8A     2E8A       C0         0
                text61                             3510     3510       3A         0
                text60                             344E     344E       48         0
                text59                             34D4     34D4       3A         0
                text58                             3274     3274       5C         0
                text57                             3B02     3B02        A         0
                text56                             3818     3818       2E         0
                text55                             3AF8     3AF8        A         0
                text54                             37EA     37EA       2E         0
                text53                             38A0     38A0       2C         0
                text52                             3324     3324       4C         0
                text51                             3A72     3A72       18         0
                text50                             2CFC     2CFC       CA         0
                text49                             3972     3972       24         0
                text48                             3A5A     3A5A       18         0
                text47                             3A42     3A42       18         0
                text46                             3A2A     3A2A       18         0
                text45                             3A12     3A12       18         0
                text44                             375A     375A       30         0
                text43                             39DA     39DA       1C         0
                text42                             354A     354A       38         0
                text41                             3AEE     3AEE        A         0
                text40                             3874     3874       2C         0
                text39                             3AE4     3AE4        A         0
                text38                             33BA     33BA       4A         0
                text37                             3ADA     3ADA        A         0
                text36                             3AD0     3AD0        A         0
                text35                             3AC6     3AC6        A         0
                text34                             3ABC     3ABC        A         0
                text33                             3AB2     3AB2        A         0
                text32                             2F4A     2F4A       A6         0
                text31                             3370     3370       4A         0
                text30                             2DC6     2DC6       C4         0
                text29                             14D0     14D0      450         0
                text28                             26D6     26D6      11E         0
                text27                             1FC2     1FC2      1B4         0
                text26                             290E     290E      10C         0
                text25                             3086     3086       94         0
                text24                             3658     3658       34         0
                text23                             3624     3624       34         0
                text22                             2C1A     2C1A       E2         0
                text21                             231A     231A      15A         0
                text20                             100E     100E      4C2         0
                text19                             1DAC     1DAC      216         0
                text18                             2A1A     2A1A      104         0
                text17                             36F4     36F4       32         0
                text16                             3A8A     3A8A       10         0
                text15                             35F0     35F0       34         0
                text14                             35BC     35BC       34         0
                text13                             2176     2176      1A4         0
                text12                             311A     311A       90         0
                text11                             1920     1920      24C         0
                text10                             2B1E     2B1E       FC         0
                text9                              3212     3212       62         0
                text8                              3AA8     3AA8        A         0
                text7                              2FF0     2FF0       96         0
                text6                              27F4     27F4      11A         0
                text5                              31AA     31AA       68         0
                text4                              394C     394C       26         0
                text3                              1B6C     1B6C      240         0
                text2                              2474     2474      132         0
                text1                              25A6     25A6      130         0
                text0                              39BA     39BA       20         0
                cinit                              3496     3496       3E         0
                idataCOMRAM                        3B22     3B22        1         0

        CLASS   CONST          

        CLASS   SMALLCONST     
                smallconst                         1000     1000        E         0

        CLASS   MEDIUMCONST    

        CLASS   COMRAM         
                cstackCOMRAM                          1        1       39         1
                dataCOMRAM                           4C       4C        1         1
                bssCOMRAM                            3A       3A       12         1

        CLASS   ABS1           

        CLASS   BIGRAM         

        CLASS   RAM            

        CLASS   BANK0          
                cstackBANK0                          C7       C7       21         1
                bssBANK0                             60       60       67         1
                nvBANK0                              E8       E8       17         1

        CLASS   BANK1          
                cstackBANK1                         100      100        C         1

        CLASS   BANK2          

        CLASS   BANK3          

        CLASS   BANK4          

        CLASS   BANK5          

        CLASS   BANK6          

        CLASS   BANK7          

        CLASS   BANK8          

        CLASS   BANK9          

        CLASS   BANK10         

        CLASS   BANK11         

        CLASS   BANK12         

        CLASS   BANK13         

        CLASS   BANK14         

        CLASS   BANK15         

        CLASS   SFR            

        CLASS   CONFIG         
                config                           300000   300000        A         4

        CLASS   IDLOC          
                idloc                            200000   200000       10         5

        CLASS   EEDATA         

        CLASS   FARRAM         



SEGMENTS        Name                           Load    Length   Top    Selector   Space  Class

                reset_vec                      000000  000004  000004         0       0  CODE    
                cstackCOMRAM                   000001  00004C  00004D         1       1  COMRAM  
                ivt0x8                         000008  0000AA  0000B2         4       0  CODE    
                bssBANK0                       000060  00009F  0000FF        60       1  BANK0   
                cstackBANK1                    000100  00000C  00010C       100       1  BANK1   
                smallconst                     001000  00000E  00100E       800       0  SMALLCON
                text20                         00100E  002500  00350E       807       0  CODE    
                text61                         003510  000072  003582       D44       0  CODE    
                text67                         003584  0001A2  003726       D61       0  CODE    
                text76                         003728  0003F6  003B1E       DCA       0  CODE    
                text71                         003B20  000003  003B23       EC8       0  CODE    


UNUSED ADDRESS RANGES

        Name                Unused          Largest block    Delta
        BANK0            0000FF-0000FF                1
        BANK1            00010C-0001FF               F4
        BANK10           000A00-000AFF              100
        BANK11           000B00-000BFF              100
        BANK12           000C00-000CFF              100
        BANK13           000D00-000DFF              100
        BANK14           000E00-000EFF              100
        BANK15           000F00-000FFF              100
        BANK2            000200-0002FF              100
        BANK3            000300-0003FF              100
        BANK4            000400-0004FF              100
        BANK5            000500-0005FF              100
        BANK6            000600-0006FF              100
        BANK7            000700-0007FF              100
        BANK8            000800-0008FF              100
        BANK9            000900-0009FF              100
        BIGRAM           00004D-00005F               13
                         0000FF-0000FF                1
                         00010C-000FFF              EF4
        CODE             000004-000007                4
                         0000B2-000FFF              F4E
                         00350E-00350F                2
                         003582-003583                2
                         003726-003727                2
                         003B1E-003B1F                2
                         003B23-00FFFF             C4DD
        COMRAM           00004D-00005F               13
        CONST            000004-000007                4
                         0000B2-000FFF              F4E
                         00350E-00350F                2
                         003582-003583                2
                         003726-003727                2
                         003B1E-003B1F                2
                         003B23-00FFFF             C4DD
        EEDATA           310000-3103FF              400
        MEDIUMCONST      00350E-00350F                2
                         003582-003583                2
                         003726-003727                2
                         003B1E-003B1F                2
                         003B23-00FFFF             C4DD
        RAM              0000FF-0000FF                1
                         00010C-000FFF              100
        SFR              003800-003FFF              100
        SMALLCONST       00350E-00350F                2
                         003582-003583                2
                         003726-003727                2
                         003B1E-003B1F                2
                         003B23-00FFFF              100
        STACK            00010C-000FFF              EF4

                                  Symbol Table

?_ADCC_GetSingleConversion                    cstackCOMRAM 000014
?_TMR5_ReadTimer                              cstackCOMRAM 000009
?___aldiv                                     cstackCOMRAM 000014
?___awdiv                                     cstackCOMRAM 000014
?___fladd                                     cstackBANK0  0000D4
?___flmul                                     cstackCOMRAM 00002A
?___fltol                                     cstackBANK0  0000E0
?___xxtofl                                    cstackCOMRAM 00001C
?_actSpeed                                    cstackCOMRAM 000022
?_printf                                      cstackCOMRAM 00002D
?_vfpfcnvrt                                   cstackCOMRAM 00001F
?_vfprintf                                    cstackCOMRAM 000025
ADCC_GetSingleConversion@channel              cstackCOMRAM 000018
CCP3_CaptureISR@module                        cstackCOMRAM 000003
CCP3_DefaultCallBack@capturedValue            cstackCOMRAM 000001
CCP3_SetCallBack@customCallBack               cstackCOMRAM 000014
CCP4_CaptureISR@module                        cstackCOMRAM 000007
CCP4_DefaultCallBack@capturedValue            cstackCOMRAM 000005
CCP4_SetCallBack@customCallBack               cstackCOMRAM 000014
INTERRUPT_Initialize@state                    cstackCOMRAM 000014
IVTBASEH                                      (abs)        003FD6
IVTBASEL                                      (abs)        003FD5
IVTBASEU                                      (abs)        003FD7
PWM5_LoadDutyValue@dutyValue                  cstackCOMRAM 000014
PWM6_LoadDutyValue@dutyValue                  cstackCOMRAM 000014
PWM7_LoadDutyValue@dutyValue                  cstackCOMRAM 000014
PWM8_LoadDutyValue@dutyValue                  cstackCOMRAM 000014
TMR4_ISR@CountCallBack                        bssCOMRAM    00003C
TMR4_SetInterruptHandler@InterruptHandler     cstackCOMRAM 000014
TMR5_ReadTimer@readVal                        cstackCOMRAM 00000D
TMR5_ReadTimer@readValHigh                    cstackCOMRAM 00000F
TMR5_ReadTimer@readValLow                     cstackCOMRAM 000010
TMR5_SetGateInterruptHandler@InterruptHandler cstackCOMRAM 000014
TMR5_WriteTimer@timerVal                      cstackCOMRAM 000009
UART1_SetErrorHandler@interruptHandler        cstackCOMRAM 000014
UART1_SetFramingErrorHandler@interruptHandler cstackCOMRAM 000014
UART1_SetOverrunErrorHandler@interruptHandler cstackCOMRAM 000014
UART1_SetRxInterruptHandler@InterruptHandler  cstackCOMRAM 000014
UART1_SetTxInterruptHandler@InterruptHandler  cstackCOMRAM 000014
UART1_Write@txData                            cstackCOMRAM 000014
_ADACCH                                       (abs)        003EE9
_ADACCL                                       (abs)        003EE8
_ADACCU                                       (abs)        003EEA
_ADACQH                                       (abs)        003EF4
_ADACQL                                       (abs)        003EF3
_ADACT                                        (abs)        003EFE
_ADCAP                                        (abs)        003EF5
_ADCC_GetSingleConversion                     text17       0036F4
_ADCC_Initialize                              text58       003274
_ADCLK                                        (abs)        003EFF
_ADCNT                                        (abs)        003EEB
_ADCON0                                       (abs)        003EF8
_ADCON0bits                                   (abs)        003EF8
_ADCON1                                       (abs)        003EF9
_ADCON1bits                                   (abs)        003EF9
_ADCON2                                       (abs)        003EFA
_ADCON2bits                                   (abs)        003EFA
_ADCON3                                       (abs)        003EFB
_ADCON3bits                                   (abs)        003EFB
_ADERRH                                       (abs)        003EE3
_ADERRL                                       (abs)        003EE2
_ADFLTRH                                      (abs)        003EE7
_ADFLTRL                                      (abs)        003EE6
_ADLTHH                                       (abs)        003EDF
_ADLTHL                                       (abs)        003EDE
_ADPCH                                        (abs)        003EF1
_ADPREH                                       (abs)        003EF7
_ADPREL                                       (abs)        003EF6
_ADPREVH                                      (abs)        003EEE
_ADPREVL                                      (abs)        003EED
_ADREF                                        (abs)        003EFD
_ADRESH                                       (abs)        003EF0
_ADRESL                                       (abs)        003EEF
_ADRPT                                        (abs)        003EEC
_ADSTAT                                       (abs)        003EFC
_ADSTATbits                                   (abs)        003EFC
_ADSTPTH                                      (abs)        003EE5
_ADSTPTL                                      (abs)        003EE4
_ADUTHH                                       (abs)        003EE1
_ADUTHL                                       (abs)        003EE0
_ANSELA                                       (abs)        003A40
_ANSELB                                       (abs)        003A50
_ANSELC                                       (abs)        003A60
_ANSELD                                       (abs)        003A70
_ANSELE                                       (abs)        003A80
_BatteryVolt                                  bssBANK0     0000A8
_CCP3CAP                                      (abs)        003F77
_CCP3CON                                      (abs)        003F76
_CCP3PPS                                      (abs)        003ACF
_CCP3_CallBack                                nvBANK0      0000F2
_CCP3_CaptureISR                              text72       00368C
_CCP3_DefaultCallBack                         text73       00378A
_CCP3_Initialize                              text56       003818
_CCP3_SetCallBack                             text57       003B02
_CCP4CAP                                      (abs)        003F73
_CCP4CON                                      (abs)        003F72
_CCP4PPS                                      (abs)        003AD0
_CCP4_CallBack                                nvBANK0      0000F0
_CCP4_CaptureISR                              text74       0036C0
_CCP4_DefaultCallBack                         text75       0037BA
_CCP4_Initialize                              text54       0037EA
_CCP4_SetCallBack                             text55       003AF8
_CCPR3H                                       (abs)        003F75
_CCPR3L                                       (abs)        003F74
_CCPR4H                                       (abs)        003F71
_CCPR4L                                       (abs)        003F70
_CCPTMRS0bits                                 (abs)        003F5E
_CCPTMRS1bits                                 (abs)        003F5F
_CLC3CON                                      (abs)        003C60
_CLC3CONbits                                  (abs)        003C60
_CLC3GLS0                                     (abs)        003C66
_CLC3GLS1                                     (abs)        003C67
_CLC3GLS2                                     (abs)        003C68
_CLC3GLS3                                     (abs)        003C69
_CLC3POL                                      (abs)        003C61
_CLC3SEL0                                     (abs)        003C62
_CLC3SEL1                                     (abs)        003C63
_CLC3SEL2                                     (abs)        003C64
_CLC3SEL3                                     (abs)        003C65
_CLC3_Initialize                              text53       0038A0
_CLCIN0PPS                                    (abs)        003AD9
_CLCIN2PPS                                    (abs)        003ADB
_CLCIN3PPS                                    (abs)        003ADC
_Default_ISR                                  text71       003B20
_GIE                                          (abs)        01FE97
_INLVLA                                       (abs)        003A44
_INLVLB                                       (abs)        003A54
_INLVLC                                       (abs)        003A64
_INLVLD                                       (abs)        003A74
_INLVLE                                       (abs)        003A84
_INTCON0bits                                  (abs)        003FD2
_INTERRUPT_Initialize                         text52       003324
_IPR10bits                                    (abs)        00398A
_IPR1bits                                     (abs)        003981
_IPR3bits                                     (abs)        003983
_IPR7bits                                     (abs)        003987
_IPR8bits                                     (abs)        003988
_IPR9bits                                     (abs)        003989
_IVTBASEH                                     (abs)        003FD6
_IVTBASEL                                     (abs)        003FD5
_IVTBASEU                                     (abs)        003FD7
_IVTLOCK                                      (abs)        003FD4
_IVTLOCKbits                                  (abs)        003FD4
_LATA                                         (abs)        003FBA
_LATB                                         (abs)        003FBB
_LATC                                         (abs)        003FBC
_LATD                                         (abs)        003FBD
_LATE                                         (abs)        003FBE
_ODCONA                                       (abs)        003A42
_ODCONB                                       (abs)        003A52
_ODCONC                                       (abs)        003A62
_ODCOND                                       (abs)        003A72
_ODCONE                                       (abs)        003A82
_OSCCON1                                      (abs)        0039D9
_OSCCON3                                      (abs)        0039DB
_OSCEN                                        (abs)        0039DD
_OSCFRQ                                       (abs)        0039DF
_OSCILLATOR_Initialize                        text51       003A72
_OSCTUNE                                      (abs)        0039DE
_PIE10bits                                    (abs)        00399A
_PIE1bits                                     (abs)        003991
_PIE3bits                                     (abs)        003993
_PIE7bits                                     (abs)        003997
_PIE8bits                                     (abs)        003998
_PIE9bits                                     (abs)        003999
_PIN_MANAGER_Initialize                       text50       002CFC
_PIR10bits                                    (abs)        0039AA
_PIR1bits                                     (abs)        0039A1
_PIR4bits                                     (abs)        0039A4
_PIR6bits                                     (abs)        0039A6
_PIR7bits                                     (abs)        0039A7
_PIR8bits                                     (abs)        0039A8
_PIR9bits                                     (abs)        0039A9
_PMD0                                         (abs)        0039C0
_PMD1                                         (abs)        0039C1
_PMD2                                         (abs)        0039C2
_PMD3                                         (abs)        0039C3
_PMD4                                         (abs)        0039C4
_PMD5                                         (abs)        0039C5
_PMD6                                         (abs)        0039C6
_PMD7                                         (abs)        0039C7
_PMD_Initialize                               text49       003972
_PORTBbits                                    (abs)        003FCB
_PORTDbits                                    (abs)        003FCD
_PR2                                          (abs)        003FAB
_PR4                                          (abs)        003F9F
_PWM5CON                                      (abs)        003F6E
_PWM5DCH                                      (abs)        003F6D
_PWM5DCL                                      (abs)        003F6C
_PWM5_Initialize                              text48       003A5A
_PWM5_LoadDutyValue                           text15       0035F0
_PWM6CON                                      (abs)        003F6A
_PWM6DCH                                      (abs)        003F69
_PWM6DCL                                      (abs)        003F68
_PWM6_Initialize                              text47       003A42
_PWM6_LoadDutyValue                           text14       0035BC
_PWM7CON                                      (abs)        003F66
_PWM7DCH                                      (abs)        003F65
_PWM7DCL                                      (abs)        003F64
_PWM7_Initialize                              text46       003A2A
_PWM7_LoadDutyValue                           text24       003658
_PWM8CON                                      (abs)        003F62
_PWM8DCH                                      (abs)        003F61
_PWM8DCL                                      (abs)        003F60
_PWM8_Initialize                              text45       003A12
_PWM8_LoadDutyValue                           text23       003624
_RA0PPS                                       (abs)        003A00
_RA1PPS                                       (abs)        003A01
_RA3PPS                                       (abs)        003A03
_RA4PPS                                       (abs)        003A04
_RB1I2C                                       (abs)        003A5A
_RB2I2C                                       (abs)        003A5B
_RB3PPS                                       (abs)        003A0B
_RC3I2C                                       (abs)        003A6A
_RC4I2C                                       (abs)        003A6B
_RD0I2C                                       (abs)        003A7A
_RD1I2C                                       (abs)        003A7B
_SLRCONA                                      (abs)        003A43
_SLRCONB                                      (abs)        003A53
_SLRCONC                                      (abs)        003A63
_SLRCOND                                      (abs)        003A73
_SLRCONE                                      (abs)        003A83
_SMT1CLK                                      (abs)        003F21
_SMT1CON0                                     (abs)        003F1E
_SMT1CON0bits                                 (abs)        003F1E
_SMT1CON1                                     (abs)        003F1F
_SMT1CON1bits                                 (abs)        003F1F
_SMT1CPR                                      (abs)        003F15
_SMT1CPW                                      (abs)        003F18
_SMT1PR                                       (abs)        003F1B
_SMT1PRH                                      (abs)        003F1C
_SMT1PRL                                      (abs)        003F1B
_SMT1PRU                                      (abs)        003F1D
_SMT1SIG                                      (abs)        003F22
_SMT1SIGPPS                                   (abs)        003AD2
_SMT1STAT                                     (abs)        003F20
_SMT1STATbits                                 (abs)        003F20
_SMT1TMR                                      (abs)        003F12
_SMT1WIN                                      (abs)        003F23
_SMT1WINPPS                                   (abs)        003AD1
_SMT1_Initialize                              text44       00375A
_SMT1_Overflow_ISR                            text83       003924
_SMT1_PR_ACQ_ISR                              text81       003404
_SMT1_PW_ACQ_ISR                              text82       0032D0
_SYSTEM_Initialize                            text31       003370
_T2CLKCON                                     (abs)        003FAE
_T2CON                                        (abs)        003FAC
_T2CONbits                                    (abs)        003FAC
_T2HLT                                        (abs)        003FAD
_T2HLTbits                                    (abs)        003FAD
_T2PR                                         (abs)        003FAB
_T2RST                                        (abs)        003FAF
_T2RSTbits                                    (abs)        003FAF
_T2TMR                                        (abs)        003FAA
_T3CLK                                        (abs)        003FA9
_T3CON                                        (abs)        003FA6
_T3CONbits                                    (abs)        003FA6
_T3GATE                                       (abs)        003FA8
_T3GCON                                       (abs)        003FA7
_T3GCONbits                                   (abs)        003FA7
_T4CLKCON                                     (abs)        003FA2
_T4CON                                        (abs)        003FA0
_T4CONbits                                    (abs)        003FA0
_T4HLT                                        (abs)        003FA1
_T4HLTbits                                    (abs)        003FA1
_T4PR                                         (abs)        003F9F
_T4RST                                        (abs)        003FA3
_T4RSTbits                                    (abs)        003FA3
_T4TMR                                        (abs)        003F9E
_T5CLK                                        (abs)        003F9D
_T5CON                                        (abs)        003F9A
_T5CONbits                                    (abs)        003F9A
_T5GATE                                       (abs)        003F9C
_T5GCON                                       (abs)        003F9B
_T5GCONbits                                   (abs)        003F9B
_T5GPPS                                       (abs)        003AC9
_TMR2                                         (abs)        003FAA
_TMR2_Initialize                              text43       0039DA
_TMR3H                                        (abs)        003FA5
_TMR3L                                        (abs)        003FA4
_TMR3_Initialize                              text42       00354A
_TMR4                                         (abs)        003F9E
_TMR4_10msISR                                 text69       003B12
_TMR4_CallBack                                text68       003846
_TMR4_DefaultInterruptHandler                 text70       003B1C
_TMR4_ISR                                     text67       003584
_TMR4_Initialize                              text40       003874
_TMR4_InterruptHandler                        nvBANK0      0000E8
_TMR4_SetInterruptHandler                     text41       003AEE
_TMR5H                                        (abs)        003F99
_TMR5L                                        (abs)        003F98
_TMR5_DefaultGateInterruptHandler             text77       0039F6
_TMR5_GATE_ISR                                text76       003728
_TMR5_GateInterruptHandler                    nvBANK0      0000EC
_TMR5_Initialize                              text38       0033BA
_TMR5_ReadTimer                               text80       003996
_TMR5_Reload                                  text78       003A9A
_TMR5_SetGateInterruptHandler                 text39       003AE4
_TMR5_WriteTimer                              text79       0038F8
_TRISA                                        (abs)        003FC2
_TRISB                                        (abs)        003FC3
_TRISC                                        (abs)        003FC4
_TRISD                                        (abs)        003FC5
_TRISE                                        (abs)        003FC6
_U1BRGH                                       (abs)        003DF6
_U1BRGL                                       (abs)        003DF5
_U1CON0                                       (abs)        003DF2
_U1CON1                                       (abs)        003DF3
_U1CON2                                       (abs)        003DF4
_U1ERRIE                                      (abs)        003DFA
_U1ERRIR                                      (abs)        003DF9
_U1ERRIRbits                                  (abs)        003DF9
_U1FIFO                                       (abs)        003DF7
_U1P1H                                        (abs)        003DED
_U1P1L                                        (abs)        003DEC
_U1P2H                                        (abs)        003DEF
_U1P2L                                        (abs)        003DEE
_U1P3H                                        (abs)        003DF1
_U1P3L                                        (abs)        003DF0
_U1RXB                                        (abs)        003DE8
_U1RXPPS                                      (abs)        003AE5
_U1TXB                                        (abs)        003DEA
_U1UIR                                        (abs)        003DF8
_UART1_DefaultErrorHandler                    text65       003B0C
_UART1_DefaultFramingErrorHandler             text64       003B1A
_UART1_DefaultOverrunErrorHandler             text63       003B18
_UART1_ErrorHandler                           nvBANK0      0000F4
_UART1_FramingErrorHandler                    nvBANK0      0000F8
_UART1_Initialize                             text32       002F4A
_UART1_OverrunErrorHandler                    nvBANK0      0000F6
_UART1_Receive_ISR                            text62       002E8A
_UART1_RxDataHandler                          text66       0038CC
_UART1_RxInterruptHandler                     nvBANK0      0000FC
_UART1_SetErrorHandler                        text37       003ADA
_UART1_SetFramingErrorHandler                 text36       003AD0
_UART1_SetOverrunErrorHandler                 text35       003AC6
_UART1_SetRxInterruptHandler                  text34       003ABC
_UART1_SetTxInterruptHandler                  text33       003AB2
_UART1_Transmit_ISR                           text60       00344E
_UART1_TxInterruptHandler                     nvBANK0      0000FA
_UART1_Write                                  text9        003212
_UART1_rx_vect_isr                            text61       003510
_UART1_tx_vect_isr                            text59       0034D4
_WPUA                                         (abs)        003A41
_WPUB                                         (abs)        003A51
_WPUC                                         (abs)        003A61
_WPUD                                         (abs)        003A71
_WPUE                                         (abs)        003A81
__HRAM                                        (abs)        000000
__Habs1                                       abs1         000000
__Hbank0                                      bank0        000000
__Hbank1                                      bank1        000000
__Hbank10                                     bank10       000000
__Hbank11                                     bank11       000000
__Hbank12                                     bank12       000000
__Hbank13                                     bank13       000000
__Hbank14                                     bank14       000000
__Hbank15                                     bank15       000000
__Hbank2                                      bank2        000000
__Hbank3                                      bank3        000000
__Hbank4                                      bank4        000000
__Hbank5                                      bank5        000000
__Hbank6                                      bank6        000000
__Hbank7                                      bank7        000000
__Hbank8                                      bank8        000000
__Hbank9                                      bank9        000000
__Hbigbss                                     bigbss       000000
__Hbigdata                                    bigdata      000000
__Hbigram                                     bigram       000000
__Hbss                                        bss          000000
__HbssBANK0                                   bssBANK0     000000
__HbssCOMRAM                                  bssCOMRAM    000000
__Hcinit                                      cinit        000000
__Hclrtext                                    clrtext      000000
__Hcomram                                     comram       000000
__Hconfig                                     config       30000A
__Hconst                                      const        000000
__HcstackBANK0                                cstackBANK0  000000
__HcstackBANK1                                cstackBANK1  000000
__HcstackCOMRAM                               cstackCOMRAM 000000
__Hdata                                       data         000000
__HdataCOMRAM                                 dataCOMRAM   000000
__Heeprom_data                                eeprom_data  000000
__Hfarbss                                     farbss       000000
__Hfardata                                    fardata      000000
__Hibigdata                                   ibigdata     000000
__Hidata                                      idata        000000
__HidataCOMRAM                                idataCOMRAM  000000
__Hidloc                                      idloc        200010
__Hifardata                                   ifardata     000000
__Hinit                                       init         0000B2
__Hintsave_regs                               intsave_regs 000000
__Hirdata                                     irdata       000000
__Hivt0x8                                     ivt0x8       0000AE
__Hmediumconst                                mediumconst  000000
__HnvBANK0                                    nvBANK0      000000
__HnvFARRAM                                   nvFARRAM     000000
__Hnvbit                                      nvbit        000000
__Hnvrram                                     nvrram       000000
__Hparam                                      rparam       000000
__Hpowerup                                    powerup      000000
__Hram                                        ram          000000
__Hramtop                                     ramtop       001000
__Hrbit                                       rbit         000000
__Hrbss                                       rbss         000000
__Hrdata                                      rdata        000000
__Hreset_vec                                  reset_vec    000004
__Hrparam                                     rparam       000000
__Hsfr                                        sfr          000000
__Hsmallconst                                 smallconst   00100E
__Hspace_0                                    (abs)        003B23
__Hspace_1                                    (abs)        00010C
__Hspace_2                                    (abs)        000000
__Hspace_4                                    (abs)        60000A
__Hstack                                      stack        000000
__Hstruct                                     struct       000000
__Htemp                                       temp         000000
__Htext                                       text         000000
__Htext0                                      text0        000000
__Htext1                                      text1        000000
__Htext10                                     text10       000000
__Htext11                                     text11       000000
__Htext12                                     text12       000000
__Htext13                                     text13       000000
__Htext14                                     text14       000000
__Htext15                                     text15       000000
__Htext16                                     text16       000000
__Htext17                                     text17       000000
__Htext18                                     text18       000000
__Htext19                                     text19       000000
__Htext2                                      text2        000000
__Htext20                                     text20       000000
__Htext21                                     text21       000000
__Htext22                                     text22       000000
__Htext23                                     text23       000000
__Htext24                                     text24       000000
__Htext25                                     text25       000000
__Htext26                                     text26       000000
__Htext27                                     text27       000000
__Htext28                                     text28       000000
__Htext29                                     text29       000000
__Htext3                                      text3        000000
__Htext30                                     text30       000000
__Htext31                                     text31       000000
__Htext32                                     text32       000000
__Htext33                                     text33       000000
__Htext34                                     text34       000000
__Htext35                                     text35       000000
__Htext36                                     text36       000000
__Htext37                                     text37       000000
__Htext38                                     text38       000000
__Htext39                                     text39       000000
__Htext4                                      text4        000000
__Htext40                                     text40       000000
__Htext41                                     text41       000000
__Htext42                                     text42       000000
__Htext43                                     text43       000000
__Htext44                                     text44       000000
__Htext45                                     text45       000000
__Htext46                                     text46       000000
__Htext47                                     text47       000000
__Htext48                                     text48       000000
__Htext49                                     text49       000000
__Htext5                                      text5        000000
__Htext50                                     text50       000000
__Htext51                                     text51       000000
__Htext52                                     text52       000000
__Htext53                                     text53       000000
__Htext54                                     text54       000000
__Htext55                                     text55       000000
__Htext56                                     text56       000000
__Htext57                                     text57       000000
__Htext58                                     text58       000000
__Htext59                                     text59       000000
__Htext6                                      text6        000000
__Htext60                                     text60       000000
__Htext61                                     text61       000000
__Htext62                                     text62       000000
__Htext63                                     text63       000000
__Htext64                                     text64       000000
__Htext65                                     text65       000000
__Htext66                                     text66       000000
__Htext67                                     text67       000000
__Htext68                                     text68       000000
__Htext69                                     text69       000000
__Htext7                                      text7        000000
__Htext70                                     text70       000000
__Htext71                                     text71       000000
__Htext72                                     text72       000000
__Htext73                                     text73       000000
__Htext74                                     text74       000000
__Htext75                                     text75       000000
__Htext76                                     text76       000000
__Htext77                                     text77       000000
__Htext78                                     text78       000000
__Htext79                                     text79       000000
__Htext8                                      text8        000000
__Htext80                                     text80       000000
__Htext81                                     text81       000000
__Htext82                                     text82       000000
__Htext83                                     text83       000000
__Htext84                                     text84       000000
__Htext9                                      text9        000000
__LRAM                                        (abs)        000001
__Labs1                                       abs1         000000
__Lbank0                                      bank0        000000
__Lbank1                                      bank1        000000
__Lbank10                                     bank10       000000
__Lbank11                                     bank11       000000
__Lbank12                                     bank12       000000
__Lbank13                                     bank13       000000
__Lbank14                                     bank14       000000
__Lbank15                                     bank15       000000
__Lbank2                                      bank2        000000
__Lbank3                                      bank3        000000
__Lbank4                                      bank4        000000
__Lbank5                                      bank5        000000
__Lbank6                                      bank6        000000
__Lbank7                                      bank7        000000
__Lbank8                                      bank8        000000
__Lbank9                                      bank9        000000
__Lbigbss                                     bigbss       000000
__Lbigdata                                    bigdata      000000
__Lbigram                                     bigram       000000
__Lbss                                        bss          000000
__LbssBANK0                                   bssBANK0     000000
__LbssCOMRAM                                  bssCOMRAM    000000
__Lcinit                                      cinit        000000
__Lclrtext                                    clrtext      000000
__Lcomram                                     comram       000000
__Lconfig                                     config       000000
__Lconst                                      const        000000
__LcstackBANK0                                cstackBANK0  000000
__LcstackBANK1                                cstackBANK1  000000
__LcstackCOMRAM                               cstackCOMRAM 000000
__Ldata                                       data         000000
__LdataCOMRAM                                 dataCOMRAM   000000
__Leeprom_data                                eeprom_data  000000
__Lfarbss                                     farbss       000000
__Lfardata                                    fardata      000000
__Libigdata                                   ibigdata     000000
__Lidata                                      idata        000000
__LidataCOMRAM                                idataCOMRAM  000000
__Lidloc                                      idloc        000000
__Lifardata                                   ifardata     000000
__Linit                                       init         0000AE
__Lintsave_regs                               intsave_regs 000000
__Lirdata                                     irdata       000000
__Livt0x8                                     ivt0x8       000008
__Lmediumconst                                mediumconst  000000
__LnvBANK0                                    nvBANK0      000000
__LnvFARRAM                                   nvFARRAM     000000
__Lnvbit                                      nvbit        000000
__Lnvrram                                     nvrram       000000
__Lparam                                      rparam       000000
__Lpowerup                                    powerup      000000
__Lram                                        ram          000000
__Lramtop                                     ramtop       001000
__Lrbit                                       rbit         000000
__Lrbss                                       rbss         000000
__Lrdata                                      rdata        000000
__Lreset_vec                                  reset_vec    000000
__Lrparam                                     rparam       000000
__Lsfr                                        sfr          000000
__Lsmallconst                                 smallconst   001000
__Lspace_0                                    (abs)        000000
__Lspace_1                                    (abs)        000000
__Lspace_2                                    (abs)        000000
__Lspace_4                                    (abs)        000000
__Lstack                                      stack        000000
__Lstruct                                     struct       000000
__Ltemp                                       temp         000000
__Ltext                                       text         000000
__Ltext0                                      text0        000000
__Ltext1                                      text1        000000
__Ltext10                                     text10       000000
__Ltext11                                     text11       000000
__Ltext12                                     text12       000000
__Ltext13                                     text13       000000
__Ltext14                                     text14       000000
__Ltext15                                     text15       000000
__Ltext16                                     text16       000000
__Ltext17                                     text17       000000
__Ltext18                                     text18       000000
__Ltext19                                     text19       000000
__Ltext2                                      text2        000000
__Ltext20                                     text20       000000
__Ltext21                                     text21       000000
__Ltext22                                     text22       000000
__Ltext23                                     text23       000000
__Ltext24                                     text24       000000
__Ltext25                                     text25       000000
__Ltext26                                     text26       000000
__Ltext27                                     text27       000000
__Ltext28                                     text28       000000
__Ltext29                                     text29       000000
__Ltext3                                      text3        000000
__Ltext30                                     text30       000000
__Ltext31                                     text31       000000
__Ltext32                                     text32       000000
__Ltext33                                     text33       000000
__Ltext34                                     text34       000000
__Ltext35                                     text35       000000
__Ltext36                                     text36       000000
__Ltext37                                     text37       000000
__Ltext38                                     text38       000000
__Ltext39                                     text39       000000
__Ltext4                                      text4        000000
__Ltext40                                     text40       000000
__Ltext41                                     text41       000000
__Ltext42                                     text42       000000
__Ltext43                                     text43       000000
__Ltext44                                     text44       000000
__Ltext45                                     text45       000000
__Ltext46                                     text46       000000
__Ltext47                                     text47       000000
__Ltext48                                     text48       000000
__Ltext49                                     text49       000000
__Ltext5                                      text5        000000
__Ltext50                                     text50       000000
__Ltext51                                     text51       000000
__Ltext52                                     text52       000000
__Ltext53                                     text53       000000
__Ltext54                                     text54       000000
__Ltext55                                     text55       000000
__Ltext56                                     text56       000000
__Ltext57                                     text57       000000
__Ltext58                                     text58       000000
__Ltext59                                     text59       000000
__Ltext6                                      text6        000000
__Ltext60                                     text60       000000
__Ltext61                                     text61       000000
__Ltext62                                     text62       000000
__Ltext63                                     text63       000000
__Ltext64                                     text64       000000
__Ltext65                                     text65       000000
__Ltext66                                     text66       000000
__Ltext67                                     text67       000000
__Ltext68                                     text68       000000
__Ltext69                                     text69       000000
__Ltext7                                      text7        000000
__Ltext70                                     text70       000000
__Ltext71                                     text71       000000
__Ltext72                                     text72       000000
__Ltext73                                     text73       000000
__Ltext74                                     text74       000000
__Ltext75                                     text75       000000
__Ltext76                                     text76       000000
__Ltext77                                     text77       000000
__Ltext78                                     text78       000000
__Ltext79                                     text79       000000
__Ltext8                                      text8        000000
__Ltext80                                     text80       000000
__Ltext81                                     text81       000000
__Ltext82                                     text82       000000
__Ltext83                                     text83       000000
__Ltext84                                     text84       000000
__Ltext9                                      text9        000000
__S0                                          (abs)        003B23
__S1                                          (abs)        00010C
__S2                                          (abs)        000000
__S4                                          (abs)        000000
__S5                                          (abs)        000000
___aldiv                                      text26       00290E
___aldiv@counter                              cstackCOMRAM 00001C
___aldiv@dividend                             cstackCOMRAM 000014
___aldiv@divisor                              cstackCOMRAM 000018
___aldiv@quotient                             cstackCOMRAM 00001E
___aldiv@sign                                 cstackCOMRAM 00001D
___awdiv                                      text30       002DC6
___awdiv@counter                              cstackCOMRAM 000018
___awdiv@dividend                             cstackCOMRAM 000014
___awdiv@divisor                              cstackCOMRAM 000016
___awdiv@quotient                             cstackCOMRAM 00001A
___awdiv@sign                                 cstackCOMRAM 000019
___fladd                                      text20       00100E
___fladd@a                                    cstackBANK0  0000D8
___fladd@aexp                                 cstackBANK0  0000DD
___fladd@b                                    cstackBANK0  0000D4
___fladd@bexp                                 cstackBANK0  0000DE
___fladd@grs                                  cstackBANK0  0000DF
___fladd@signs                                cstackBANK0  0000DC
___flge                                       text18       002A1A
___flge@ff1                                   cstackCOMRAM 00002A
___flge@ff2                                   cstackCOMRAM 00002E
___flmul                                      text29       0014D0
___flmul@a                                    cstackCOMRAM 00002E
___flmul@aexp                                 cstackBANK0  0000C8
___flmul@b                                    cstackCOMRAM 00002A
___flmul@bexp                                 cstackBANK0  0000CD
___flmul@grs                                  cstackBANK0  0000C9
___flmul@prod                                 cstackBANK0  0000CE
___flmul@sign                                 cstackBANK0  0000C7
___flmul@temp                                 cstackBANK0  0000D2
___fltol                                      text28       0026D6
___fltol@exp1                                 cstackBANK1  000101
___fltol@f1                                   cstackBANK0  0000E0
___fltol@sign1                                cstackBANK1  000100
___inthi_sp                                   stack        000000
___intlo_sp                                   stack        000000
___param_bank                                 (abs)        000000
___rparam_used                                (abs)        000001
___sp                                         stack        000000
___xxtofl                                     text27       001FC2
___xxtofl@arg                                 cstackCOMRAM 000026
___xxtofl@exp                                 cstackCOMRAM 000025
___xxtofl@sign                                cstackCOMRAM 000024
___xxtofl@val                                 cstackCOMRAM 00001C
__accesstop                                   (abs)        000060
__activetblptr                                (abs)        000003
__end_of_ADCC_GetSingleConversion             text17       003726
__end_of_ADCC_Initialize                      text58       0032D0
__end_of_CCP3_CaptureISR                      text72       0036C0
__end_of_CCP3_DefaultCallBack                 text73       0037BA
__end_of_CCP3_Initialize                      text56       003846
__end_of_CCP3_SetCallBack                     text57       003B0C
__end_of_CCP4_CaptureISR                      text74       0036F4
__end_of_CCP4_DefaultCallBack                 text75       0037EA
__end_of_CCP4_Initialize                      text54       003818
__end_of_CCP4_SetCallBack                     text55       003B02
__end_of_CLC3_Initialize                      text53       0038CC
__end_of_Default_ISR                          text71       003B22
__end_of_INTERRUPT_Initialize                 text52       003370
__end_of_OSCILLATOR_Initialize                text51       003A8A
__end_of_PIN_MANAGER_Initialize               text50       002DC6
__end_of_PMD_Initialize                       text49       003996
__end_of_PWM5_Initialize                      text48       003A72
__end_of_PWM5_LoadDutyValue                   text15       003624
__end_of_PWM6_Initialize                      text47       003A5A
__end_of_PWM6_LoadDutyValue                   text14       0035F0
__end_of_PWM7_Initialize                      text46       003A42
__end_of_PWM7_LoadDutyValue                   text24       00368C
__end_of_PWM8_Initialize                      text45       003A2A
__end_of_PWM8_LoadDutyValue                   text23       003658
__end_of_SMT1_Initialize                      text44       00378A
__end_of_SMT1_Overflow_ISR                    text83       00394C
__end_of_SMT1_PR_ACQ_ISR                      text81       00344E
__end_of_SMT1_PW_ACQ_ISR                      text82       003324
__end_of_SYSTEM_Initialize                    text31       0033BA
__end_of_TMR2_Initialize                      text43       0039F6
__end_of_TMR3_Initialize                      text42       003582
__end_of_TMR4_10msISR                         text69       003B18
__end_of_TMR4_CallBack                        text68       003874
__end_of_TMR4_DefaultInterruptHandler         text70       003B1E
__end_of_TMR4_ISR                             text67       0035BC
__end_of_TMR4_Initialize                      text40       0038A0
__end_of_TMR4_SetInterruptHandler             text41       003AF8
__end_of_TMR5_DefaultGateInterruptHandler     text77       003A12
__end_of_TMR5_GATE_ISR                        text76       00375A
__end_of_TMR5_Initialize                      text38       003404
__end_of_TMR5_ReadTimer                       text80       0039BA
__end_of_TMR5_Reload                          text78       003AA8
__end_of_TMR5_SetGateInterruptHandler         text39       003AEE
__end_of_TMR5_WriteTimer                      text79       003924
__end_of_UART1_DefaultErrorHandler            text65       003B12
__end_of_UART1_DefaultFramingErrorHandler     text64       003B1C
__end_of_UART1_DefaultOverrunErrorHandler     text63       003B1A
__end_of_UART1_Initialize                     text32       002FF0
__end_of_UART1_Receive_ISR                    text62       002F4A
__end_of_UART1_RxDataHandler                  text66       0038F8
__end_of_UART1_SetErrorHandler                text37       003AE4
__end_of_UART1_SetFramingErrorHandler         text36       003ADA
__end_of_UART1_SetOverrunErrorHandler         text35       003AD0
__end_of_UART1_SetRxInterruptHandler          text34       003AC6
__end_of_UART1_SetTxInterruptHandler          text33       003ABC
__end_of_UART1_Transmit_ISR                   text60       003496
__end_of_UART1_Write                          text9        003274
__end_of_UART1_rx_vect_isr                    text61       00354A
__end_of_UART1_tx_vect_isr                    text59       00350E
__end_of___aldiv                              text26       002A1A
__end_of___awdiv                              text30       002E8A
__end_of___fladd                              text20       0014D0
__end_of___flge                               text18       002B1E
__end_of___flmul                              text29       001920
__end_of___fltol                              text28       0027F4
__end_of___xxtofl                             text27       002176
__end_of__initialization                      cinit        0034CE
__end_of_actSpeed                             text25       00311A
__end_of_calcMotorPow                         text21       002474
__end_of_calcSpeed                            text19       001FC2
__end_of_calcSteering                         text3        001DAC
__end_of_checkBatt                            text12       0031AA
__end_of_fputc                                text7        003086
__end_of_getBatteryVoltage                    text16       003A9A
__end_of_getCurve                             text11       001B6C
__end_of_getReverse                           text10       002C1A
__end_of_loop                                 text1        0026D6
__end_of_main                                 text0        0039DA
__end_of_printf                               text4        003972
__end_of_putch                                text8        003AB2
__end_of_setMotor                             text22       002CFC
__end_of_setSteering                          text13       00231A
__end_of_startAccell                          text2        0025A6
__end_of_vfpfcnvrt                            text6        00290E
__end_of_vfprintf                             text5        003212
__initialization                              cinit        003496
__mediumconst                                 mediumconst  000000
__pbssBANK0                                   bssBANK0     000060
__pbssCOMRAM                                  bssCOMRAM    00003A
__pcinit                                      cinit        003496
__pcstackBANK0                                cstackBANK0  0000C7
__pcstackBANK1                                cstackBANK1  000100
__pcstackCOMRAM                               cstackCOMRAM 000001
__pdataCOMRAM                                 dataCOMRAM   00004C
__pidataCOMRAM                                idataCOMRAM  003B22
__pivt0x8                                     ivt0x8       000008
__pnvBANK0                                    nvBANK0      0000E8
__psmallconst                                 smallconst   001000
__ptext0                                      text0        0039BA
__ptext1                                      text1        0025A6
__ptext10                                     text10       002B1E
__ptext11                                     text11       001920
__ptext12                                     text12       00311A
__ptext13                                     text13       002176
__ptext14                                     text14       0035BC
__ptext15                                     text15       0035F0
__ptext16                                     text16       003A8A
__ptext17                                     text17       0036F4
__ptext18                                     text18       002A1A
__ptext19                                     text19       001DAC
__ptext2                                      text2        002474
__ptext20                                     text20       00100E
__ptext21                                     text21       00231A
__ptext22                                     text22       002C1A
__ptext23                                     text23       003624
__ptext24                                     text24       003658
__ptext25                                     text25       003086
__ptext26                                     text26       00290E
__ptext27                                     text27       001FC2
__ptext28                                     text28       0026D6
__ptext29                                     text29       0014D0
__ptext3                                      text3        001B6C
__ptext30                                     text30       002DC6
__ptext31                                     text31       003370
__ptext32                                     text32       002F4A
__ptext33                                     text33       003AB2
__ptext34                                     text34       003ABC
__ptext35                                     text35       003AC6
__ptext36                                     text36       003AD0
[...]
__ptext8                                      text8        003AA8
__ptext80                                     text80       003996
__ptext81                                     text81       003404
__ptext82                                     text82       0032D0
__ptext83                                     text83       003924
__ptext84                                     text84       000000
__ptext9                                      text9        003212
__ramtop                                      ramtop       001000
__size_of_ADCC_GetSingleConversion            (abs)        000000
__size_of_ADCC_Initialize                     (abs)        000000
__size_of_CCP3_CaptureISR                     (abs)        000000
__size_of_CCP3_DefaultCallBack                (abs)        000000
__size_of_CCP3_Initialize                     (abs)        000000
__size_of_CCP3_SetCallBack                    (abs)        000000
__size_of_CCP4_CaptureISR                     (abs)        000000
__size_of_CCP4_DefaultCallBack                (abs)        000000
__size_of_CCP4_Initialize                     (abs)        000000
__size_of_CCP4_SetCallBack                    (abs)        000000
__size_of_CLC3_Initialize                     (abs)        000000
__size_of_Default_ISR                         (abs)        000000
__size_of_INTERRUPT_Initialize                (abs)        000000
__size_of_OSCILLATOR_Initialize               (abs)        000000
__size_of_PIN_MANAGER_Initialize              (abs)        000000
__size_of_PMD_Initialize                      (abs)        000000
__size_of_PWM5_Initialize                     (abs)        000000
__size_of_PWM5_LoadDutyValue                  (abs)        000000
__size_of_PWM6_Initialize                     (abs)        000000
__size_of_PWM6_LoadDutyValue                  (abs)        000000
__size_of_PWM7_Initialize                     (abs)        000000
__size_of_PWM7_LoadDutyValue                  (abs)        000000
__size_of_PWM8_Initialize                     (abs)        000000
__size_of_PWM8_LoadDutyValue                  (abs)        000000
__size_of_SMT1_Initialize                     (abs)        000000
__size_of_SMT1_Overflow_ISR                   (abs)        000000
__size_of_SMT1_PR_ACQ_ISR                     (abs)        000000
__size_of_SMT1_PW_ACQ_ISR                     (abs)        000000
__size_of_SYSTEM_Initialize                   (abs)        000000
__size_of_TMR2_Initialize                     (abs)        000000
__size_of_TMR3_Initialize                     (abs)        000000
__size_of_TMR4_10msISR                        (abs)        000000
__size_of_TMR4_CallBack                       (abs)        000000
__size_of_TMR4_DefaultInterruptHandler        (abs)        000000
__size_of_TMR4_ISR                            (abs)        000000
__size_of_TMR4_Initialize                     (abs)        000000
__size_of_TMR4_SetInterruptHandler            (abs)        000000
__size_of_TMR5_DefaultGateInterruptHandler    (abs)        000000
__size_of_TMR5_GATE_ISR                       (abs)        000000
__size_of_TMR5_Initialize                     (abs)        000000
__size_of_TMR5_ReadTimer                      (abs)        000000
__size_of_TMR5_Reload                         (abs)        000000
__size_of_TMR5_SetGateInterruptHandler        (abs)        000000
__size_of_TMR5_WriteTimer                     (abs)        000000
__size_of_UART1_DefaultErrorHandler           (abs)        000000
__size_of_UART1_DefaultFramingErrorHandler    (abs)        000000
__size_of_UART1_DefaultOverrunErrorHandler    (abs)        000000
__size_of_UART1_Initialize                    (abs)        000000
__size_of_UART1_Receive_ISR                   (abs)        000000
__size_of_UART1_RxDataHandler                 (abs)        000000
__size_of_UART1_SetErrorHandler               (abs)        000000
__size_of_UART1_SetFramingErrorHandler        (abs)        000000
__size_of_UART1_SetOverrunErrorHandler        (abs)        000000
__size_of_UART1_SetRxInterruptHandler         (abs)        000000
__size_of_UART1_SetTxInterruptHandler         (abs)        000000
__size_of_UART1_Transmit_ISR                  (abs)        000000
__size_of_UART1_Write                         (abs)        000000
__size_of_UART1_rx_vect_isr                   (abs)        000000
__size_of_UART1_tx_vect_isr                   (abs)        000000
__size_of___aldiv                             (abs)        000000
__size_of___awdiv                             (abs)        000000
__size_of___fladd                             (abs)        000000
__size_of___flge                              (abs)        000000
__size_of___flmul                             (abs)        000000
__size_of___fltol                             (abs)        000000
__size_of___xxtofl                            (abs)        000000
__size_of_actSpeed                            (abs)        000000
__size_of_calcMotorPow                        (abs)        000000
__size_of_calcSpeed                           (abs)        000000
__size_of_calcSteering                        (abs)        000000
__size_of_checkBatt                           (abs)        000000
__size_of_fputc                               (abs)        000000
__size_of_getBatteryVoltage                   (abs)        000000
__size_of_getCurve                            (abs)        000000
__size_of_getReverse                          (abs)        000000
__size_of_loop                                (abs)        000000
__size_of_main                                (abs)        000000
__size_of_printf                              (abs)        000000
__size_of_putch                               (abs)        000000
__size_of_setMotor                            (abs)        000000
__size_of_setSteering                         (abs)        000000
__size_of_startAccell                         (abs)        000000
__size_of_vfpfcnvrt                           (abs)        000000
__size_of_vfprintf                            (abs)        000000
__smallconst                                  smallconst   001000
_actMotorPow                                  bssBANK0     0000AC
_actSpeed                                     text25       003086
_battCheckCount                               bssBANK0     0000B8
_calcMotorPow                                 text21       00231A
_calcSpeed                                    text19       001DAC
_calcSteering                                 text3        001B6C
_calcSteering$4002                            cstackBANK1  000104
_checkBatt                                    text12       00311A
_currentSpeed                                 bssBANK0     0000B0
_curveMode                                    bssCOMRAM    00003F
_cycle10ms                                    bssBANK0     0000C6
_delay                                        bssCOMRAM    00003E
_distFront                                    bssCOMRAM    00004A
_distLeft                                     bssBANK0     0000C4
_distLeftM                                    bssBANK0     0000C2
_distRight                                    bssBANK0     0000C0
_distRightM                                   bssBANK0     0000BE
_driveMode                                    dataCOMRAM   00004C
_flags                                        bssBANK0     0000A6
_fputc                                        text7        002FF0
_getBatteryVoltage                            text16       003A8A
_getCurve                                     text11       001920
_getReverse                                   text10       002B1E
_loop                                         text1        0025A6
_main                                         text0        0039BA
_middleOffSet                                 bssBANK0     0000B6
_motPow                                       bssBANK0     0000B4
_nout                                         bssBANK0     0000A0
_oldDistLeft                                  bssCOMRAM    00003A
_oldDistRight                                 bssBANK0     0000BA
_oldSpeed                                     bssBANK0     0000AE
_prec                                         bssBANK0     0000A4
_printf                                       text4        00394C
_putch                                        text8        003AA8
_reverseCount                                 bssBANK0     0000BC
_reverseTime                                  bssBANK0     0000AA
_setMotor                                     text22       002C1A
_setSpeed                                     bssBANK0     0000B2
_setSteering                                  text13       002176
_smtDuty                                      bssBANK0     00009C
_smtPeriod                                    bssCOMRAM    000046
_smtWay                                       bssBANK0     000098
_startAccell                                  text2        002474
_timer3ReloadVal                              nvBANK0      0000EA
_timer5ReloadVal                              nvBANK0      0000EE
_uart1RxBuffer                                bssBANK0     000088
_uart1RxCount                                 bssCOMRAM    000041
_uart1RxHead                                  bssCOMRAM    000043
_uart1RxLastError                             bssCOMRAM    000040
_uart1RxStatusBuffer                          bssBANK0     000080
_uart1RxTail                                  bssCOMRAM    000042
_uart1TxBuffer                                bssBANK0     000090
_uart1TxBufferRemaining                       nvBANK0      0000FE
_uart1TxHead                                  bssCOMRAM    000045
_uart1TxTail                                  bssCOMRAM    000044
_vfpfcnvrt                                    text6        0027F4
_vfprintf                                     text5        0031AA
_width                                        bssBANK0     0000A2
actSpeed@speed                                cstackCOMRAM 000024
calcMotorPow@addMPow                          cstackBANK1  000108
calcMotorPow@oldSpeedDelta                    cstackBANK1  000106
calcMotorPow@setSpeedDelta                    cstackBANK1  000104
calcSpeed@speed                               cstackBANK1  000106
calcSteering@delta                            cstackBANK1  000106
end_of_initialization                         cinit        0034CE
fputc@c                                       cstackCOMRAM 000016
fputc@fp                                      cstackCOMRAM 000018
getCurve@deltaLeft                            cstackCOMRAM 000018
getCurve@deltaRight                           cstackCOMRAM 000016
intlevel0                                     text         000000
intlevel1                                     text         000000
intlevel2                                     text         000000
intlevel3                                     text         000000
isa$std                                       (abs)        000001
isa$xinst                                     (abs)        000000
ivt0x8_base                                   ivt0x8       000008
ivt0x8_undefint                               ivt0x8       0000AC
printf@ap                                     cstackCOMRAM 00002F
printf@fmt                                    cstackCOMRAM 00002D
putch@txData                                  cstackCOMRAM 000015
setMotor@motorPower                           cstackCOMRAM 000018
setSteering@steering                          cstackCOMRAM 00001C
setSteering@steeringB                         cstackCOMRAM 000023
setSteering@steeringF                         cstackCOMRAM 000021
setSteering@steeringMode                      cstackCOMRAM 00001E
stackhi                                       (abs)        000FFF
stacklo                                       (abs)        00010C
start                                         init         0000AE
startAccell@MPow                              cstackBANK1  000108
start_initialization                          cinit        003496
vfpfcnvrt@ap                                  cstackCOMRAM 000023
vfpfcnvrt@fmt                                 cstackCOMRAM 000021
vfpfcnvrt@fp                                  cstackCOMRAM 00001F
vfprintf@ap                                   cstackCOMRAM 000029
vfprintf@cfmt                                 cstackCOMRAM 00002B
vfprintf@fmt                                  cstackCOMRAM 000027
vfprintf@fp                                   cstackCOMRAM 000025


MODULE INFORMATION

Module		Function		Class		Link	Load	Size
C:\Program Files\Microchip\xc8\v2.32\pic\sources\c99\common\awdiv.c
		___awdiv       		CODE           	2DC6	0000	196

C:\Program Files\Microchip\xc8\v2.32\pic\sources\c99\common\awdiv.c estimated size: 196

C:\Program Files\Microchip\xc8\v2.32\pic\sources\c99\common\sprcadd.c
		___fladd       		CODE           	100E	0000	1218

C:\Program Files\Microchip\xc8\v2.32\pic\sources\c99\common\sprcadd.c estimated size: 1218

mcc_generated_files/pwm8.c
		_PWM8_LoadDutyValue		CODE           	3624	0000	52
		_PWM8_Initialize		CODE           	3A12	0000	24

mcc_generated_files/pwm8.c estimated size: 76

C:\Program Files\Microchip\xc8\v2.32\pic\sources\c99\common\aldiv.c
		___aldiv       		CODE           	290E	0000	268

C:\Program Files\Microchip\xc8\v2.32\pic\sources\c99\common\aldiv.c estimated size: 268

mcc_generated_files/pwm6.c
		_PWM6_LoadDutyValue		CODE           	35BC	0000	52
		_PWM6_Initialize		CODE           	3A42	0000	24

mcc_generated_files/pwm6.c estimated size: 76

C:\Program Files\Microchip\xc8\v2.32\pic\sources\c99\common\doprnt.c
		_vfpfcnvrt     		CODE           	27F4	0000	282
		_vfprintf      		CODE           	31AA	0000	104

C:\Program Files\Microchip\xc8\v2.32\pic\sources\c99\common\doprnt.c estimated size: 386

mcc_generated_files/tmr4.c
		_TMR4_ISR      		CODE           	3584	0000	56
		_TMR4_Initialize		CODE           	3874	0000	44
		_TMR4_SetInterruptHandler		CODE           	3AEE	0000	10
		_TMR4_DefaultInterruptHandler		CODE           	3B1C	0000	2
		_TMR4_CallBack 		CODE           	3846	0000	46

mcc_generated_files/tmr4.c estimated size: 158

mcc_generated_files/tmr2.c
		_TMR2_Initialize		CODE           	39DA	0000	28

mcc_generated_files/tmr2.c estimated size: 28

mcc_generated_files/interrupt_manager.c
		_INTERRUPT_Initialize		CODE           	3324	0000	76
		_Default_ISR   		CODE           	3B20	0000	2

mcc_generated_files/interrupt_manager.c estimated size: 78

mcc_generated_files/pin_manager.c
		_PIN_MANAGER_Initialize		CODE           	2CFC	0000	202

mcc_generated_files/pin_manager.c estimated size: 202

mcc_generated_files/ccp4.c
		_CCP4_SetCallBack		CODE           	3AF8	0000	10
		_CCP4_CaptureISR		CODE           	36C0	0000	52
		_CCP4_DefaultCallBack		CODE           	37BA	0000	48
		_CCP4_Initialize		CODE           	37EA	0000	46

mcc_generated_files/ccp4.c estimated size: 156

mcc_generated_files/uart1.c
		_UART1_rx_vect_isr		CODE           	3510	0000	58
		_UART1_Write   		CODE           	3212	0000	98
		_putch         		CODE           	3AA8	0000	10
		_UART1_SetFramingErrorHandler		CODE           	3AD0	0000	10
		_UART1_SetOverrunErrorHandler		CODE           	3AC6	0000	10
		_UART1_tx_vect_isr		CODE           	34D4	0000	58
		_UART1_Receive_ISR		CODE           	2E8A	0000	192
		_UART1_SetRxInterruptHandler		CODE           	3ABC	0000	10
		_UART1_SetTxInterruptHandler		CODE           	3AB2	0000	10
		_UART1_Initialize		CODE           	2F4A	0000	166
		_UART1_SetErrorHandler		CODE           	3ADA	0000	10
		_UART1_Transmit_ISR		CODE           	344E	0000	72
		_UART1_DefaultFramingErrorHandler		CODE           	3B1A	0000	2
		_UART1_DefaultErrorHandler		CODE           	3B0C	0000	6
		_UART1_RxDataHandler		CODE           	38CC	0000	44
		_UART1_DefaultOverrunErrorHandler		CODE           	3B18	0000	2

mcc_generated_files/uart1.c estimated size: 758

mcc_generated_files/pwm7.c
		_PWM7_LoadDutyValue		CODE           	3658	0000	52
		_PWM7_Initialize		CODE           	3A2A	0000	24

mcc_generated_files/pwm7.c estimated size: 76

mcc_generated_files/tmr5.c
		_TMR5_ReadTimer		CODE           	3996	0000	36
		_TMR5_SetGateInterruptHandler		CODE           	3AE4	0000	10
		_TMR5_GATE_ISR 		CODE           	3728	0000	50
		_TMR5_DefaultGateInterruptHandler		CODE           	39F6	0000	28
		_TMR5_Initialize		CODE           	33BA	0000	74
		_TMR5_Reload   		CODE           	3A9A	0000	14
		_TMR5_WriteTimer		CODE           	38F8	0000	44

mcc_generated_files/tmr5.c estimated size: 256

shared
		__initialization		CODE           	3496	0000	56

shared estimated size: 56

C:\Program Files\Microchip\xc8\v2.32\pic\sources\c99\common\sprcmul.c
		___flmul       		CODE           	14D0	0000	1104

C:\Program Files\Microchip\xc8\v2.32\pic\sources\c99\common\sprcmul.c estimated size: 1104

mcc_generated_files/pwm5.c
		_PWM5_LoadDutyValue		CODE           	35F0	0000	52
		_PWM5_Initialize		CODE           	3A5A	0000	24

mcc_generated_files/pwm5.c estimated size: 76

mcc_generated_files/smt1.c
		_SMT1_Initialize		CODE           	375A	0000	48
		_SMT1_PR_ACQ_ISR		CODE           	3404	0000	74
		_SMT1_PW_ACQ_ISR		CODE           	32D0	0000	84
		_SMT1_Overflow_ISR		CODE           	3924	0000	40

mcc_generated_files/smt1.c estimated size: 246

mcc_generated_files/mcc.c
		_PMD_Initialize		CODE           	3972	0000	36
		_OSCILLATOR_Initialize		CODE           	3A72	0000	24
		_SYSTEM_Initialize		CODE           	3370	0000	74

mcc_generated_files/mcc.c estimated size: 134

mcc_generated_files/tmr3.c
		_TMR3_Initialize		CODE           	354A	0000	56

mcc_generated_files/tmr3.c estimated size: 56

C:\Program Files\Microchip\xc8\v2.32\pic\sources\c99\common\fltol.c
		___fltol       		CODE           	26D6	0000	286

C:\Program Files\Microchip\xc8\v2.32\pic\sources\c99\common\fltol.c estimated size: 286

C:\Program Files\Microchip\xc8\v2.32\pic\sources\c99\common\xxtofl.c
		___xxtofl      		CODE           	1FC2	0000	436

C:\Program Files\Microchip\xc8\v2.32\pic\sources\c99\common\xxtofl.c estimated size: 436

C:\Program Files\Microchip\xc8\v2.32\pic\sources\c99\common\printf.c
		_printf        		CODE           	394C	0000	38

C:\Program Files\Microchip\xc8\v2.32\pic\sources\c99\common\printf.c estimated size: 38

C:\Program Files\Microchip\xc8\v2.32\pic\sources\c99\common\nf_fputc.c
		_fputc         		CODE           	2FF0	0000	150

C:\Program Files\Microchip\xc8\v2.32\pic\sources\c99\common\nf_fputc.c estimated size: 150

mcc_generated_files/adcc.c
		_ADCC_GetSingleConversion		CODE           	36F4	0000	50
		_ADCC_Initialize		CODE           	3274	0000	92

mcc_generated_files/adcc.c estimated size: 142

main.c
		_loop          		CODE           	25A6	0000	304
		_checkBatt     		CODE           	311A	0000	144
		_calcSteering  		CODE           	1B6C	0000	576
		_startAccell   		CODE           	2474	0000	306
		_main          		CODE           	39BA	0000	32
		_setMotor      		CODE           	2C1A	0000	226
		_getBatteryVoltage		CODE           	3A8A	0000	16
		_getCurve      		CODE           	1920	0000	588
		_calcSpeed     		CODE           	1DAC	0000	534
		_calcMotorPow  		CODE           	231A	0000	346
		_setSteering   		CODE           	2176	0000	420
		_getReverse    		CODE           	2B1E	0000	252
		_actSpeed      		CODE           	3086	0000	148
		_TMR4_10msISR  		CODE           	3B12	0000	6

main.c estimated size: 3898

C:\Program Files\Microchip\xc8\v2.32\pic\sources\c99\common\flge.c
		___flge        		CODE           	2A1A	0000	260

C:\Program Files\Microchip\xc8\v2.32\pic\sources\c99\common\flge.c estimated size: 260

mcc_generated_files/clc3.c
		_CLC3_Initialize		CODE           	38A0	0000	44

mcc_generated_files/clc3.c estimated size: 44

mcc_generated_files/ccp3.c
		_CCP3_SetCallBack		CODE           	3B02	0000	10
		_CCP3_CaptureISR		CODE           	368C	0000	52
		_CCP3_DefaultCallBack		CODE           	378A	0000	48
		_CCP3_Initialize		CODE           	3818	0000	46

mcc_generated_files/ccp3.c estimated size: 156

