Microchip MPLAB XC8 Compiler V2.36

Linker command line:

-W-3 --edf=C:\Program Files\Microchip\xc8\v2.36\pic\dat\en_msgs.txt \
  -pivt0x8=08h -cn -h+dist/default/production\CrazyCar_00.X.production.sym \
  --cmf=dist/default/production\CrazyCar_00.X.production.cmf -z -Q18F46K42 \
  -oC:\Users\morit\AppData\Local\Temp\xcAskrc.4 --defsym=__MPLAB_BUILD=1 \
  -Mdist/default/production/CrazyCar_00.X.production.map \
  --md=C:\Users\morit\AppData\Local\Temp\xcAskrc.dat -E1 -ver=XC8 Compiler \
  --acfsm=1493 -ACODE=00h-0FFFFh -ACONST=00h-0FFFFh \
  -ASMALLCONST=01000h-010FFhx240 -AMEDIUMCONST=01000h-0FFFFh \
  -ACOMRAM=01h-05Fh -AABS1=00h-0FFFh -ABIGRAM=01h-0FFFh \
  -ARAM=060h-0FFh,0100h-01FFhx15 -ABANK0=060h-0FFh -ABANK1=0100h-01FFh \
  -ABANK2=0200h-02FFh -ABANK3=0300h-03FFh -ABANK4=0400h-04FFh \
  -ABANK5=0500h-05FFh -ABANK6=0600h-06FFh -ABANK7=0700h-07FFh \
  -ABANK8=0800h-08FFh -ABANK9=0900h-09FFh -ABANK10=0A00h-0AFFh \
  -ABANK11=0B00h-0BFFh -ABANK12=0C00h-0CFFh -ABANK13=0D00h-0DFFh \
  -ABANK14=0E00h-0EFFh -ABANK15=0F00h-0FFFh \
  -ASFR=03800h-038FFhx7,03F00h-03F5Fh,03F60h-03FFFh -ABIGSFR=03800h-03FFFh \
  -ACONFIG=0300000h-0300009h -AIDLOC=0200000h-020000Fh \
  -AEEDATA=0310000h-03103FFh -peeprom_data=EEDATA -preset_vec=00h \
  -ppowerup=CODE,init -pramtop=01000h -psmallconst=SMALLCONST \
  -pmediumconst=MEDIUMCONST -pconst=CONST -AFARRAM=00h-00h \
  -prdata=COMRAM,nvrram=COMRAM,nvbit=COMRAM,rbss=COMRAM,rbit=COMRAM \
  -pfarbss=FARRAM,fardata=FARRAM,nvFARRAM=FARRAM \
  -pintsave_regs=BIGRAM,bigbss=BIGRAM,bigdata=BIGRAM -pbss=RAM \
  -pidata=CODE,irdata=CODE,ibigdata=CODE,ifardata=CODE -prparam=COMRAM \
  C:\Users\morit\AppData\Local\Temp\xcAskrc.o \
  dist/default/production\CrazyCar_00.X.production.o 

Object code version is 3.11

Machine type is 18F46K42



                Name                               Link     Load   Length Selector   Space Scale
C:\Users\morit\AppData\Local\Temp\xcAskrc.o
                idloc                            200000   200000       10        0       5
                config                           300000   300000        A        0       4
                init                                 AE       AE        4        4       0
                reset_vec                             0        0        4        0       0
dist/default/production\CrazyCar_00.X.production.o
                idloc                            200000   200000       10        0       5
                config                           300000   300000        A        0       4
                smallconst                         1000     1000       14      800       0
                ivt0x8                                8        8       A6        4       0
                text80                             3158     3158       28      C56       0
                text79                             29E4     29E4       54      80A       0
                text78                             2CF0     2CF0       4A      B3C       0
                text77                             31A4     31A4       24      C56       0
                text76                             3102     3102       2C      B3C       0
                text75                             32AA     32AA        E      C56       0
                text74                             3200     3200       1C      C56       0
                text73                             2CA4     2CA4       4A      AA3       0
                text72                             3050     3050       2E      B3C       0
                text71                             2BC4     2BC4       4C      AA3       0
                text70                             3022     3022       2E      B3C       0
                text69                             2B78     2B78       4C      AA3       0
                text68                             3338     3338        2      CCE       0
                text67                             3334     3334        2      C56       0
                text66                             332A     332A        6      C56       0
                text65                             2FF4     2FF4       2E      B3C       0
                text64                             2ADC     2ADC       50      AA3       0
                text63                             30D6     30D6       2C      B3C       0
                text62                             3324     3324        6      C56       0
                text61                             3332     3332        2      C56       0
                text60                             3330     3330        2      C56       0
                text59                             255C     255C       C0      80A       0
                text58                             2A8C     2A8C       50      AA3       0
                text57                             2DC6     2DC6       44      B3C       0
                text56                             2A38     2A38       52      80A       0
                text55                             2988     2988       5C      80A       0
                text54                             3312     3312        A      C56       0
                text53                             2FC6     2FC6       2E      B3C       0
                text52                             3308     3308        A      C56       0
                text51                             2F98     2F98       2E      B3C       0
                text50                             30AA     30AA       2C      B3C       0
                text49                             2B2C     2B2C       4C      AA3       0
                text48                             327C     327C       18      C56       0
                text47                             2304     2304       CA      80A       0
                text46                             3180     3180       24      C56       0
                text45                             3264     3264       18      C56       0
                text44                             324C     324C       18      C56       0
                text43                             3234     3234       18      C56       0
                text42                             321C     321C       18      C56       0
                text41                             2F68     2F68       30      B3C       0
                text40                             31E4     31E4       1C      C56       0
                text39                             2EC4     2EC4       38      B3C       0
                text38                             32FE     32FE        A      C56       0
                text37                             307E     307E       2C      B3C       0
                text36                             32F4     32F4        A      C56       0
                text35                             2C5A     2C5A       4A      AA3       0
                text34                             32EA     32EA        A      C56       0
                text33                             32E0     32E0        A      C56       0
                text32                             32D6     32D6        A      C56       0
                text31                             32CC     32CC        A      C56       0
                text30                             32C2     32C2        A      C56       0
                text29                             261C     261C       A4      80A       0
                text28                             2C10     2C10       4A      AA3       0
                text27                             2E88     2E88       3C      B3C       0
                text26                             2D82     2D82       44      B3C       0
                text25                             2496     2496       C6      80A       0
                text24                             1014     1014      450      80A       0
                text23                             2116     2116      108      80A       0
                text22                             1B60     1B60      1B8      80A       0
                text21                             2008     2008      10E      80A       0
                text20                             26C0     26C0       9A      80A       0
                text19                             2F32     2F32       36      B3C       0
                text18                             2EFC     2EFC       36      B3C       0
                text17                             221E     221E       E6      80A       0
                text16                             1958     1958      208      80A       0
                text15                             1D18     1D18      18A      80A       0
                text14                             1EA2     1EA2      166      80A       0
                text13                             2E0A     2E0A       42      B3C       0
                text12                             292C     292C       5C      80A       0
                text11                             32B8     32B8        A      C56       0
                text10                             275A     275A       98      80A       0
                text9                              2D3A     2D3A       48      B3C       0
                text8                              2E4C     2E4C       3C      B3C       0
                text7                              23CE     23CE       C8      80A       0
                text6                              1464     1464      2E6      80A       0
                text5                              174A     174A      20E      80A       0
                text4                              285E     285E       68      80A       0
                text3                              312E     312E       28      B3C       0
                text2                              3294     3294       16      C56       0
                text1                              28C6     28C6       66      80A       0
                text0                              31C8     31C8       1C      C56       0
                cstackCOMRAM                          1        1       22        1       1
                cstackBANK0                          60       60       50       60       1
                cstackBANK1                         120      120        C      100       1
                bssBANK1                            100      100       20      100       1
                dataBANK0                            F7       F7        8       60       1
                bssBANK0                             B0       B0       31       60       1
                dataCOMRAM                           40       40        1        1       1
                bssCOMRAM                            23       23       1A        1       1
                cinit                              27F2     27F2       6C      80A       0
                nvBANK0                              E1       E1       16       60       1
                nvCOMRAM                             3D       3D        3        1       1
                idataBANK0                         331C     331C        8      C56       0
                idataCOMRAM                        333A     333A        1      CCE       0

TOTAL           Name                               Link     Load   Length     Space
        CLASS   CODE           
                init                                 AE       AE        4         0
                reset_vec                             0        0        4         0
                ivt0x8                                8        8       A6         0
                text80                             3158     3158       28         0
                text79                             29E4     29E4       54         0
                text78                             2CF0     2CF0       4A         0
                text77                             31A4     31A4       24         0
                text76                             3102     3102       2C         0
                text75                             32AA     32AA        E         0
                text74                             3200     3200       1C         0
                text73                             2CA4     2CA4       4A         0
                text72                             3050     3050       2E         0
                text71                             2BC4     2BC4       4C         0
                text70                             3022     3022       2E         0
                text69                             2B78     2B78       4C         0
                text68                             3338     3338        2         0
                text67                             3334     3334        2         0
                text66                             332A     332A        6         0
                text65                             2FF4     2FF4       2E         0
                text64                             2ADC     2ADC       50         0
                text63                             30D6     30D6       2C         0
                text62                             3324     3324        6         0
                text61                             3332     3332        2         0
                text60                             3330     3330        2         0
                text59                             255C     255C       C0         0
                text58                             2A8C     2A8C       50         0
                text57                             2DC6     2DC6       44         0
                text56                             2A38     2A38       52         0
                text55                             2988     2988       5C         0
                text54                             3312     3312        A         0
                text53                             2FC6     2FC6       2E         0
                text52                             3308     3308        A         0
                text51                             2F98     2F98       2E         0
                text50                             30AA     30AA       2C         0
                text49                             2B2C     2B2C       4C         0
                text48                             327C     327C       18         0
                text47                             2304     2304       CA         0
                text46                             3180     3180       24         0
                text45                             3264     3264       18         0
                text44                             324C     324C       18         0
                text43                             3234     3234       18         0
                text42                             321C     321C       18         0
                text41                             2F68     2F68       30         0
                text40                             31E4     31E4       1C         0
                text39                             2EC4     2EC4       38         0
                text38                             32FE     32FE        A         0
                text37                             307E     307E       2C         0
                text36                             32F4     32F4        A         0
                text35                             2C5A     2C5A       4A         0
                text34                             32EA     32EA        A         0
                text33                             32E0     32E0        A         0
                text32                             32D6     32D6        A         0
                text31                             32CC     32CC        A         0
                text30                             32C2     32C2        A         0
                text29                             261C     261C       A4         0
                text28                             2C10     2C10       4A         0
                text27                             2E88     2E88       3C         0
                text26                             2D82     2D82       44         0
                text25                             2496     2496       C6         0
                text24                             1014     1014      450         0
                text23                             2116     2116      108         0
                text22                             1B60     1B60      1B8         0
                text21                             2008     2008      10E         0
                text20                             26C0     26C0       9A         0
                text19                             2F32     2F32       36         0
                text18                             2EFC     2EFC       36         0
                text17                             221E     221E       E6         0
                text16                             1958     1958      208         0
                text15                             1D18     1D18      18A         0
                text14                             1EA2     1EA2      166         0
                text13                             2E0A     2E0A       42         0
                text12                             292C     292C       5C         0
                text11                             32B8     32B8        A         0
                text10                             275A     275A       98         0
                text9                              2D3A     2D3A       48         0
                text8                              2E4C     2E4C       3C         0
                text7                              23CE     23CE       C8         0
                text6                              1464     1464      2E6         0
                text5                              174A     174A      20E         0
                text4                              285E     285E       68         0
                text3                              312E     312E       28         0
                text2                              3294     3294       16         0
                text1                              28C6     28C6       66         0
                text0                              31C8     31C8       1C         0
                cinit                              27F2     27F2       6C         0
                idataBANK0                         331C     331C        8         0
                idataCOMRAM                        333A     333A        1         0

        CLASS   CONST          

        CLASS   SMALLCONST     
                smallconst                         1000     1000       14         0

        CLASS   MEDIUMCONST    

        CLASS   COMRAM         
                cstackCOMRAM                          1        1       22         1
                dataCOMRAM                           40       40        1         1
                bssCOMRAM                            23       23       1A         1
                nvCOMRAM                             3D       3D        3         1

        CLASS   ABS1           

        CLASS   BIGRAM         

        CLASS   RAM            

        CLASS   BANK0          
                cstackBANK0                          60       60       50         1
                dataBANK0                            F7       F7        8         1
                bssBANK0                             B0       B0       31         1
                nvBANK0                              E1       E1       16         1

        CLASS   BANK1          
                cstackBANK1                         120      120        C         1
                bssBANK1                            100      100       20         1

        CLASS   BANK2          

        CLASS   BANK3          

        CLASS   BANK4          

        CLASS   BANK5          

        CLASS   BANK6          

        CLASS   BANK7          

        CLASS   BANK8          

        CLASS   BANK9          

        CLASS   BANK10         

        CLASS   BANK11         

        CLASS   BANK12         

        CLASS   BANK13         

        CLASS   BANK14         

        CLASS   BANK15         

        CLASS   SFR            

        CLASS   BIGSFR         

        CLASS   CONFIG         
                config                           300000   300000        A         4

        CLASS   IDLOC          
                idloc                            200000   200000       10         5

        CLASS   EEDATA         

        CLASS   FARRAM         

        CLASS   HEAP           

        CLASS   STACK          



SEGMENTS        Name                           Load    Length   Top    Selector   Space  Class

                reset_vec                      000000  000004  000004         0       0  CODE    
                cstackCOMRAM                   000001  000040  000041         1       1  COMRAM  
                ivt0x8                         000008  0000AA  0000B2         4       0  CODE    
                cstackBANK0                    000060  00009F  0000FF        60       1  BANK0   
                bssBANK1                       000100  00002C  00012C       100       1  BANK1   
                smallconst                     001000  000014  001014       800       0  SMALLCON
                text24                         001014  001A76  002A8A       80A       0  CODE    
                text58                         002A8C  000262  002CEE       AA3       0  CODE    
                text78                         002CF0  000466  003156       B3C       0  CODE    
                text80                         003158  0001DE  003336       C56       0  CODE    
                text68                         003338  000003  00333B       CCE       0  CODE    


UNUSED ADDRESS RANGES

        Name                Unused          Largest block    Delta
        BANK0            0000FF-0000FF                1
        BANK1            00012C-0001FF               D4
        BANK10           000A00-000AFF              100
        BANK11           000B00-000BFF              100
        BANK12           000C00-000CFF              100
        BANK13           000D00-000DFF              100
        BANK14           000E00-000EFF              100
        BANK15           000F00-000FFF              100
        BANK2            000200-0002FF              100
        BANK3            000300-0003FF              100
        BANK4            000400-0004FF              100
        BANK5            000500-0005FF              100
        BANK6            000600-0006FF              100
        BANK7            000700-0007FF              100
        BANK8            000800-0008FF              100
        BANK9            000900-0009FF              100
        BIGRAM           000041-00005F               1F
                         0000FF-0000FF                1
                         00012C-000FFF              ED4
        BIGSFR           003800-003FFF              800
        CODE             000004-000007                4
                         0000B2-000FFF              F4E
                         002A8A-002A8B                2
                         002CEE-002CEF                2
                         003156-003157                2
                         003336-003337                2
                         00333B-00FFFF             CCC5
        COMRAM           000041-00005F               1F
        CONST            000004-000007                4
                         0000B2-000FFF              F4E
                         002A8A-002A8B                2
                         002CEE-002CEF                2
                         003156-003157                2
                         003336-003337                2
                         00333B-00FFFF             CCC5
        EEDATA           310000-3103FF              400
        MEDIUMCONST      002A8A-002A8B                2
                         002CEE-002CEF                2
                         003156-003157                2
                         003336-003337                2
                         00333B-00FFFF             CCC5
        RAM              0000FF-0000FF                1
                         00012C-000FFF              100
        SFR              003800-003FFF              100
        SMALLCONST       002A8A-002A8B                2
                         002CEE-002CEF                2
                         003156-003157                2
                         003336-003337                2
                         00333B-00FFFF              100

                                  Symbol Table

?_ADCC_GetSingleConversion                    cstackCOMRAM 000020
?_TMR5_ReadTimer                              cstackCOMRAM 00000D
?___aldiv                                     cstackBANK0  000060
?___aodiv                                     cstackBANK0  000060
?___aomod                                     cstackBANK0  000060
?___awdiv                                     cstackBANK0  000060
?___flmul                                     cstackBANK0  000076
?___fltol                                     cstackBANK0  00008F
?___xxtofl                                    cstackBANK0  000068
?_abs                                         cstackBANK0  000070
?_actSpeed                                    cstackCOMRAM 000020
?_dtoa                                        cstackBANK0  00007A
?_pad                                         cstackBANK0  000070
?_printf                                      cstackBANK1  000126
?_strlen                                      cstackCOMRAM 000020
?_vfpfcnvrt                                   cstackBANK0  00009E
?_vfprintf                                    cstackBANK1  000120
ADCC_GetSingleConversion@channel              cstackCOMRAM 000022
CCP3_CaptureISR@module                        cstackCOMRAM 000005
CCP3_DefaultCallBack@capturedValue            cstackCOMRAM 000001
CCP3_SetCallBack@customCallBack               cstackCOMRAM 000020
CCP4_CaptureISR@module                        cstackCOMRAM 00000B
CCP4_DefaultCallBack@capturedValue            cstackCOMRAM 000007
CCP4_SetCallBack@customCallBack               cstackCOMRAM 000020
INTERRUPT_Initialize@state                    cstackCOMRAM 000020
IVTBASEH                                      (abs)        003FD6
IVTBASEL                                      (abs)        003FD5
IVTBASEU                                      (abs)        003FD7
PWM7_LoadDutyValue@dutyValue                  cstackCOMRAM 000020
PWM8_LoadDutyValue@dutyValue                  cstackCOMRAM 000020
TMR4_ISR@CountCallBack                        bssCOMRAM    000027
TMR4_SetInterruptHandler@InterruptHandler     cstackCOMRAM 000020
TMR5_ReadTimer@readVal                        cstackCOMRAM 000011
TMR5_ReadTimer@readValHigh                    cstackCOMRAM 000013
TMR5_ReadTimer@readValLow                     cstackCOMRAM 000014
TMR5_SetGateInterruptHandler@InterruptHandler cstackCOMRAM 000020
TMR5_WriteTimer@timerVal                      cstackCOMRAM 00000D
UART1_SetErrorHandler@interruptHandler        cstackCOMRAM 000020
UART1_SetFramingErrorHandler@interruptHandler cstackCOMRAM 000020
UART1_SetOverrunErrorHandler@interruptHandler cstackCOMRAM 000020
UART1_SetRxInterruptHandler@InterruptHandler  cstackCOMRAM 000020
UART1_SetTxInterruptHandler@InterruptHandler  cstackCOMRAM 000020
UART1_Write@txData                            cstackCOMRAM 000020
_ADACCH                                       (abs)        003EE9
_ADACCL                                       (abs)        003EE8
_ADACCU                                       (abs)        003EEA
_ADACQH                                       (abs)        003EF4
_ADACQL                                       (abs)        003EF3
_ADACT                                        (abs)        003EFE
_ADCAP                                        (abs)        003EF5
_ADCC_GetSingleConversion                     text27       002E88
_ADCC_Initialize                              text55       002988
_ADCLK                                        (abs)        003EFF
_ADCNT                                        (abs)        003EEB
_ADCON0                                       (abs)        003EF8
_ADCON0bits                                   (abs)        003EF8
_ADCON1                                       (abs)        003EF9
_ADCON1bits                                   (abs)        003EF9
_ADCON2                                       (abs)        003EFA
_ADCON2bits                                   (abs)        003EFA
_ADCON3                                       (abs)        003EFB
_ADCON3bits                                   (abs)        003EFB
_ADERRH                                       (abs)        003EE3
_ADERRL                                       (abs)        003EE2
_ADFLTRH                                      (abs)        003EE7
_ADFLTRL                                      (abs)        003EE6
_ADLTHH                                       (abs)        003EDF
_ADLTHL                                       (abs)        003EDE
_ADPCH                                        (abs)        003EF1
_ADPREH                                       (abs)        003EF7
_ADPREL                                       (abs)        003EF6
_ADPREVH                                      (abs)        003EEE
_ADPREVL                                      (abs)        003EED
_ADREF                                        (abs)        003EFD
_ADRESH                                       (abs)        003EF0
_ADRESL                                       (abs)        003EEF
_ADRPT                                        (abs)        003EEC
_ADSTAT                                       (abs)        003EFC
_ADSTATbits                                   (abs)        003EFC
_ADSTPTH                                      (abs)        003EE5
_ADSTPTL                                      (abs)        003EE4
_ADUTHH                                       (abs)        003EE1
_ADUTHL                                       (abs)        003EE0
_ANSELA                                       (abs)        003A40
_ANSELB                                       (abs)        003A50
_ANSELC                                       (abs)        003A60
_ANSELD                                       (abs)        003A70
_ANSELE                                       (abs)        003A80
_BatteryVolt                                  nvBANK0      0000E1
_CCP3CAP                                      (abs)        003F77
_CCP3CON                                      (abs)        003F76
_CCP3PPS                                      (abs)        003ACF
_CCP3_CallBack                                nvBANK0      0000ED
_CCP3_CaptureISR                              text69       002B78
_CCP3_DefaultCallBack                         text70       003022
_CCP3_Initialize                              text53       002FC6
_CCP3_SetCallBack                             text54       003312
_CCP4CAP                                      (abs)        003F73
_CCP4CON                                      (abs)        003F72
_CCP4PPS                                      (abs)        003AD0
_CCP4_CallBack                                nvBANK0      0000EB
_CCP4_CaptureISR                              text71       002BC4
_CCP4_DefaultCallBack                         text72       003050
_CCP4_Initialize                              text51       002F98
_CCP4_SetCallBack                             text52       003308
_CCPR3H                                       (abs)        003F75
_CCPR3L                                       (abs)        003F74
_CCPR4H                                       (abs)        003F71
_CCPR4L                                       (abs)        003F70
_CCPTMRS0bits                                 (abs)        003F5E
_CCPTMRS1bits                                 (abs)        003F5F
_CLC3CON                                      (abs)        003C60
_CLC3CONbits                                  (abs)        003C60
_CLC3GLS0                                     (abs)        003C66
_CLC3GLS1                                     (abs)        003C67
_CLC3GLS2                                     (abs)        003C68
_CLC3GLS3                                     (abs)        003C69
_CLC3POL                                      (abs)        003C61
_CLC3SEL0                                     (abs)        003C62
_CLC3SEL1                                     (abs)        003C63
_CLC3SEL2                                     (abs)        003C64
_CLC3SEL3                                     (abs)        003C65
_CLC3_Initialize                              text50       0030AA
_CLCIN0PPS                                    (abs)        003AD9
_CLCIN2PPS                                    (abs)        003ADB
_CLCIN3PPS                                    (abs)        003ADC
_Default_ISR                                  text68       003338
_GIE                                          (abs)        01FE97
_INLVLA                                       (abs)        003A44
_INLVLB                                       (abs)        003A54
_INLVLC                                       (abs)        003A64
_INLVLD                                       (abs)        003A74
_INLVLE                                       (abs)        003A84
_INTCON0bits                                  (abs)        003FD2
_INTERRUPT_Initialize                         text49       002B2C
_IPR10bits                                    (abs)        00398A
_IPR1bits                                     (abs)        003981
_IPR3bits                                     (abs)        003983
_IPR7bits                                     (abs)        003987
_IPR8bits                                     (abs)        003988
_IPR9bits                                     (abs)        003989
_IVTBASEH                                     (abs)        003FD6
_IVTBASEL                                     (abs)        003FD5
_IVTBASEU                                     (abs)        003FD7
_IVTLOCK                                      (abs)        003FD4
_IVTLOCKbits                                  (abs)        003FD4
_LATA                                         (abs)        003FBA
_LATB                                         (abs)        003FBB
_LATC                                         (abs)        003FBC
_LATD                                         (abs)        003FBD
_LATE                                         (abs)        003FBE
_ODCONA                                       (abs)        003A42
_ODCONB                                       (abs)        003A52
_ODCONC                                       (abs)        003A62
_ODCOND                                       (abs)        003A72
_ODCONE                                       (abs)        003A82
_OSCCON1                                      (abs)        0039D9
_OSCCON3                                      (abs)        0039DB
_OSCEN                                        (abs)        0039DD
_OSCFRQ                                       (abs)        0039DF
_OSCILLATOR_Initialize                        text48       00327C
_OSCTUNE                                      (abs)        0039DE
_PIE10bits                                    (abs)        00399A
_PIE1bits                                     (abs)        003991
_PIE3bits                                     (abs)        003993
_PIE7bits                                     (abs)        003997
_PIE8bits                                     (abs)        003998
_PIE9bits                                     (abs)        003999
_PIN_MANAGER_Initialize                       text47       002304
_PIR10bits                                    (abs)        0039AA
_PIR1bits                                     (abs)        0039A1
_PIR4bits                                     (abs)        0039A4
_PIR6bits                                     (abs)        0039A6
_PIR7bits                                     (abs)        0039A7
_PIR8bits                                     (abs)        0039A8
_PIR9bits                                     (abs)        0039A9
_PMD0                                         (abs)        0039C0
_PMD1                                         (abs)        0039C1
_PMD2                                         (abs)        0039C2
_PMD3                                         (abs)        0039C3
_PMD4                                         (abs)        0039C4
_PMD5                                         (abs)        0039C5
_PMD6                                         (abs)        0039C6
_PMD7                                         (abs)        0039C7
_PMD_Initialize                               text46       003180
_PORTDbits                                    (abs)        003FCD
_PR2                                          (abs)        003FAB
_PR4                                          (abs)        003F9F
_PWM5CON                                      (abs)        003F6E
_PWM5DCH                                      (abs)        003F6D
_PWM5DCL                                      (abs)        003F6C
_PWM5_Initialize                              text45       003264
_PWM6CON                                      (abs)        003F6A
_PWM6DCH                                      (abs)        003F69
_PWM6DCL                                      (abs)        003F68
_PWM6_Initialize                              text44       00324C
_PWM7CON                                      (abs)        003F66
_PWM7DCH                                      (abs)        003F65
_PWM7DCL                                      (abs)        003F64
_PWM7_Initialize                              text43       003234
_PWM7_LoadDutyValue                           text19       002F32
_PWM8CON                                      (abs)        003F62
_PWM8DCH                                      (abs)        003F61
_PWM8DCL                                      (abs)        003F60
_PWM8_Initialize                              text42       00321C
_PWM8_LoadDutyValue                           text18       002EFC
_RA0PPS                                       (abs)        003A00
_RA1PPS                                       (abs)        003A01
_RA3PPS                                       (abs)        003A03
_RA4PPS                                       (abs)        003A04
_RB1I2C                                       (abs)        003A5A
_RB2I2C                                       (abs)        003A5B
_RB3PPS                                       (abs)        003A0B
_RC3I2C                                       (abs)        003A6A
_RC4I2C                                       (abs)        003A6B
_RD0I2C                                       (abs)        003A7A
_RD1I2C                                       (abs)        003A7B
_SLRCONA                                      (abs)        003A43
_SLRCONB                                      (abs)        003A53
_SLRCONC                                      (abs)        003A63
_SLRCOND                                      (abs)        003A73
_SLRCONE                                      (abs)        003A83
_SMT1CLK                                      (abs)        003F21
_SMT1CON0                                     (abs)        003F1E
_SMT1CON0bits                                 (abs)        003F1E
_SMT1CON1                                     (abs)        003F1F
_SMT1CON1bits                                 (abs)        003F1F
_SMT1CPR                                      (abs)        003F15
_SMT1CPW                                      (abs)        003F18
_SMT1PR                                       (abs)        003F1B
_SMT1PRH                                      (abs)        003F1C
_SMT1PRL                                      (abs)        003F1B
_SMT1PRU                                      (abs)        003F1D
_SMT1SIG                                      (abs)        003F22
_SMT1SIGPPS                                   (abs)        003AD2
_SMT1STAT                                     (abs)        003F20
_SMT1STATbits                                 (abs)        003F20
_SMT1TMR                                      (abs)        003F12
_SMT1WIN                                      (abs)        003F23
_SMT1WINPPS                                   (abs)        003AD1
_SMT1_Initialize                              text41       002F68
_SMT1_Overflow_ISR                            text80       003158
_SMT1_PR_ACQ_ISR                              text78       002CF0
_SMT1_PW_ACQ_ISR                              text79       0029E4
_SYSTEM_Initialize                            text28       002C10
_T2CLKCON                                     (abs)        003FAE
_T2CON                                        (abs)        003FAC
_T2CONbits                                    (abs)        003FAC
_T2HLT                                        (abs)        003FAD
_T2HLTbits                                    (abs)        003FAD
_T2PR                                         (abs)        003FAB
_T2RST                                        (abs)        003FAF
_T2RSTbits                                    (abs)        003FAF
_T2TMR                                        (abs)        003FAA
_T3CLK                                        (abs)        003FA9
_T3CON                                        (abs)        003FA6
_T3CONbits                                    (abs)        003FA6
_T3GATE                                       (abs)        003FA8
_T3GCON                                       (abs)        003FA7
_T3GCONbits                                   (abs)        003FA7
_T4CLKCON                                     (abs)        003FA2
_T4CON                                        (abs)        003FA0
_T4CONbits                                    (abs)        003FA0
_T4HLT                                        (abs)        003FA1
_T4HLTbits                                    (abs)        003FA1
_T4PR                                         (abs)        003F9F
_T4RST                                        (abs)        003FA3
_T4RSTbits                                    (abs)        003FA3
_T4TMR                                        (abs)        003F9E
_T5CLK                                        (abs)        003F9D
_T5CON                                        (abs)        003F9A
_T5CONbits                                    (abs)        003F9A
_T5GATE                                       (abs)        003F9C
_T5GCON                                       (abs)        003F9B
_T5GCONbits                                   (abs)        003F9B
_T5GPPS                                       (abs)        003AC9
_TMR2                                         (abs)        003FAA
_TMR2_Initialize                              text40       0031E4
_TMR3H                                        (abs)        003FA5
_TMR3L                                        (abs)        003FA4
_TMR3_Initialize                              text39       002EC4
_TMR4                                         (abs)        003F9E
_TMR4_10msISR                                 text66       00332A
_TMR4_CallBack                                text65       002FF4
_TMR4_DefaultInterruptHandler                 text67       003334
_TMR4_ISR                                     text64       002ADC
_TMR4_Initialize                              text37       00307E
_TMR4_InterruptHandler                        nvBANK0      0000E3
_TMR4_SetInterruptHandler                     text38       0032FE
_TMR5H                                        (abs)        003F99
_TMR5L                                        (abs)        003F98
_TMR5_DefaultGateInterruptHandler             text74       003200
_TMR5_GATE_ISR                                text73       002CA4
_TMR5_GateInterruptHandler                    nvBANK0      0000E7
_TMR5_Initialize                              text35       002C5A
_TMR5_ReadTimer                               text77       0031A4
_TMR5_Reload                                  text75       0032AA
_TMR5_SetGateInterruptHandler                 text36       0032F4
_TMR5_WriteTimer                              text76       003102
_TRISA                                        (abs)        003FC2
_TRISB                                        (abs)        003FC3
_TRISC                                        (abs)        003FC4
_TRISD                                        (abs)        003FC5
_TRISE                                        (abs)        003FC6
_U1BRGH                                       (abs)        003DF6
_U1BRGL                                       (abs)        003DF5
_U1CON0                                       (abs)        003DF2
_U1CON1                                       (abs)        003DF3
_U1CON2                                       (abs)        003DF4
_U1ERRIE                                      (abs)        003DFA
_U1ERRIR                                      (abs)        003DF9
_U1ERRIRbits                                  (abs)        003DF9
_U1FIFO                                       (abs)        003DF7
_U1P1H                                        (abs)        003DED
_U1P1L                                        (abs)        003DEC
_U1P2H                                        (abs)        003DEF
_U1P2L                                        (abs)        003DEE
_U1P3H                                        (abs)        003DF1
_U1P3L                                        (abs)        003DF0
_U1RXB                                        (abs)        003DE8
_U1RXPPS                                      (abs)        003AE5
_U1TXB                                        (abs)        003DEA
_U1UIR                                        (abs)        003DF8
_UART1_DefaultErrorHandler                    text62       003324
_UART1_DefaultFramingErrorHandler             text61       003332
_UART1_DefaultOverrunErrorHandler             text60       003330
_UART1_ErrorHandler                           nvBANK0      0000EF
_UART1_FramingErrorHandler                    nvBANK0      0000F3
_UART1_Initialize                             text29       00261C
_UART1_OverrunErrorHandler                    nvBANK0      0000F1
_UART1_Receive_ISR                            text59       00255C
_UART1_RxDataHandler                          text63       0030D6
_UART1_RxInterruptHandler                     nvCOMRAM     00003D
_UART1_SetErrorHandler                        text34       0032EA
_UART1_SetFramingErrorHandler                 text33       0032E0
_UART1_SetOverrunErrorHandler                 text32       0032D6
_UART1_SetRxInterruptHandler                  text31       0032CC
_UART1_SetTxInterruptHandler                  text30       0032C2
_UART1_Transmit_ISR                           text57       002DC6
_UART1_TxInterruptHandler                     nvBANK0      0000F5
_UART1_Write                                  text12       00292C
_UART1_rx_vect_isr                            text58       002A8C
_UART1_tx_vect_isr                            text56       002A38
_WPUA                                         (abs)        003A41
_WPUB                                         (abs)        003A51
_WPUC                                         (abs)        003A61
_WPUD                                         (abs)        003A71
_WPUE                                         (abs)        003A81
__HRAM                                        (abs)        000000
__Habs1                                       abs1         000000
__Hbank0                                      bank0        000000
__Hbank1                                      bank1        000000
__Hbank10                                     bank10       000000
__Hbank11                                     bank11       000000
__Hbank12                                     bank12       000000
__Hbank13                                     bank13       000000
__Hbank14                                     bank14       000000
__Hbank15                                     bank15       000000
__Hbank2                                      bank2        000000
__Hbank3                                      bank3        000000
__Hbank4                                      bank4        000000
__Hbank5                                      bank5        000000
__Hbank6                                      bank6        000000
__Hbank7                                      bank7        000000
__Hbank8                                      bank8        000000
__Hbank9                                      bank9        000000
__Hbigbss                                     bigbss       000000
__Hbigdata                                    bigdata      000000
__Hbigram                                     bigram       000000
__Hbigsfr                                     bigsfr       000000
__Hbss                                        bss          000000
__HbssBANK0                                   bssBANK0     000000
__HbssBANK1                                   bssBANK1     000000
__HbssCOMRAM                                  bssCOMRAM    000000
__Hcinit                                      cinit        000000
__Hclrtext                                    clrtext      000000
__Hcomram                                     comram       000000
__Hconfig                                     config       30000A
__Hconst                                      const        000000
__HcstackBANK0                                cstackBANK0  000000
__HcstackBANK1                                cstackBANK1  000000
__HcstackCOMRAM                               cstackCOMRAM 000000
__Hdata                                       data         000000
__HdataBANK0                                  dataBANK0    000000
__HdataCOMRAM                                 dataCOMRAM   000000
__Heeprom_data                                eeprom_data  000000
__Hfarbss                                     farbss       000000
__Hfardata                                    fardata      000000
__Hheap                                       heap         000000
__Hibigdata                                   ibigdata     000000
__Hidata                                      idata        000000
__HidataBANK0                                 idataBANK0   000000
__HidataCOMRAM                                idataCOMRAM  000000
__Hidloc                                      idloc        200010
__Hifardata                                   ifardata     000000
__Hinit                                       init         0000B2
__Hintsave_regs                               intsave_regs 000000
__Hirdata                                     irdata       000000
__Hivt0x8                                     ivt0x8       0000AE
__Hmediumconst                                mediumconst  000000
__HnvBANK0                                    nvBANK0      000000
__HnvCOMRAM                                   nvCOMRAM     000000
__HnvFARRAM                                   nvFARRAM     000000
__Hnvbit                                      nvbit        000000
__Hnvrram                                     nvrram       000000
__Hparam                                      rparam       000000
__Hpowerup                                    powerup      000000
__Hram                                        ram          000000
__Hramtop                                     ramtop       001000
__Hrbit                                       rbit         000000
__Hrbss                                       rbss         000000
__Hrdata                                      rdata        000000
__Hreset_vec                                  reset_vec    000004
__Hrparam                                     rparam       000000
__Hsfr                                        sfr          000000
__Hsmallconst                                 smallconst   001014
__Hspace_0                                    (abs)        00333B
__Hspace_1                                    (abs)        00012C
__Hspace_2                                    (abs)        000000
__Hspace_4                                    (abs)        60000A
__Hstack                                      stack        000000
__Hstruct                                     struct       000000
__Htemp                                       temp         000000
__Htext                                       text         000000
__Htext0                                      text0        000000
__Htext1                                      text1        000000
__Htext10                                     text10       000000
__Htext11                                     text11       000000
__Htext12                                     text12       000000
__Htext13                                     text13       000000
__Htext14                                     text14       000000
__Htext15                                     text15       000000
__Htext16                                     text16       000000
__Htext17                                     text17       000000
__Htext18                                     text18       000000
__Htext19                                     text19       000000
__Htext2                                      text2        000000
__Htext20                                     text20       000000
__Htext21                                     text21       000000
__Htext22                                     text22       000000
__Htext23                                     text23       000000
__Htext24                                     text24       000000
__Htext25                                     text25       000000
__Htext26                                     text26       000000
__Htext27                                     text27       000000
__Htext28                                     text28       000000
__Htext29                                     text29       000000
__Htext3                                      text3        000000
__Htext30                                     text30       000000
__Htext31                                     text31       000000
__Htext32                                     text32       000000
__Htext33                                     text33       000000
__Htext34                                     text34       000000
__Htext35                                     text35       000000
__Htext36                                     text36       000000
__Htext37                                     text37       000000
__Htext38                                     text38       000000
__Htext39                                     text39       000000
__Htext4                                      text4        000000
__Htext40                                     text40       000000
__Htext41                                     text41       000000
__Htext42                                     text42       000000
__Htext43                                     text43       000000
__Htext44                                     text44       000000
__Htext45                                     text45       000000
__Htext46                                     text46       000000
__Htext47                                     text47       000000
__Htext48                                     text48       000000
__Htext49                                     text49       000000
__Htext5                                      text5        000000
__Htext50                                     text50       000000
__Htext51                                     text51       000000
__Htext52                                     text52       000000
__Htext53                                     text53       000000
__Htext54                                     text54       000000
__Htext55                                     text55       000000
__Htext56                                     text56       000000
__Htext57                                     text57       000000
__Htext58                                     text58       000000
__Htext59                                     text59       000000
__Htext6                                      text6        000000
__Htext60                                     text60       000000
__Htext61                                     text61       000000
__Htext62                                     text62       000000
__Htext63                                     text63       000000
__Htext64                                     text64       000000
__Htext65                                     text65       000000
__Htext66                                     text66       000000
__Htext67                                     text67       000000
__Htext68                                     text68       000000
__Htext69                                     text69       000000
__Htext7                                      text7        000000
__Htext70                                     text70       000000
__Htext71                                     text71       000000
__Htext72                                     text72       000000
__Htext73                                     text73       000000
__Htext74                                     text74       000000
__Htext75                                     text75       000000
__Htext76                                     text76       000000
__Htext77                                     text77       000000
__Htext78                                     text78       000000
__Htext79                                     text79       000000
__Htext8                                      text8        000000
__Htext80                                     text80       000000
__Htext81                                     text81       000000
__Htext9                                      text9        000000
__LRAM                                        (abs)        000001
__Labs1                                       abs1         000000
__Lbank0                                      bank0        000000
__Lbank1                                      bank1        000000
__Lbank10                                     bank10       000000
__Lbank11                                     bank11       000000
__Lbank12                                     bank12       000000
__Lbank13                                     bank13       000000
__Lbank14                                     bank14       000000
__Lbank15                                     bank15       000000
__Lbank2                                      bank2        000000
__Lbank3                                      bank3        000000
__Lbank4                                      bank4        000000
__Lbank5                                      bank5        000000
__Lbank6                                      bank6        000000
__Lbank7                                      bank7        000000
__Lbank8                                      bank8        000000
__Lbank9                                      bank9        000000
__Lbigbss                                     bigbss       000000
__Lbigdata                                    bigdata      000000
__Lbigram                                     bigram       000000
__Lbigsfr                                     bigsfr       000000
__Lbss                                        bss          000000
__LbssBANK0                                   bssBANK0     000000
__LbssBANK1                                   bssBANK1     000000
__LbssCOMRAM                                  bssCOMRAM    000000
__Lcinit                                      cinit        000000
__Lclrtext                                    clrtext      000000
__Lcomram                                     comram       000000
__Lconfig                                     config       000000
__Lconst                                      const        000000
__LcstackBANK0                                cstackBANK0  000000
__LcstackBANK1                                cstackBANK1  000000
__LcstackCOMRAM                               cstackCOMRAM 000000
__Ldata                                       data         000000
__LdataBANK0                                  dataBANK0    000000
__LdataCOMRAM                                 dataCOMRAM   000000
__Leeprom_data                                eeprom_data  000000
__Lfarbss                                     farbss       000000
__Lfardata                                    fardata      000000
__Lheap                                       heap         000000
__Libigdata                                   ibigdata     000000
__Lidata                                      idata        000000
__LidataBANK0                                 idataBANK0   000000
__LidataCOMRAM                                idataCOMRAM  000000
__Lidloc                                      idloc        000000
__Lifardata                                   ifardata     000000
__Linit                                       init         0000AE
__Lintsave_regs                               intsave_regs 000000
__Lirdata                                     irdata       000000
__Livt0x8                                     ivt0x8       000008
__Lmediumconst                                mediumconst  000000
__LnvBANK0                                    nvBANK0      000000
__LnvCOMRAM                                   nvCOMRAM     000000
__LnvFARRAM                                   nvFARRAM     000000
__Lnvbit                                      nvbit        000000
__Lnvrram                                     nvrram       000000
__Lparam                                      rparam       000000
__Lpowerup                                    powerup      000000
__Lram                                        ram          000000
__Lramtop                                     ramtop       001000
__Lrbit                                       rbit         000000
__Lrbss                                       rbss         000000
__Lrdata                                      rdata        000000
__Lreset_vec                                  reset_vec    000000
__Lrparam                                     rparam       000000
__Lsfr                                        sfr          000000
__Lsmallconst                                 smallconst   001000
__Lspace_0                                    (abs)        000000
__Lspace_1                                    (abs)        000000
__Lspace_2                                    (abs)        000000
__Lspace_4                                    (abs)        000000
__Lstack                                      stack        000000
__Lstruct                                     struct       000000
__Ltemp                                       temp         000000
__Ltext                                       text         000000
__Ltext0                                      text0        000000
__Ltext1                                      text1        000000
__Ltext10                                     text10       000000
__Ltext11                                     text11       000000
__Ltext12                                     text12       000000
__Ltext13                                     text13       000000
__Ltext14                                     text14       000000
__Ltext15                                     text15       000000
__Ltext16                                     text16       000000
__Ltext17                                     text17       000000
__Ltext18                                     text18       000000
__Ltext19                                     text19       000000
__Ltext2                                      text2        000000
__Ltext20                                     text20       000000
__Ltext21                                     text21       000000
__Ltext22                                     text22       000000
__Ltext23                                     text23       000000
__Ltext24                                     text24       000000
__Ltext25                                     text25       000000
__Ltext26                                     text26       000000
__Ltext27                                     text27       000000
__Ltext28                                     text28       000000
__Ltext29                                     text29       000000
__Ltext3                                      text3        000000
__Ltext30                                     text30       000000
__Ltext31                                     text31       000000
__Ltext32                                     text32       000000
__Ltext33                                     text33       000000
__Ltext34                                     text34       000000
__Ltext35                                     text35       000000
__Ltext36                                     text36       000000
__Ltext37                                     text37       000000
__Ltext38                                     text38       000000
__Ltext39                                     text39       000000
__Ltext4                                      text4        000000
__Ltext40                                     text40       000000
__Ltext41                                     text41       000000
__Ltext42                                     text42       000000
__Ltext43                                     text43       000000
__Ltext44                                     text44       000000
__Ltext45                                     text45       000000
__Ltext46                                     text46       000000
__Ltext47                                     text47       000000
__Ltext48                                     text48       000000
__Ltext49                                     text49       000000
__Ltext5                                      text5        000000
__Ltext50                                     text50       000000
__Ltext51                                     text51       000000
__Ltext52                                     text52       000000
__Ltext53                                     text53       000000
__Ltext54                                     text54       000000
__Ltext55                                     text55       000000
__Ltext56                                     text56       000000
__Ltext57                                     text57       000000
__Ltext58                                     text58       000000
__Ltext59                                     text59       000000
__Ltext6                                      text6        000000
__Ltext60                                     text60       000000
__Ltext61                                     text61       000000
__Ltext62                                     text62       000000
__Ltext63                                     text63       000000
__Ltext64                                     text64       000000
__Ltext65                                     text65       000000
__Ltext66                                     text66       000000
__Ltext67                                     text67       000000
__Ltext68                                     text68       000000
__Ltext69                                     text69       000000
__Ltext7                                      text7        000000
__Ltext70                                     text70       000000
__Ltext71                                     text71       000000
__Ltext72                                     text72       000000
__Ltext73                                     text73       000000
__Ltext74                                     text74       000000
__Ltext75                                     text75       000000
__Ltext76                                     text76       000000
__Ltext77                                     text77       000000
__Ltext78                                     text78       000000
__Ltext79                                     text79       000000
__Ltext8                                      text8        000000
__Ltext80                                     text80       000000
__Ltext81                                     text81       000000
__Ltext9                                      text9        000000
__S0                                          (abs)        00333B
__S1                                          (abs)        00012C
__S4                                          (abs)        000000
__S5                                          (abs)        000000
___aldiv                                      text21       002008
___aldiv@counter                              cstackBANK0  000068
___aldiv@dividend                             cstackBANK0  000060
___aldiv@divisor                              cstackBANK0  000064
___aldiv@quotient                             cstackBANK0  00006A
___aldiv@sign                                 cstackBANK0  000069
___aodiv                                      text15       001D18
___aodiv@counter                              cstackBANK0  000070
___aodiv@dividend                             cstackBANK0  000060
___aodiv@divisor                              cstackBANK0  000068
___aodiv@quotient                             cstackBANK0  000072
___aodiv@sign                                 cstackBANK0  000071
___aomod                                      text14       001EA2
___aomod@counter                              cstackCOMRAM 000020
___aomod@dividend                             cstackBANK0  000060
___aomod@divisor                              cstackBANK0  000068
___aomod@sign                                 cstackCOMRAM 000021
___awdiv                                      text25       002496
___awdiv@counter                              cstackBANK0  000064
___awdiv@dividend                             cstackBANK0  000060
___awdiv@divisor                              cstackBANK0  000062
___awdiv@quotient                             cstackBANK0  000066
___awdiv@sign                                 cstackBANK0  000065
___flmul                                      text24       001014
___flmul@a                                    cstackBANK0  00007A
___flmul@aexp                                 cstackBANK0  000083
___flmul@b                                    cstackBANK0  000076
___flmul@bexp                                 cstackBANK0  000088
___flmul@grs                                  cstackBANK0  000084
___flmul@prod                                 cstackBANK0  000089
___flmul@sign                                 cstackBANK0  000082
___flmul@temp                                 cstackBANK0  00008D
___fltol                                      text23       002116
___fltol@exp1                                 cstackCOMRAM 000021
___fltol@f1                                   cstackBANK0  00008F
___fltol@sign1                                cstackCOMRAM 000020
___heap_hi                                    (abs)        000000
___heap_lo                                    (abs)        000000
___inthi_sp                                   stack        000000
___intlo_sp                                   stack        000000
___param_bank                                 (abs)        000000
___rparam_used                                (abs)        000001
___sp                                         stack        000000
___xxtofl                                     text22       001B60
___xxtofl@arg                                 cstackBANK0  000072
___xxtofl@exp                                 cstackBANK0  000071
___xxtofl@sign                                cstackBANK0  000070
___xxtofl@val                                 cstackBANK0  000068
__accesstop                                   (abs)        000060
__activetblptr                                (abs)        000003
__end_of_ADCC_GetSingleConversion             text27       002EC4
__end_of_ADCC_Initialize                      text55       0029E4
__end_of_CCP3_CaptureISR                      text69       002BC4
__end_of_CCP3_DefaultCallBack                 text70       003050
__end_of_CCP3_Initialize                      text53       002FF4
__end_of_CCP3_SetCallBack                     text54       00331C
__end_of_CCP4_CaptureISR                      text71       002C10
__end_of_CCP4_DefaultCallBack                 text72       00307E
__end_of_CCP4_Initialize                      text51       002FC6
__end_of_CCP4_SetCallBack                     text52       003312
__end_of_CLC3_Initialize                      text50       0030D6
__end_of_Default_ISR                          text68       00333A
__end_of_INTERRUPT_Initialize                 text49       002B78
__end_of_OSCILLATOR_Initialize                text48       003294
__end_of_PIN_MANAGER_Initialize               text47       0023CE
__end_of_PMD_Initialize                       text46       0031A4
__end_of_PWM5_Initialize                      text45       00327C
__end_of_PWM6_Initialize                      text44       003264
__end_of_PWM7_Initialize                      text43       00324C
__end_of_PWM7_LoadDutyValue                   text19       002F68
__end_of_PWM8_Initialize                      text42       003234
__end_of_PWM8_LoadDutyValue                   text18       002F32
__end_of_SMT1_Initialize                      text41       002F98
__end_of_SMT1_Overflow_ISR                    text80       003180
__end_of_SMT1_PR_ACQ_ISR                      text78       002D3A
__end_of_SMT1_PW_ACQ_ISR                      text79       002A38
__end_of_SYSTEM_Initialize                    text28       002C5A
__end_of_TMR2_Initialize                      text40       003200
__end_of_TMR3_Initialize                      text39       002EFC
__end_of_TMR4_10msISR                         text66       003330
__end_of_TMR4_CallBack                        text65       003022
__end_of_TMR4_DefaultInterruptHandler         text67       003336
__end_of_TMR4_ISR                             text64       002B2C
__end_of_TMR4_Initialize                      text37       0030AA
__end_of_TMR4_SetInterruptHandler             text38       003308
__end_of_TMR5_DefaultGateInterruptHandler     text74       00321C
__end_of_TMR5_GATE_ISR                        text73       002CEE
__end_of_TMR5_Initialize                      text35       002CA4
__end_of_TMR5_ReadTimer                       text77       0031C8
__end_of_TMR5_Reload                          text75       0032B8
__end_of_TMR5_SetGateInterruptHandler         text36       0032FE
__end_of_TMR5_WriteTimer                      text76       00312E
__end_of_UART1_DefaultErrorHandler            text62       00332A
__end_of_UART1_DefaultFramingErrorHandler     text61       003334
__end_of_UART1_DefaultOverrunErrorHandler     text60       003332
__end_of_UART1_Initialize                     text29       0026C0
__end_of_UART1_Receive_ISR                    text59       00261C
__end_of_UART1_RxDataHandler                  text63       003102
__end_of_UART1_SetErrorHandler                text34       0032F4
__end_of_UART1_SetFramingErrorHandler         text33       0032EA
__end_of_UART1_SetOverrunErrorHandler         text32       0032E0
__end_of_UART1_SetRxInterruptHandler          text31       0032D6
__end_of_UART1_SetTxInterruptHandler          text30       0032CC
__end_of_UART1_Transmit_ISR                   text57       002E0A
__end_of_UART1_Write                          text12       002988
__end_of_UART1_rx_vect_isr                    text58       002ADC
__end_of_UART1_tx_vect_isr                    text56       002A8A
__end_of___aldiv                              text21       002116
__end_of___aodiv                              text15       001EA2
__end_of___aomod                              text14       002008
__end_of___awdiv                              text25       00255C
__end_of___flmul                              text24       001464
__end_of___fltol                              text23       00221E
__end_of___xxtofl                             text22       001D18
__end_of__initialization                      cinit        002858
__end_of_abs                                  text13       002E4C
__end_of_actSpeed                             text20       00275A
__end_of_calcLenkung                          text26       002DC6
__end_of_calcMotorPow                         text16       001B60
__end_of_dtoa                                 text6        00174A
__end_of_fputc                                text10       0027F2
__end_of_fputs                                text9        002D82
__end_of_loop                                 text1        00292C
__end_of_main                                 text0        0031E4
__end_of_outBatteryVoltage                    text2        0032AA
__end_of_pad                                  text7        002496
__end_of_printf                               text3        003156
__end_of_putch                                text11       0032C2
__end_of_setMotor                             text17       002304
__end_of_strlen                               text8        002E88
__end_of_vfpfcnvrt                            text5        001958
__end_of_vfprintf                             text4        0028C6
__initialization                              cinit        0027F2
__mediumconst                                 mediumconst  000000
__pbssBANK0                                   bssBANK0     0000B0
__pbssBANK1                                   bssBANK1     000100
__pbssCOMRAM                                  bssCOMRAM    000023
__pcinit                                      cinit        0027F2
__pcstackBANK0                                cstackBANK0  000060
__pcstackBANK1                                cstackBANK1  000120
__pcstackCOMRAM                               cstackCOMRAM 000001
__pdataBANK0                                  dataBANK0    0000F7
__pdataCOMRAM                                 dataCOMRAM   000040
__pidataBANK0                                 idataBANK0   00331C
__pidataCOMRAM                                idataCOMRAM  00333A
__pivt0x8                                     ivt0x8       000008
__pnvBANK0                                    nvBANK0      0000E1
__pnvCOMRAM                                   nvCOMRAM     00003D
__psmallconst                                 smallconst   001000
__ptext0                                      text0        0031C8
__ptext1                                      text1        0028C6
__ptext10                                     text10       00275A
__ptext11                                     text11       0032B8
__ptext12                                     text12       00292C
__ptext13                                     text13       002E0A
__ptext14                                     text14       001EA2
__ptext15                                     text15       001D18
__ptext16                                     text16       001958
__ptext17                                     text17       00221E
__ptext18                                     text18       002EFC
__ptext19                                     text19       002F32
__ptext2                                      text2        003294
__ptext20                                     text20       0026C0
__ptext21                                     text21       002008
__ptext22                                     text22       001B60
__ptext23                                     text23       002116
__ptext24                                     text24       001014
__ptext25                                     text25       002496
__ptext26                                     text26       002D82
__ptext27                                     text27       002E88
__ptext28                                     text28       002C10
__ptext29                                     text29       00261C
__ptext3                                      text3        00312E
__ptext30                                     text30       0032C2
__ptext31                                     text31       0032CC
__ptext32                                     text32       0032D6
__ptext33                                     text33       0032E0
__ptext34                                     text34       0032EA
__ptext35                                     text35       002C5A
__ptext36                                     text36       0032F4
__ptext37                                     text37       00307E
__ptext38                                     text38       0032FE
__ptext39                                     text39       002EC4
__ptext4                                      text4        00285E
__ptext40                                     text40       0031E4
__ptext41                                     text41       002F68
__ptext42                                     text42       00321C
__ptext43                                     text43       003234
__ptext44                                     text44       00324C
__ptext45                                     text45       003264
__ptext46                                     text46       003180
__ptext47                                     text47       002304
__ptext48                                     text48       00327C
__ptext49                                     text49       002B2C
__ptext5                                      text5        00174A
__ptext50                                     text50       0030AA
__ptext51                                     text51       002F98
__ptext52                                     text52       003308
__ptext53                                     text53       002FC6
__ptext54                                     text54       003312
__ptext55                                     text55       002988
__ptext56                                     text56       002A38
__ptext57                                     text57       002DC6
__ptext58                                     text58       002A8C
__ptext59                                     text59       00255C
__ptext6                                      text6        001464
__ptext60                                     text60       003330
__ptext61                                     text61       003332
__ptext62                                     text62       003324
__ptext63                                     text63       0030D6
__ptext64                                     text64       002ADC
__ptext65                                     text65       002FF4
__ptext66                                     text66       00332A
__ptext67                                     text67       003334
__ptext68                                     text68       003338
__ptext69                                     text69       002B78
__ptext7                                      text7        0023CE
__ptext70                                     text70       003022
__ptext71                                     text71       002BC4
__ptext72                                     text72       003050
__ptext73                                     text73       002CA4
__ptext74                                     text74       003200
__ptext75                                     text75       0032AA
__ptext76                                     text76       003102
__ptext77                                     text77       0031A4
__ptext78                                     text78       002CF0
__ptext79                                     text79       0029E4
__ptext8                                      text8        002E4C
__ptext80                                     text80       003158
__ptext81                                     text81       000000
__ptext9                                      text9        002D3A
__ramtop                                      ramtop       001000
__smallconst                                  smallconst   001000
_abs                                          text13       002E0A
_actMotorPow                                  bssBANK0     0000D6
_actSpeed                                     text20       0026C0
_calcLenkung                                  text26       002D82
_calcMotorPow                                 text16       001958
_currentSpeed                                 bssBANK0     0000DC
_cycle10ms                                    bssBANK0     0000E0
_dbuf                                         bssBANK1     000100
_defaultMotorPowerBackward                    dataBANK0    0000F7
_defaultMotorPowerForward                     dataBANK0    0000F9
_distFront                                    bssCOMRAM    000029
_distLeft                                     bssCOMRAM    000031
_distLeftM                                    bssCOMRAM    00002F
_distRight                                    bssCOMRAM    00002D
_distRightM                                   bssCOMRAM    00002B
_dtoa                                         text6        001464
_dtoa$3416                                    cstackBANK0  00008C
_fahrModus                                    dataCOMRAM   000040
_flags                                        bssCOMRAM    000023
_fputc                                        text10       00275A
_fputs                                        text9        002D3A
_loop                                         text1        0028C6
_main                                         text0        0031C8
_maxMPowBackward                              dataBANK0    0000FB
_maxMPowForward                               dataBANK0    0000FD
_motPow                                       bssCOMRAM    000025
_nout                                         bssBANK0     0000D0
_oldSpeed                                     bssBANK0     0000DA
_oldSpeedDelta                                bssBANK0     0000D8
_outBatteryVoltage                            text2        003294
_pad                                          text7        0023CE
_prec                                         bssBANK0     0000D4
_printf                                       text3        00312E
_putch                                        text11       0032B8
_setMotor                                     text17       00221E
_setSpeed                                     bssBANK0     0000DE
_smtDuty                                      bssBANK0     0000CC
_smtPeriod                                    bssCOMRAM    000039
_smtWay                                       bssBANK0     0000C8
_strlen                                       text8        002E4C
_timer3ReloadVal                              nvBANK0      0000E5
_timer5ReloadVal                              nvBANK0      0000E9
_uart1RxBuffer                                bssBANK0     0000B8
_uart1RxCount                                 bssCOMRAM    000034
_uart1RxHead                                  bssCOMRAM    000036
_uart1RxLastError                             bssCOMRAM    000033
_uart1RxStatusBuffer                          bssBANK0     0000B0
_uart1RxTail                                  bssCOMRAM    000035
_uart1TxBuffer                                bssBANK0     0000C0
_uart1TxBufferRemaining                       nvCOMRAM     00003F
_uart1TxHead                                  bssCOMRAM    000038
_uart1TxTail                                  bssCOMRAM    000037
_vfpfcnvrt                                    text5        00174A
_vfprintf                                     text4        00285E
_width                                        bssBANK0     0000D2
abs@a                                         cstackBANK0  000070
actSpeed@speed                                cstackBANK0  00006E
calcMotorPow@addMPow                          cstackBANK0  00009F
calcMotorPow@factor                           cstackBANK0  000099
calcMotorPow@setSpeedDelta                    cstackBANK0  00009D
dtoa@d                                        cstackBANK0  00007C
dtoa@fp                                       cstackBANK0  00007A
dtoa@i                                        cstackBANK0  00009C
dtoa@n                                        cstackBANK0  000094
dtoa@p                                        cstackBANK0  00008E
dtoa@s                                        cstackBANK0  000092
dtoa@w                                        cstackBANK0  000090
end_of_initialization                         cinit        002858
fputc@c                                       cstackBANK0  000060
fputc@fp                                      cstackBANK0  000062
fputs@c                                       cstackBANK0  00006D
fputs@fp                                      cstackBANK0  00006B
fputs@i                                       cstackBANK0  00006E
fputs@s                                       cstackBANK0  000069
intlevel0                                     text         000000
intlevel1                                     text         000000
intlevel2                                     text         000000
intlevel3                                     text         000000
isa$std                                       (abs)        000001
isa$xinst                                     (abs)        000000
ivt0x8_base                                   ivt0x8       000008
ivt0x8_undefint                               ivt0x8       0000AC
pad@buf                                       cstackBANK0  000072
pad@fp                                        cstackBANK0  000070
pad@i                                         cstackBANK0  000076
pad@p                                         cstackBANK0  000074
pad@w                                         cstackBANK0  000078
printf@ap                                     cstackBANK1  00012A
printf@fmt                                    cstackBANK1  000126
putch@txData                                  cstackCOMRAM 000021
setMotor@MotorPower                           cstackBANK0  000062
stackhi                                       (abs)        000000
stacklo                                       (abs)        000000
start                                         init         0000AE
start_initialization                          cinit        0027F2
strlen@a                                      cstackBANK0  000060
strlen@s                                      cstackCOMRAM 000020
vfpfcnvrt@ap                                  cstackBANK0  0000A2
vfpfcnvrt@fmt                                 cstackBANK0  0000A0
vfpfcnvrt@fp                                  cstackBANK0  00009E
vfpfcnvrt@ll                                  cstackBANK0  0000A6
vfprintf@ap                                   cstackBANK1  000124
vfprintf@cfmt                                 cstackBANK0  0000AE
vfprintf@fmt                                  cstackBANK1  000122
vfprintf@fp                                   cstackBANK1  000120


MODULE INFORMATION

Module		Function		Class		Link	Load	Size
mcc_generated_files/pwm8.c
		_PWM8_LoadDutyValue		CODE           	2EFC	0000	54
		_PWM8_Initialize		CODE           	321C	0000	24

mcc_generated_files/pwm8.c estimated size: 78

C:\Program Files\Microchip\xc8\v2.36\pic\sources\c99\common\nf_fputs.c
		_fputs         		CODE           	2D3A	0000	72

C:\Program Files\Microchip\xc8\v2.36\pic\sources\c99\common\nf_fputs.c estimated size: 72

C:\Program Files\Microchip\xc8\v2.36\pic\sources\c99\common\printf.c
		_printf        		CODE           	312E	0000	40

C:\Program Files\Microchip\xc8\v2.36\pic\sources\c99\common\printf.c estimated size: 40

C:\Program Files\Microchip\xc8\v2.36\pic\sources\c99\common\aomod.c
		___aomod       		CODE           	1EA2	0000	358

C:\Program Files\Microchip\xc8\v2.36\pic\sources\c99\common\aomod.c estimated size: 358

mcc_generated_files/pwm6.c
		_PWM6_Initialize		CODE           	324C	0000	24

mcc_generated_files/pwm6.c estimated size: 24

C:\Program Files\Microchip\xc8\v2.36\pic\sources\c99\common\sprcmul.c
		___flmul       		CODE           	1014	0000	1104

C:\Program Files\Microchip\xc8\v2.36\pic\sources\c99\common\sprcmul.c estimated size: 1104

mcc_generated_files/tmr4.c
		_TMR4_ISR      		CODE           	2ADC	0000	80
		_TMR4_Initialize		CODE           	307E	0000	44
		_TMR4_SetInterruptHandler		CODE           	32FE	0000	10
		_TMR4_DefaultInterruptHandler		CODE           	3334	0000	2
		_TMR4_CallBack 		CODE           	2FF4	0000	46

mcc_generated_files/tmr4.c estimated size: 182

mcc_generated_files/tmr2.c
		_TMR2_Initialize		CODE           	31E4	0000	28

mcc_generated_files/tmr2.c estimated size: 28

mcc_generated_files/interrupt_manager.c
		_INTERRUPT_Initialize		CODE           	2B2C	0000	76
		_Default_ISR   		CODE           	3338	0000	2

mcc_generated_files/interrupt_manager.c estimated size: 78

C:\Program Files\Microchip\xc8\v2.36\pic\sources\c99\common\xxtofl.c
		___xxtofl      		CODE           	1B60	0000	440

C:\Program Files\Microchip\xc8\v2.36\pic\sources\c99\common\xxtofl.c estimated size: 440

mcc_generated_files/pin_manager.c
		_PIN_MANAGER_Initialize		CODE           	2304	0000	202

mcc_generated_files/pin_manager.c estimated size: 202

C:\Program Files\Microchip\xc8\v2.36\pic\sources\c99\common\strlen.c
		_strlen        		CODE           	2E4C	0000	60

C:\Program Files\Microchip\xc8\v2.36\pic\sources\c99\common\strlen.c estimated size: 60

mcc_generated_files/ccp4.c
		_CCP4_SetCallBack		CODE           	3308	0000	10
		_CCP4_CaptureISR		CODE           	2BC4	0000	76
		_CCP4_DefaultCallBack		CODE           	3050	0000	46
		_CCP4_Initialize		CODE           	2F98	0000	46

mcc_generated_files/ccp4.c estimated size: 178

C:\Program Files\Microchip\xc8\v2.36\pic\sources\c99\common\aodiv.c
		___aodiv       		CODE           	1D18	0000	394

C:\Program Files\Microchip\xc8\v2.36\pic\sources\c99\common\aodiv.c estimated size: 394

C:\Program Files\Microchip\xc8\v2.36\pic\sources\c99\common\nf_fputc.c
		_fputc         		CODE           	275A	0000	152

C:\Program Files\Microchip\xc8\v2.36\pic\sources\c99\common\nf_fputc.c estimated size: 152

mcc_generated_files/uart1.c
		_UART1_rx_vect_isr		CODE           	2A8C	0000	80
		_UART1_Write   		CODE           	292C	0000	92
		_putch         		CODE           	32B8	0000	10
		_UART1_SetFramingErrorHandler		CODE           	32E0	0000	10
		_UART1_SetOverrunErrorHandler		CODE           	32D6	0000	10
		_UART1_tx_vect_isr		CODE           	2A38	0000	82
		_UART1_Receive_ISR		CODE           	255C	0000	192
		_UART1_SetRxInterruptHandler		CODE           	32CC	0000	10
		_UART1_SetTxInterruptHandler		CODE           	32C2	0000	10
		_UART1_Initialize		CODE           	261C	0000	164
		_UART1_SetErrorHandler		CODE           	32EA	0000	10
		_UART1_Transmit_ISR		CODE           	2DC6	0000	68
		_UART1_DefaultFramingErrorHandler		CODE           	3332	0000	2
		_UART1_DefaultErrorHandler		CODE           	3324	0000	6
		_UART1_RxDataHandler		CODE           	30D6	0000	44
		_UART1_DefaultOverrunErrorHandler		CODE           	3330	0000	2

mcc_generated_files/uart1.c estimated size: 792

mcc_generated_files/pwm7.c
		_PWM7_LoadDutyValue		CODE           	2F32	0000	54
		_PWM7_Initialize		CODE           	3234	0000	24

mcc_generated_files/pwm7.c estimated size: 78

C:\Program Files\Microchip\xc8\v2.36\pic\sources\c99\common\awdiv.c
		___awdiv       		CODE           	2496	0000	198

C:\Program Files\Microchip\xc8\v2.36\pic\sources\c99\common\awdiv.c estimated size: 198

C:\Program Files\Microchip\xc8\v2.36\pic\sources\c99\common\doprnt.c
		_vfpfcnvrt     		CODE           	174A	0000	526
		_pad           		CODE           	23CE	0000	200
		_dtoa          		CODE           	1464	0000	742
		_vfprintf      		CODE           	285E	0000	104

C:\Program Files\Microchip\xc8\v2.36\pic\sources\c99\common\doprnt.c estimated size: 1572

C:\Program Files\Microchip\xc8\v2.36\pic\sources\c99\common\fltol.c
		___fltol       		CODE           	2116	0000	264

C:\Program Files\Microchip\xc8\v2.36\pic\sources\c99\common\fltol.c estimated size: 264

mcc_generated_files/tmr5.c
		_TMR5_ReadTimer		CODE           	31A4	0000	36
		_TMR5_SetGateInterruptHandler		CODE           	32F4	0000	10
		_TMR5_GATE_ISR 		CODE           	2CA4	0000	74
		_TMR5_DefaultGateInterruptHandler		CODE           	3200	0000	28
		_TMR5_Initialize		CODE           	2C5A	0000	74
		_TMR5_Reload   		CODE           	32AA	0000	14
		_TMR5_WriteTimer		CODE           	3102	0000	44

mcc_generated_files/tmr5.c estimated size: 280

shared
		__initialization		CODE           	27F2	0000	102

shared estimated size: 102

mcc_generated_files/pwm5.c
		_PWM5_Initialize		CODE           	3264	0000	24

mcc_generated_files/pwm5.c estimated size: 24

mcc_generated_files/smt1.c
		_SMT1_Initialize		CODE           	2F68	0000	48
		_SMT1_PR_ACQ_ISR		CODE           	2CF0	0000	74
		_SMT1_PW_ACQ_ISR		CODE           	29E4	0000	84
		_SMT1_Overflow_ISR		CODE           	3158	0000	40

mcc_generated_files/smt1.c estimated size: 246

C:\Program Files\Microchip\xc8\v2.36\pic\sources\c99\common\aldiv.c
		___aldiv       		CODE           	2008	0000	270

C:\Program Files\Microchip\xc8\v2.36\pic\sources\c99\common\aldiv.c estimated size: 270

mcc_generated_files/mcc.c
		_PMD_Initialize		CODE           	3180	0000	36
		_OSCILLATOR_Initialize		CODE           	327C	0000	24
		_SYSTEM_Initialize		CODE           	2C10	0000	74

mcc_generated_files/mcc.c estimated size: 134

mcc_generated_files/tmr3.c
		_TMR3_Initialize		CODE           	2EC4	0000	56

mcc_generated_files/tmr3.c estimated size: 56

C:\Program Files\Microchip\xc8\v2.36\pic\sources\c99\common\abs.c
		_abs           		CODE           	2E0A	0000	66

C:\Program Files\Microchip\xc8\v2.36\pic\sources\c99\common\abs.c estimated size: 66

mcc_generated_files/adcc.c
		_ADCC_GetSingleConversion		CODE           	2E88	0000	60
		_ADCC_Initialize		CODE           	2988	0000	92

mcc_generated_files/adcc.c estimated size: 152

main.c
		_loop          		CODE           	28C6	0000	102
		_outBatteryVoltage		CODE           	3294	0000	22
		_main          		CODE           	31C8	0000	28
		_setMotor      		CODE           	221E	0000	230
		_calcMotorPow  		CODE           	1958	0000	520
		_actSpeed      		CODE           	26C0	0000	154
		_TMR4_10msISR  		CODE           	332A	0000	6
		_calcLenkung   		CODE           	2D82	0000	68

main.c estimated size: 1130

mcc_generated_files/clc3.c
		_CLC3_Initialize		CODE           	30AA	0000	44

mcc_generated_files/clc3.c estimated size: 44

mcc_generated_files/ccp3.c
		_CCP3_SetCallBack		CODE           	3312	0000	10
		_CCP3_CaptureISR		CODE           	2B78	0000	76
		_CCP3_DefaultCallBack		CODE           	3022	0000	46
		_CCP3_Initialize		CODE           	2FC6	0000	46

mcc_generated_files/ccp3.c estimated size: 178

